<!doctype html public "-//w3c//dtd html 4.0 transitional//en">
<html><head>
<title>Static Call Graph - [.\OBJ\Security_Alarm_System.axf]</title></head>
<body><HR>
<H1>Static Call Graph for image .\OBJ\Security_Alarm_System.axf</H1><HR>
<BR><P>#&#060CALLGRAPH&#062# ARM Linker, 5060750: Last Updated: Thu Mar 26 13:30:07 2020
<BR><P>
<H3>Maximum Stack Usage =       1272 bytes + Unknown(Functions without stacksize, Cycles, Untraceable Function Pointers)</H3><H3>
Call chain for Maximum Stack Depth:</H3>
__rt_entry_main &rArr; main &rArr; Bmp_Show &rArr; bmpFile &rArr; f_open &rArr; follow_path &rArr; dir_find &rArr; dir_next &rArr; create_chain &rArr; put_fat &rArr; move_window &rArr; disk_write &rArr; SD_WriteMultiBlocks &rArr; SD_LowLevel_DMA_TxConfig &rArr; DMA_Init
<P>
<H3>
Functions with no stack information
</H3><UL>
 <LI><a href="#[20a]">__user_initial_stackheap</a>
</UL>
</UL>
<P>
<H3>
Mutually Recursive functions
</H3> <LI><a href="#[1f]">ADC_IRQHandler</a>&nbsp;&nbsp;&nbsp;&rArr;&nbsp;&nbsp;&nbsp;<a href="#[1f]">ADC_IRQHandler</a><BR>
</UL>
<P>
<H3>
Function Pointers
</H3><UL>
 <LI><a href="#[1f]">ADC_IRQHandler</a> from startup_stm32f4xx.o(.text) referenced from startup_stm32f4xx.o(RESET)
 <LI><a href="#[7]">BusFault_Handler</a> from stm32f4xx_it.o(.text) referenced from startup_stm32f4xx.o(RESET)
 <LI><a href="#[21]">CAN1_RX0_IRQHandler</a> from startup_stm32f4xx.o(.text) referenced from startup_stm32f4xx.o(RESET)
 <LI><a href="#[22]">CAN1_RX1_IRQHandler</a> from startup_stm32f4xx.o(.text) referenced from startup_stm32f4xx.o(RESET)
 <LI><a href="#[23]">CAN1_SCE_IRQHandler</a> from startup_stm32f4xx.o(.text) referenced from startup_stm32f4xx.o(RESET)
 <LI><a href="#[20]">CAN1_TX_IRQHandler</a> from startup_stm32f4xx.o(.text) referenced from startup_stm32f4xx.o(RESET)
 <LI><a href="#[4d]">CAN2_RX0_IRQHandler</a> from startup_stm32f4xx.o(.text) referenced from startup_stm32f4xx.o(RESET)
 <LI><a href="#[4e]">CAN2_RX1_IRQHandler</a> from startup_stm32f4xx.o(.text) referenced from startup_stm32f4xx.o(RESET)
 <LI><a href="#[4f]">CAN2_SCE_IRQHandler</a> from startup_stm32f4xx.o(.text) referenced from startup_stm32f4xx.o(RESET)
 <LI><a href="#[4c]">CAN2_TX_IRQHandler</a> from startup_stm32f4xx.o(.text) referenced from startup_stm32f4xx.o(RESET)
 <LI><a href="#[5c]">CRYP_IRQHandler</a> from startup_stm32f4xx.o(.text) referenced from startup_stm32f4xx.o(RESET)
 <LI><a href="#[5b]">DCMI_IRQHandler</a> from startup_stm32f4xx.o(.text) referenced from startup_stm32f4xx.o(RESET)
 <LI><a href="#[18]">DMA1_Stream0_IRQHandler</a> from startup_stm32f4xx.o(.text) referenced from startup_stm32f4xx.o(RESET)
 <LI><a href="#[19]">DMA1_Stream1_IRQHandler</a> from startup_stm32f4xx.o(.text) referenced from startup_stm32f4xx.o(RESET)
 <LI><a href="#[1a]">DMA1_Stream2_IRQHandler</a> from startup_stm32f4xx.o(.text) referenced from startup_stm32f4xx.o(RESET)
 <LI><a href="#[1b]">DMA1_Stream3_IRQHandler</a> from startup_stm32f4xx.o(.text) referenced from startup_stm32f4xx.o(RESET)
 <LI><a href="#[1c]">DMA1_Stream4_IRQHandler</a> from startup_stm32f4xx.o(.text) referenced from startup_stm32f4xx.o(RESET)
 <LI><a href="#[1d]">DMA1_Stream5_IRQHandler</a> from startup_stm32f4xx.o(.text) referenced from startup_stm32f4xx.o(RESET)
 <LI><a href="#[1e]">DMA1_Stream6_IRQHandler</a> from startup_stm32f4xx.o(.text) referenced from startup_stm32f4xx.o(RESET)
 <LI><a href="#[3c]">DMA1_Stream7_IRQHandler</a> from startup_stm32f4xx.o(.text) referenced from startup_stm32f4xx.o(RESET)
 <LI><a href="#[45]">DMA2_Stream0_IRQHandler</a> from startup_stm32f4xx.o(.text) referenced from startup_stm32f4xx.o(RESET)
 <LI><a href="#[46]">DMA2_Stream1_IRQHandler</a> from startup_stm32f4xx.o(.text) referenced from startup_stm32f4xx.o(RESET)
 <LI><a href="#[47]">DMA2_Stream2_IRQHandler</a> from startup_stm32f4xx.o(.text) referenced from startup_stm32f4xx.o(RESET)
 <LI><a href="#[48]">DMA2_Stream3_IRQHandler</a> from startup_stm32f4xx.o(.text) referenced from startup_stm32f4xx.o(RESET)
 <LI><a href="#[49]">DMA2_Stream4_IRQHandler</a> from startup_stm32f4xx.o(.text) referenced from startup_stm32f4xx.o(RESET)
 <LI><a href="#[51]">DMA2_Stream5_IRQHandler</a> from startup_stm32f4xx.o(.text) referenced from startup_stm32f4xx.o(RESET)
 <LI><a href="#[52]">DMA2_Stream6_IRQHandler</a> from startup_stm32f4xx.o(.text) referenced from startup_stm32f4xx.o(RESET)
 <LI><a href="#[53]">DMA2_Stream7_IRQHandler</a> from startup_stm32f4xx.o(.text) referenced from startup_stm32f4xx.o(RESET)
 <LI><a href="#[a]">DebugMon_Handler</a> from stm32f4xx_it.o(.text) referenced from startup_stm32f4xx.o(RESET)
 <LI><a href="#[4a]">ETH_IRQHandler</a> from startup_stm32f4xx.o(.text) referenced from startup_stm32f4xx.o(RESET)
 <LI><a href="#[4b]">ETH_WKUP_IRQHandler</a> from startup_stm32f4xx.o(.text) referenced from startup_stm32f4xx.o(RESET)
 <LI><a href="#[13]">EXTI0_IRQHandler</a> from startup_stm32f4xx.o(.text) referenced from startup_stm32f4xx.o(RESET)
 <LI><a href="#[35]">EXTI15_10_IRQHandler</a> from startup_stm32f4xx.o(.text) referenced from startup_stm32f4xx.o(RESET)
 <LI><a href="#[14]">EXTI1_IRQHandler</a> from startup_stm32f4xx.o(.text) referenced from startup_stm32f4xx.o(RESET)
 <LI><a href="#[15]">EXTI2_IRQHandler</a> from startup_stm32f4xx.o(.text) referenced from startup_stm32f4xx.o(RESET)
 <LI><a href="#[16]">EXTI3_IRQHandler</a> from startup_stm32f4xx.o(.text) referenced from startup_stm32f4xx.o(RESET)
 <LI><a href="#[17]">EXTI4_IRQHandler</a> from startup_stm32f4xx.o(.text) referenced from startup_stm32f4xx.o(RESET)
 <LI><a href="#[24]">EXTI9_5_IRQHandler</a> from startup_stm32f4xx.o(.text) referenced from startup_stm32f4xx.o(RESET)
 <LI><a href="#[11]">FLASH_IRQHandler</a> from startup_stm32f4xx.o(.text) referenced from startup_stm32f4xx.o(RESET)
 <LI><a href="#[5e]">FPU_IRQHandler</a> from startup_stm32f4xx.o(.text) referenced from startup_stm32f4xx.o(RESET)
 <LI><a href="#[3d]">FSMC_IRQHandler</a> from startup_stm32f4xx.o(.text) referenced from startup_stm32f4xx.o(RESET)
 <LI><a href="#[5d]">HASH_RNG_IRQHandler</a> from startup_stm32f4xx.o(.text) referenced from startup_stm32f4xx.o(RESET)
 <LI><a href="#[5]">HardFault_Handler</a> from stm32f4xx_it.o(.text) referenced from startup_stm32f4xx.o(RESET)
 <LI><a href="#[2d]">I2C1_ER_IRQHandler</a> from startup_stm32f4xx.o(.text) referenced from startup_stm32f4xx.o(RESET)
 <LI><a href="#[2c]">I2C1_EV_IRQHandler</a> from startup_stm32f4xx.o(.text) referenced from startup_stm32f4xx.o(RESET)
 <LI><a href="#[2f]">I2C2_ER_IRQHandler</a> from startup_stm32f4xx.o(.text) referenced from startup_stm32f4xx.o(RESET)
 <LI><a href="#[2e]">I2C2_EV_IRQHandler</a> from startup_stm32f4xx.o(.text) referenced from startup_stm32f4xx.o(RESET)
 <LI><a href="#[56]">I2C3_ER_IRQHandler</a> from startup_stm32f4xx.o(.text) referenced from startup_stm32f4xx.o(RESET)
 <LI><a href="#[55]">I2C3_EV_IRQHandler</a> from startup_stm32f4xx.o(.text) referenced from startup_stm32f4xx.o(RESET)
 <LI><a href="#[6]">MemManage_Handler</a> from stm32f4xx_it.o(.text) referenced from startup_stm32f4xx.o(RESET)
 <LI><a href="#[4]">NMI_Handler</a> from stm32f4xx_it.o(.text) referenced from startup_stm32f4xx.o(RESET)
 <LI><a href="#[50]">OTG_FS_IRQHandler</a> from startup_stm32f4xx.o(.text) referenced from startup_stm32f4xx.o(RESET)
 <LI><a href="#[37]">OTG_FS_WKUP_IRQHandler</a> from startup_stm32f4xx.o(.text) referenced from startup_stm32f4xx.o(RESET)
 <LI><a href="#[58]">OTG_HS_EP1_IN_IRQHandler</a> from startup_stm32f4xx.o(.text) referenced from startup_stm32f4xx.o(RESET)
 <LI><a href="#[57]">OTG_HS_EP1_OUT_IRQHandler</a> from startup_stm32f4xx.o(.text) referenced from startup_stm32f4xx.o(RESET)
 <LI><a href="#[5a]">OTG_HS_IRQHandler</a> from startup_stm32f4xx.o(.text) referenced from startup_stm32f4xx.o(RESET)
 <LI><a href="#[59]">OTG_HS_WKUP_IRQHandler</a> from startup_stm32f4xx.o(.text) referenced from startup_stm32f4xx.o(RESET)
 <LI><a href="#[e]">PVD_IRQHandler</a> from startup_stm32f4xx.o(.text) referenced from startup_stm32f4xx.o(RESET)
 <LI><a href="#[b]">PendSV_Handler</a> from stm32f4xx_it.o(.text) referenced from startup_stm32f4xx.o(RESET)
 <LI><a href="#[12]">RCC_IRQHandler</a> from startup_stm32f4xx.o(.text) referenced from startup_stm32f4xx.o(RESET)
 <LI><a href="#[36]">RTC_Alarm_IRQHandler</a> from startup_stm32f4xx.o(.text) referenced from startup_stm32f4xx.o(RESET)
 <LI><a href="#[10]">RTC_WKUP_IRQHandler</a> from startup_stm32f4xx.o(.text) referenced from startup_stm32f4xx.o(RESET)
 <LI><a href="#[3]">Reset_Handler</a> from startup_stm32f4xx.o(.text) referenced from startup_stm32f4xx.o(RESET)
 <LI><a href="#[3e]">SDIO_IRQHandler</a> from stm32f4xx_it.o(.text) referenced from startup_stm32f4xx.o(RESET)
 <LI><a href="#[30]">SPI1_IRQHandler</a> from startup_stm32f4xx.o(.text) referenced from startup_stm32f4xx.o(RESET)
 <LI><a href="#[31]">SPI2_IRQHandler</a> from startup_stm32f4xx.o(.text) referenced from startup_stm32f4xx.o(RESET)
 <LI><a href="#[40]">SPI3_IRQHandler</a> from startup_stm32f4xx.o(.text) referenced from startup_stm32f4xx.o(RESET)
 <LI><a href="#[9]">SVC_Handler</a> from stm32f4xx_it.o(.text) referenced from startup_stm32f4xx.o(RESET)
 <LI><a href="#[c]">SysTick_Handler</a> from stm32f4xx_it.o(.text) referenced from startup_stm32f4xx.o(RESET)
 <LI><a href="#[5f]">SystemInit</a> from system_stm32f4xx.o(.text) referenced from startup_stm32f4xx.o(.text)
 <LI><a href="#[f]">TAMP_STAMP_IRQHandler</a> from startup_stm32f4xx.o(.text) referenced from startup_stm32f4xx.o(RESET)
 <LI><a href="#[25]">TIM1_BRK_TIM9_IRQHandler</a> from startup_stm32f4xx.o(.text) referenced from startup_stm32f4xx.o(RESET)
 <LI><a href="#[28]">TIM1_CC_IRQHandler</a> from startup_stm32f4xx.o(.text) referenced from startup_stm32f4xx.o(RESET)
 <LI><a href="#[27]">TIM1_TRG_COM_TIM11_IRQHandler</a> from tim.o(.text) referenced from startup_stm32f4xx.o(RESET)
 <LI><a href="#[26]">TIM1_UP_TIM10_IRQHandler</a> from tim.o(.text) referenced from startup_stm32f4xx.o(RESET)
 <LI><a href="#[29]">TIM2_IRQHandler</a> from startup_stm32f4xx.o(.text) referenced from startup_stm32f4xx.o(RESET)
 <LI><a href="#[2a]">TIM3_IRQHandler</a> from startup_stm32f4xx.o(.text) referenced from startup_stm32f4xx.o(RESET)
 <LI><a href="#[2b]">TIM4_IRQHandler</a> from sim808.o(.text) referenced from startup_stm32f4xx.o(RESET)
 <LI><a href="#[3f]">TIM5_IRQHandler</a> from startup_stm32f4xx.o(.text) referenced from startup_stm32f4xx.o(RESET)
 <LI><a href="#[43]">TIM6_DAC_IRQHandler</a> from startup_stm32f4xx.o(.text) referenced from startup_stm32f4xx.o(RESET)
 <LI><a href="#[44]">TIM7_IRQHandler</a> from tim.o(.text) referenced from startup_stm32f4xx.o(RESET)
 <LI><a href="#[38]">TIM8_BRK_TIM12_IRQHandler</a> from tim.o(.text) referenced from startup_stm32f4xx.o(RESET)
 <LI><a href="#[3b]">TIM8_CC_IRQHandler</a> from startup_stm32f4xx.o(.text) referenced from startup_stm32f4xx.o(RESET)
 <LI><a href="#[3a]">TIM8_TRG_COM_TIM14_IRQHandler</a> from tim.o(.text) referenced from startup_stm32f4xx.o(RESET)
 <LI><a href="#[39]">TIM8_UP_TIM13_IRQHandler</a> from tim.o(.text) referenced from startup_stm32f4xx.o(RESET)
 <LI><a href="#[41]">UART4_IRQHandler</a> from startup_stm32f4xx.o(.text) referenced from startup_stm32f4xx.o(RESET)
 <LI><a href="#[42]">UART5_IRQHandler</a> from startup_stm32f4xx.o(.text) referenced from startup_stm32f4xx.o(RESET)
 <LI><a href="#[32]">USART1_IRQHandler</a> from sim808.o(.text) referenced from startup_stm32f4xx.o(RESET)
 <LI><a href="#[33]">USART2_IRQHandler</a> from startup_stm32f4xx.o(.text) referenced from startup_stm32f4xx.o(RESET)
 <LI><a href="#[34]">USART3_IRQHandler</a> from startup_stm32f4xx.o(.text) referenced from startup_stm32f4xx.o(RESET)
 <LI><a href="#[54]">USART6_IRQHandler</a> from startup_stm32f4xx.o(.text) referenced from startup_stm32f4xx.o(RESET)
 <LI><a href="#[8]">UsageFault_Handler</a> from stm32f4xx_it.o(.text) referenced from startup_stm32f4xx.o(RESET)
 <LI><a href="#[d]">WWDG_IRQHandler</a> from startup_stm32f4xx.o(.text) referenced from startup_stm32f4xx.o(RESET)
 <LI><a href="#[69]">__main</a> from __main.o(!!!main) referenced from startup_stm32f4xx.o(.text)
 <LI><a href="#[68]">_get_lc_ctype</a> from lc_ctype_c.o(locale$$code) referenced from rt_ctype_table.o(.text)
 <LI><a href="#[63]">_printf_input_char</a> from _printf_char_common.o(.text) referenced from _printf_char_common.o(.text)
 <LI><a href="#[66]">_sbackspace</a> from _sgetc.o(.text) referenced from strtod.o(.text)
 <LI><a href="#[65]">_sgetc</a> from _sgetc.o(.text) referenced from strtod.o(.text)
 <LI><a href="#[62]">_snputc</a> from _snputc.o(.text) referenced from noretval__2snprintf.o(.text)
 <LI><a href="#[61]">_sputc</a> from _sputc.o(.text) referenced from noretval__2sprintf.o(.text)
 <LI><a href="#[64]">fputc</a> from usart.o(.text) referenced from _printf_char_file.o(.text)
 <LI><a href="#[67]">isspace</a> from isspace.o(.text) referenced from strtod.o(.text)
</UL>
<P>
<H3>
Global Symbols
</H3>
<P><STRONG><a name="[69]"></a>__main</STRONG> (Thumb, 8 bytes, Stack size 0 bytes, __main.o(!!!main))
<BR><BR>[Calls]<UL><LI><a href="#[6b]">&gt;&gt;</a>&nbsp;&nbsp;&nbsp;__rt_entry
<LI><a href="#[6a]">&gt;&gt;</a>&nbsp;&nbsp;&nbsp;__scatterload
</UL>

<P><STRONG><a name="[6a]"></a>__scatterload</STRONG> (Thumb, 0 bytes, Stack size unknown bytes, __scatter.o(!!!scatter))
<BR><BR>[Called By]<UL><LI><a href="#[69]">&gt;&gt;</a>&nbsp;&nbsp;&nbsp;__main
</UL>

<P><STRONG><a name="[6c]"></a>__scatterload_rt2</STRONG> (Thumb, 44 bytes, Stack size unknown bytes, __scatter.o(!!!scatter), UNUSED)
<BR><BR>[Calls]<UL><LI><a href="#[6b]">&gt;&gt;</a>&nbsp;&nbsp;&nbsp;__rt_entry
</UL>

<P><STRONG><a name="[23b]"></a>__scatterload_rt2_thumb_only</STRONG> (Thumb, 0 bytes, Stack size unknown bytes, __scatter.o(!!!scatter), UNUSED)

<P><STRONG><a name="[23c]"></a>__scatterload_null</STRONG> (Thumb, 0 bytes, Stack size unknown bytes, __scatter.o(!!!scatter), UNUSED)

<P><STRONG><a name="[23d]"></a>__decompress</STRONG> (Thumb, 100 bytes, Stack size unknown bytes, __dclz77c.o(!!dclz77c), UNUSED)

<P><STRONG><a name="[23e]"></a>__decompress2</STRONG> (Thumb, 0 bytes, Stack size unknown bytes, __dclz77c.o(!!dclz77c), UNUSED)

<P><STRONG><a name="[23f]"></a>__scatterload_zeroinit</STRONG> (Thumb, 28 bytes, Stack size unknown bytes, __scatter_zi.o(!!handler_zi), UNUSED)

<P><STRONG><a name="[6d]"></a>_printf_f</STRONG> (Thumb, 0 bytes, Stack size unknown bytes, _printf_f.o(.ARM.Collect$$_printf_percent$$00000003))
<BR><BR>[Stack]<UL><LI>Max Depth = 324 + Unknown Stack Size
<LI>Call Chain = _printf_f &rArr; _printf_fp_dec &rArr; _printf_fp_dec_real &rArr; _fp_digits &rArr; _btod_etento &rArr; _btod_emul &rArr; _e2e
</UL>
<BR>[Calls]<UL><LI><a href="#[6e]">&gt;&gt;</a>&nbsp;&nbsp;&nbsp;_printf_fp_dec
</UL>

<P><STRONG><a name="[1f8]"></a>_printf_percent</STRONG> (Thumb, 0 bytes, Stack size unknown bytes, _printf_percent.o(.ARM.Collect$$_printf_percent$$00000000))
<BR><BR>[Called By]<UL><LI><a href="#[1f6]">&gt;&gt;</a>&nbsp;&nbsp;&nbsp;__printf
</UL>

<P><STRONG><a name="[6f]"></a>_printf_i</STRONG> (Thumb, 0 bytes, Stack size unknown bytes, _printf_i.o(.ARM.Collect$$_printf_percent$$00000008))
<BR><BR>[Stack]<UL><LI>Max Depth = 72 + Unknown Stack Size
<LI>Call Chain = _printf_i &rArr; _printf_int_dec &rArr; _printf_int_common &rArr; _printf_post_padding
</UL>
<BR>[Calls]<UL><LI><a href="#[70]">&gt;&gt;</a>&nbsp;&nbsp;&nbsp;_printf_int_dec
</UL>

<P><STRONG><a name="[71]"></a>_printf_d</STRONG> (Thumb, 0 bytes, Stack size unknown bytes, _printf_d.o(.ARM.Collect$$_printf_percent$$00000009))
<BR><BR>[Stack]<UL><LI>Max Depth = 72 + Unknown Stack Size
<LI>Call Chain = _printf_d &rArr; _printf_int_dec &rArr; _printf_int_common &rArr; _printf_post_padding
</UL>
<BR>[Calls]<UL><LI><a href="#[70]">&gt;&gt;</a>&nbsp;&nbsp;&nbsp;_printf_int_dec
</UL>

<P><STRONG><a name="[72]"></a>_printf_u</STRONG> (Thumb, 0 bytes, Stack size unknown bytes, _printf_u.o(.ARM.Collect$$_printf_percent$$0000000A))
<BR><BR>[Stack]<UL><LI>Max Depth = 72 + Unknown Stack Size
<LI>Call Chain = _printf_u &rArr; _printf_int_dec &rArr; _printf_int_common &rArr; _printf_post_padding
</UL>
<BR>[Calls]<UL><LI><a href="#[70]">&gt;&gt;</a>&nbsp;&nbsp;&nbsp;_printf_int_dec
</UL>

<P><STRONG><a name="[73]"></a>_printf_x</STRONG> (Thumb, 0 bytes, Stack size unknown bytes, _printf_x.o(.ARM.Collect$$_printf_percent$$0000000C))
<BR><BR>[Stack]<UL><LI>Max Depth = 64 + Unknown Stack Size
<LI>Call Chain = _printf_x &rArr; _printf_int_hex &rArr; _printf_int_common &rArr; _printf_post_padding
</UL>
<BR>[Calls]<UL><LI><a href="#[74]">&gt;&gt;</a>&nbsp;&nbsp;&nbsp;_printf_int_hex
</UL>

<P><STRONG><a name="[75]"></a>_printf_s</STRONG> (Thumb, 0 bytes, Stack size unknown bytes, _printf_s.o(.ARM.Collect$$_printf_percent$$00000014))
<BR><BR>[Stack]<UL><LI>Max Depth = 40 + Unknown Stack Size
<LI>Call Chain = _printf_s &rArr; _printf_string &rArr; _printf_cs_common &rArr; _printf_str &rArr; _printf_post_padding
</UL>
<BR>[Calls]<UL><LI><a href="#[76]">&gt;&gt;</a>&nbsp;&nbsp;&nbsp;_printf_string
</UL>

<P><STRONG><a name="[240]"></a>_printf_percent_end</STRONG> (Thumb, 0 bytes, Stack size unknown bytes, _printf_percent_end.o(.ARM.Collect$$_printf_percent$$00000017))

<P><STRONG><a name="[81]"></a>__rt_lib_init</STRONG> (Thumb, 0 bytes, Stack size unknown bytes, libinit.o(.ARM.Collect$$libinit$$00000000))
<BR><BR>[Called By]<UL><LI><a href="#[80]">&gt;&gt;</a>&nbsp;&nbsp;&nbsp;__rt_entry_li
</UL>

<P><STRONG><a name="[77]"></a>__rt_lib_init_fp_1</STRONG> (Thumb, 0 bytes, Stack size unknown bytes, libinit2.o(.ARM.Collect$$libinit$$00000001))
<BR><BR>[Calls]<UL><LI><a href="#[78]">&gt;&gt;</a>&nbsp;&nbsp;&nbsp;_fp_init
</UL>

<P><STRONG><a name="[241]"></a>__rt_lib_init_heap_1</STRONG> (Thumb, 0 bytes, Stack size unknown bytes, libinit2.o(.ARM.Collect$$libinit$$0000000A))

<P><STRONG><a name="[79]"></a>__rt_lib_init_lc_common</STRONG> (Thumb, 0 bytes, Stack size unknown bytes, libinit2.o(.ARM.Collect$$libinit$$0000000F))
<BR><BR>[Calls]<UL><LI><a href="#[7a]">&gt;&gt;</a>&nbsp;&nbsp;&nbsp;__rt_locale
</UL>

<P><STRONG><a name="[242]"></a>__rt_lib_init_preinit_1</STRONG> (Thumb, 0 bytes, Stack size unknown bytes, libinit2.o(.ARM.Collect$$libinit$$00000004))

<P><STRONG><a name="[243]"></a>__rt_lib_init_rand_1</STRONG> (Thumb, 0 bytes, Stack size unknown bytes, libinit2.o(.ARM.Collect$$libinit$$0000000E))

<P><STRONG><a name="[244]"></a>__rt_lib_init_user_alloc_1</STRONG> (Thumb, 0 bytes, Stack size unknown bytes, libinit2.o(.ARM.Collect$$libinit$$0000000C))

<P><STRONG><a name="[245]"></a>__rt_lib_init_lc_collate_1</STRONG> (Thumb, 0 bytes, Stack size unknown bytes, libinit2.o(.ARM.Collect$$libinit$$00000011))

<P><STRONG><a name="[7b]"></a>__rt_lib_init_lc_ctype_2</STRONG> (Thumb, 0 bytes, Stack size unknown bytes, libinit2.o(.ARM.Collect$$libinit$$00000012))
<BR><BR>[Stack]<UL><LI>Max Depth = 8 + Unknown Stack Size
<LI>Call Chain = __rt_lib_init_lc_ctype_2 &rArr; _get_lc_ctype
</UL>
<BR>[Calls]<UL><LI><a href="#[68]">&gt;&gt;</a>&nbsp;&nbsp;&nbsp;_get_lc_ctype
</UL>

<P><STRONG><a name="[246]"></a>__rt_lib_init_lc_ctype_1</STRONG> (Thumb, 0 bytes, Stack size unknown bytes, libinit2.o(.ARM.Collect$$libinit$$00000013))

<P><STRONG><a name="[247]"></a>__rt_lib_init_lc_monetary_1</STRONG> (Thumb, 0 bytes, Stack size unknown bytes, libinit2.o(.ARM.Collect$$libinit$$00000015))

<P><STRONG><a name="[7c]"></a>__rt_lib_init_lc_numeric_2</STRONG> (Thumb, 0 bytes, Stack size unknown bytes, libinit2.o(.ARM.Collect$$libinit$$00000016))
<BR><BR>[Stack]<UL><LI>Max Depth = 8 + Unknown Stack Size
<LI>Call Chain = __rt_lib_init_lc_numeric_2 &rArr; _get_lc_numeric
</UL>
<BR>[Calls]<UL><LI><a href="#[7d]">&gt;&gt;</a>&nbsp;&nbsp;&nbsp;_get_lc_numeric
</UL>

<P><STRONG><a name="[248]"></a>__rt_lib_init_alloca_1</STRONG> (Thumb, 0 bytes, Stack size unknown bytes, libinit2.o(.ARM.Collect$$libinit$$0000002E))

<P><STRONG><a name="[249]"></a>__rt_lib_init_argv_1</STRONG> (Thumb, 0 bytes, Stack size unknown bytes, libinit2.o(.ARM.Collect$$libinit$$0000002C))

<P><STRONG><a name="[24a]"></a>__rt_lib_init_atexit_1</STRONG> (Thumb, 0 bytes, Stack size unknown bytes, libinit2.o(.ARM.Collect$$libinit$$0000001B))

<P><STRONG><a name="[24b]"></a>__rt_lib_init_clock_1</STRONG> (Thumb, 0 bytes, Stack size unknown bytes, libinit2.o(.ARM.Collect$$libinit$$00000021))

<P><STRONG><a name="[24c]"></a>__rt_lib_init_cpp_1</STRONG> (Thumb, 0 bytes, Stack size unknown bytes, libinit2.o(.ARM.Collect$$libinit$$00000032))

<P><STRONG><a name="[24d]"></a>__rt_lib_init_exceptions_1</STRONG> (Thumb, 0 bytes, Stack size unknown bytes, libinit2.o(.ARM.Collect$$libinit$$00000030))

<P><STRONG><a name="[24e]"></a>__rt_lib_init_fp_trap_1</STRONG> (Thumb, 0 bytes, Stack size unknown bytes, libinit2.o(.ARM.Collect$$libinit$$0000001F))

<P><STRONG><a name="[24f]"></a>__rt_lib_init_getenv_1</STRONG> (Thumb, 0 bytes, Stack size unknown bytes, libinit2.o(.ARM.Collect$$libinit$$00000023))

<P><STRONG><a name="[250]"></a>__rt_lib_init_lc_numeric_1</STRONG> (Thumb, 0 bytes, Stack size unknown bytes, libinit2.o(.ARM.Collect$$libinit$$00000017))

<P><STRONG><a name="[251]"></a>__rt_lib_init_lc_time_1</STRONG> (Thumb, 0 bytes, Stack size unknown bytes, libinit2.o(.ARM.Collect$$libinit$$00000019))

<P><STRONG><a name="[252]"></a>__rt_lib_init_return</STRONG> (Thumb, 0 bytes, Stack size unknown bytes, libinit2.o(.ARM.Collect$$libinit$$00000033))

<P><STRONG><a name="[253]"></a>__rt_lib_init_signal_1</STRONG> (Thumb, 0 bytes, Stack size unknown bytes, libinit2.o(.ARM.Collect$$libinit$$0000001D))

<P><STRONG><a name="[254]"></a>__rt_lib_init_stdio_1</STRONG> (Thumb, 0 bytes, Stack size unknown bytes, libinit2.o(.ARM.Collect$$libinit$$00000025))

<P><STRONG><a name="[86]"></a>__rt_lib_shutdown</STRONG> (Thumb, 0 bytes, Stack size unknown bytes, libshutdown.o(.ARM.Collect$$libshutdown$$00000000))
<BR><BR>[Called By]<UL><LI><a href="#[85]">&gt;&gt;</a>&nbsp;&nbsp;&nbsp;__rt_exit_ls
</UL>

<P><STRONG><a name="[255]"></a>__rt_lib_shutdown_cpp_1</STRONG> (Thumb, 0 bytes, Stack size unknown bytes, libshutdown2.o(.ARM.Collect$$libshutdown$$00000002))

<P><STRONG><a name="[256]"></a>__rt_lib_shutdown_fp_trap_1</STRONG> (Thumb, 0 bytes, Stack size unknown bytes, libshutdown2.o(.ARM.Collect$$libshutdown$$00000007))

<P><STRONG><a name="[257]"></a>__rt_lib_shutdown_heap_1</STRONG> (Thumb, 0 bytes, Stack size unknown bytes, libshutdown2.o(.ARM.Collect$$libshutdown$$0000000F))

<P><STRONG><a name="[258]"></a>__rt_lib_shutdown_return</STRONG> (Thumb, 0 bytes, Stack size unknown bytes, libshutdown2.o(.ARM.Collect$$libshutdown$$00000010))

<P><STRONG><a name="[259]"></a>__rt_lib_shutdown_signal_1</STRONG> (Thumb, 0 bytes, Stack size unknown bytes, libshutdown2.o(.ARM.Collect$$libshutdown$$0000000A))

<P><STRONG><a name="[25a]"></a>__rt_lib_shutdown_stdio_1</STRONG> (Thumb, 0 bytes, Stack size unknown bytes, libshutdown2.o(.ARM.Collect$$libshutdown$$00000004))

<P><STRONG><a name="[25b]"></a>__rt_lib_shutdown_user_alloc_1</STRONG> (Thumb, 0 bytes, Stack size unknown bytes, libshutdown2.o(.ARM.Collect$$libshutdown$$0000000C))

<P><STRONG><a name="[6b]"></a>__rt_entry</STRONG> (Thumb, 0 bytes, Stack size unknown bytes, __rtentry.o(.ARM.Collect$$rtentry$$00000000))
<BR><BR>[Called By]<UL><LI><a href="#[69]">&gt;&gt;</a>&nbsp;&nbsp;&nbsp;__main
<LI><a href="#[6c]">&gt;&gt;</a>&nbsp;&nbsp;&nbsp;__scatterload_rt2
</UL>

<P><STRONG><a name="[25c]"></a>__rt_entry_presh_1</STRONG> (Thumb, 0 bytes, Stack size unknown bytes, __rtentry2.o(.ARM.Collect$$rtentry$$00000002))

<P><STRONG><a name="[7e]"></a>__rt_entry_sh</STRONG> (Thumb, 0 bytes, Stack size unknown bytes, __rtentry4.o(.ARM.Collect$$rtentry$$00000004))
<BR><BR>[Stack]<UL><LI>Max Depth = 8 + Unknown Stack Size
<LI>Call Chain = __rt_entry_sh &rArr; __user_setup_stackheap
</UL>
<BR>[Calls]<UL><LI><a href="#[7f]">&gt;&gt;</a>&nbsp;&nbsp;&nbsp;__user_setup_stackheap
</UL>

<P><STRONG><a name="[80]"></a>__rt_entry_li</STRONG> (Thumb, 0 bytes, Stack size unknown bytes, __rtentry2.o(.ARM.Collect$$rtentry$$0000000A))
<BR><BR>[Calls]<UL><LI><a href="#[81]">&gt;&gt;</a>&nbsp;&nbsp;&nbsp;__rt_lib_init
</UL>

<P><STRONG><a name="[25d]"></a>__rt_entry_postsh_1</STRONG> (Thumb, 0 bytes, Stack size unknown bytes, __rtentry2.o(.ARM.Collect$$rtentry$$00000009))

<P><STRONG><a name="[82]"></a>__rt_entry_main</STRONG> (Thumb, 0 bytes, Stack size unknown bytes, __rtentry2.o(.ARM.Collect$$rtentry$$0000000D))
<BR><BR>[Stack]<UL><LI>Max Depth = 1272 + Unknown Stack Size
<LI>Call Chain = __rt_entry_main &rArr; main &rArr; Bmp_Show &rArr; bmpFile &rArr; f_open &rArr; follow_path &rArr; dir_find &rArr; dir_next &rArr; create_chain &rArr; put_fat &rArr; move_window &rArr; disk_write &rArr; SD_WriteMultiBlocks &rArr; SD_LowLevel_DMA_TxConfig &rArr; DMA_Init
</UL>
<BR>[Calls]<UL><LI><a href="#[83]">&gt;&gt;</a>&nbsp;&nbsp;&nbsp;main
<LI><a href="#[84]">&gt;&gt;</a>&nbsp;&nbsp;&nbsp;exit
</UL>

<P><STRONG><a name="[25e]"></a>__rt_entry_postli_1</STRONG> (Thumb, 0 bytes, Stack size unknown bytes, __rtentry2.o(.ARM.Collect$$rtentry$$0000000C))

<P><STRONG><a name="[213]"></a>__rt_exit</STRONG> (Thumb, 0 bytes, Stack size unknown bytes, rtexit.o(.ARM.Collect$$rtexit$$00000000))
<BR><BR>[Called By]<UL><LI><a href="#[84]">&gt;&gt;</a>&nbsp;&nbsp;&nbsp;exit
</UL>

<P><STRONG><a name="[85]"></a>__rt_exit_ls</STRONG> (Thumb, 0 bytes, Stack size unknown bytes, rtexit2.o(.ARM.Collect$$rtexit$$00000003))
<BR><BR>[Calls]<UL><LI><a href="#[86]">&gt;&gt;</a>&nbsp;&nbsp;&nbsp;__rt_lib_shutdown
</UL>

<P><STRONG><a name="[25f]"></a>__rt_exit_prels_1</STRONG> (Thumb, 0 bytes, Stack size unknown bytes, rtexit2.o(.ARM.Collect$$rtexit$$00000002))

<P><STRONG><a name="[87]"></a>__rt_exit_exit</STRONG> (Thumb, 0 bytes, Stack size unknown bytes, rtexit2.o(.ARM.Collect$$rtexit$$00000004))
<BR><BR>[Calls]<UL><LI><a href="#[88]">&gt;&gt;</a>&nbsp;&nbsp;&nbsp;_sys_exit
</UL>

<P><STRONG><a name="[260]"></a>Day_Of_Year_Jalali</STRONG> (Thumb, 234 bytes, Stack size 36 bytes, main.o(.text), UNUSED)

<P><STRONG><a name="[189]"></a>M2Sh</STRONG> (Thumb, 358 bytes, Stack size 60 bytes, main.o(.text))
<BR><BR>[Stack]<UL><LI>Max Depth = 60<LI>Call Chain = M2Sh
</UL>
<BR>[Called By]<UL><LI><a href="#[26]">&gt;&gt;</a>&nbsp;&nbsp;&nbsp;TIM1_UP_TIM10_IRQHandler
</UL>

<P><STRONG><a name="[261]"></a>Sh2M</STRONG> (Thumb, 348 bytes, Stack size 60 bytes, main.o(.text), UNUSED)

<P><STRONG><a name="[262]"></a>Day_Of_Year_Miladi</STRONG> (Thumb, 312 bytes, Stack size 28 bytes, main.o(.text), UNUSED)

<P><STRONG><a name="[263]"></a>DateToBinary</STRONG> (Thumb, 116 bytes, Stack size 28 bytes, main.o(.text), UNUSED)

<P><STRONG><a name="[264]"></a>Binary2Time</STRONG> (Thumb, 244 bytes, Stack size 56 bytes, main.o(.text), UNUSED)

<P><STRONG><a name="[265]"></a>M2Gh</STRONG> (Thumb, 472 bytes, Stack size 52 bytes, main.o(.text), UNUSED)

<P><STRONG><a name="[8a]"></a>CountOfFeb29</STRONG> (Thumb, 48 bytes, Stack size 8 bytes, main.o(.text), UNUSED)
<BR><BR>[Called By]<UL><LI><a href="#[89]">&gt;&gt;</a>&nbsp;&nbsp;&nbsp;DayOfWeek
</UL>

<P><STRONG><a name="[8b]"></a>IsLeapYear</STRONG> (Thumb, 58 bytes, Stack size 0 bytes, main.o(.text), UNUSED)
<BR><BR>[Called By]<UL><LI><a href="#[89]">&gt;&gt;</a>&nbsp;&nbsp;&nbsp;DayOfWeek
</UL>

<P><STRONG><a name="[89]"></a>DayOfWeek</STRONG> (Thumb, 142 bytes, Stack size 24 bytes, main.o(.text), UNUSED)
<BR><BR>[Calls]<UL><LI><a href="#[8b]">&gt;&gt;</a>&nbsp;&nbsp;&nbsp;IsLeapYear
<LI><a href="#[8a]">&gt;&gt;</a>&nbsp;&nbsp;&nbsp;CountOfFeb29
</UL>

<P><STRONG><a name="[8d]"></a>GEtoHI</STRONG> (Thumb, 474 bytes, Stack size 48 bytes, main.o(.text), UNUSED)
<BR><BR>[Called By]<UL><LI><a href="#[8c]">&gt;&gt;</a>&nbsp;&nbsp;&nbsp;Georgian2Hijri
</UL>

<P><STRONG><a name="[8c]"></a>Georgian2Hijri</STRONG> (Thumb, 162 bytes, Stack size 84 bytes, main.o(.text), UNUSED)
<BR><BR>[Calls]<UL><LI><a href="#[8d]">&gt;&gt;</a>&nbsp;&nbsp;&nbsp;GEtoHI
</UL>

<P><STRONG><a name="[95]"></a>Clear_Buffer</STRONG> (Thumb, 22 bytes, Stack size 8 bytes, main.o(.text))
<BR><BR>[Stack]<UL><LI>Max Depth = 8<LI>Call Chain = Clear_Buffer
</UL>
<BR>[Called By]<UL><LI><a href="#[b0]">&gt;&gt;</a>&nbsp;&nbsp;&nbsp;SMS_Read
<LI><a href="#[c0]">&gt;&gt;</a>&nbsp;&nbsp;&nbsp;Purchase_price_Get
<LI><a href="#[b9]">&gt;&gt;</a>&nbsp;&nbsp;&nbsp;HTTP_Upload
<LI><a href="#[b7]">&gt;&gt;</a>&nbsp;&nbsp;&nbsp;HTTP_Post_Upload
<LI><a href="#[c3]">&gt;&gt;</a>&nbsp;&nbsp;&nbsp;Get_GSM_Signal_Quality
<LI><a href="#[c1]">&gt;&gt;</a>&nbsp;&nbsp;&nbsp;Card_Pass_Get
<LI><a href="#[83]">&gt;&gt;</a>&nbsp;&nbsp;&nbsp;main
<LI><a href="#[9b]">&gt;&gt;</a>&nbsp;&nbsp;&nbsp;Micro_SD_Write_Starting_Data
<LI><a href="#[94]">&gt;&gt;</a>&nbsp;&nbsp;&nbsp;Micro_SD_Read_Starting_Data
<LI><a href="#[1ae]">&gt;&gt;</a>&nbsp;&nbsp;&nbsp;SMS_Receive
<LI><a href="#[39]">&gt;&gt;</a>&nbsp;&nbsp;&nbsp;TIM8_UP_TIM13_IRQHandler
<LI><a href="#[26]">&gt;&gt;</a>&nbsp;&nbsp;&nbsp;TIM1_UP_TIM10_IRQHandler
</UL>

<P><STRONG><a name="[91]"></a>Danger_Icon</STRONG> (Thumb, 50 bytes, Stack size 16 bytes, main.o(.text))
<BR><BR>[Stack]<UL><LI>Max Depth = 44<LI>Call Chain = Danger_Icon &rArr; LCD_MyShow_Image
</UL>
<BR>[Calls]<UL><LI><a href="#[92]">&gt;&gt;</a>&nbsp;&nbsp;&nbsp;LCD_MyShow_Image
</UL>
<BR>[Called By]<UL><LI><a href="#[83]">&gt;&gt;</a>&nbsp;&nbsp;&nbsp;main
<LI><a href="#[26]">&gt;&gt;</a>&nbsp;&nbsp;&nbsp;TIM1_UP_TIM10_IRQHandler
</UL>

<P><STRONG><a name="[93]"></a>Location_Icon</STRONG> (Thumb, 50 bytes, Stack size 16 bytes, main.o(.text))
<BR><BR>[Stack]<UL><LI>Max Depth = 44<LI>Call Chain = Location_Icon &rArr; LCD_MyShow_Image
</UL>
<BR>[Calls]<UL><LI><a href="#[92]">&gt;&gt;</a>&nbsp;&nbsp;&nbsp;LCD_MyShow_Image
</UL>
<BR>[Called By]<UL><LI><a href="#[83]">&gt;&gt;</a>&nbsp;&nbsp;&nbsp;main
<LI><a href="#[26]">&gt;&gt;</a>&nbsp;&nbsp;&nbsp;TIM1_UP_TIM10_IRQHandler
</UL>

<P><STRONG><a name="[94]"></a>Micro_SD_Read_Starting_Data</STRONG> (Thumb, 1242 bytes, Stack size 16 bytes, main.o(.text))
<BR><BR>[Stack]<UL><LI>Max Depth = 468 + Unknown Stack Size
<LI>Call Chain = Micro_SD_Read_Starting_Data &rArr; __hardfp_strtold &rArr; __strtod_int &rArr; _local_sscanf &rArr; _scanf_real &rArr; _scanf_really_real &rArr; _fp_value &rArr; _btod_etento &rArr; _btod_emul &rArr; _e2e
</UL>
<BR>[Calls]<UL><LI><a href="#[96]">&gt;&gt;</a>&nbsp;&nbsp;&nbsp;SD_ReadSingleBlock
<LI><a href="#[95]">&gt;&gt;</a>&nbsp;&nbsp;&nbsp;Clear_Buffer
<LI><a href="#[98]">&gt;&gt;</a>&nbsp;&nbsp;&nbsp;__hardfp_strtold
<LI><a href="#[9a]">&gt;&gt;</a>&nbsp;&nbsp;&nbsp;__aeabi_cdrcmple
<LI><a href="#[99]">&gt;&gt;</a>&nbsp;&nbsp;&nbsp;__aeabi_d2uiz
<LI><a href="#[97]">&gt;&gt;</a>&nbsp;&nbsp;&nbsp;strcpy
</UL>
<BR>[Called By]<UL><LI><a href="#[83]">&gt;&gt;</a>&nbsp;&nbsp;&nbsp;main
</UL>

<P><STRONG><a name="[9b]"></a>Micro_SD_Write_Starting_Data</STRONG> (Thumb, 524 bytes, Stack size 8 bytes, main.o(.text))
<BR><BR>[Stack]<UL><LI>Max Depth = 192 + Unknown Stack Size
<LI>Call Chain = Micro_SD_Write_Starting_Data &rArr; SD_WriteSingleBlock &rArr; SD_Command &rArr; SD_Panic &rArr; __2printf &rArr; _printf_char_file &rArr; _printf_char_common &rArr; __printf
</UL>
<BR>[Calls]<UL><LI><a href="#[9c]">&gt;&gt;</a>&nbsp;&nbsp;&nbsp;SD_WriteSingleBlock
<LI><a href="#[95]">&gt;&gt;</a>&nbsp;&nbsp;&nbsp;Clear_Buffer
<LI><a href="#[8f]">&gt;&gt;</a>&nbsp;&nbsp;&nbsp;__2sprintf
</UL>
<BR>[Called By]<UL><LI><a href="#[83]">&gt;&gt;</a>&nbsp;&nbsp;&nbsp;main
<LI><a href="#[1ae]">&gt;&gt;</a>&nbsp;&nbsp;&nbsp;SMS_Receive
</UL>

<P><STRONG><a name="[83]"></a>main</STRONG> (Thumb, 3194 bytes, Stack size 48 bytes, main.o(.text))
<BR><BR>[Stack]<UL><LI>Max Depth = 1272 + Unknown Stack Size
<LI>Call Chain = main &rArr; Bmp_Show &rArr; bmpFile &rArr; f_open &rArr; follow_path &rArr; dir_find &rArr; dir_next &rArr; create_chain &rArr; put_fat &rArr; move_window &rArr; disk_write &rArr; SD_WriteMultiBlocks &rArr; SD_LowLevel_DMA_TxConfig &rArr; DMA_Init
</UL>
<BR>[Calls]<UL><LI><a href="#[bc]">&gt;&gt;</a>&nbsp;&nbsp;&nbsp;unicode2ascii
<LI><a href="#[bd]">&gt;&gt;</a>&nbsp;&nbsp;&nbsp;myLCD_set_font_color
<LI><a href="#[bf]">&gt;&gt;</a>&nbsp;&nbsp;&nbsp;myLCD_putsf_mix
<LI><a href="#[bb]">&gt;&gt;</a>&nbsp;&nbsp;&nbsp;myLCD_goto_xy
<LI><a href="#[be]">&gt;&gt;</a>&nbsp;&nbsp;&nbsp;myLCD_font_effect
<LI><a href="#[a0]">&gt;&gt;</a>&nbsp;&nbsp;&nbsp;f_mount
<LI><a href="#[9d]">&gt;&gt;</a>&nbsp;&nbsp;&nbsp;delay_ms
<LI><a href="#[a6]">&gt;&gt;</a>&nbsp;&nbsp;&nbsp;Usart1_Init
<LI><a href="#[ae]">&gt;&gt;</a>&nbsp;&nbsp;&nbsp;TIM_GenerateEvent
<LI><a href="#[aa]">&gt;&gt;</a>&nbsp;&nbsp;&nbsp;TIM8_Int_Init
<LI><a href="#[af]">&gt;&gt;</a>&nbsp;&nbsp;&nbsp;TIM1_Int_Init
<LI><a href="#[ad]">&gt;&gt;</a>&nbsp;&nbsp;&nbsp;TIM12_Int_Init
<LI><a href="#[ac]">&gt;&gt;</a>&nbsp;&nbsp;&nbsp;TIM10_Int_Init
<LI><a href="#[a7]">&gt;&gt;</a>&nbsp;&nbsp;&nbsp;Sim808_PowerOnOff
<LI><a href="#[a8]">&gt;&gt;</a>&nbsp;&nbsp;&nbsp;Sim808_Init
<LI><a href="#[b0]">&gt;&gt;</a>&nbsp;&nbsp;&nbsp;SMS_Read
<LI><a href="#[b1]">&gt;&gt;</a>&nbsp;&nbsp;&nbsp;SMS_Delete
<LI><a href="#[9c]">&gt;&gt;</a>&nbsp;&nbsp;&nbsp;SD_WriteSingleBlock
<LI><a href="#[96]">&gt;&gt;</a>&nbsp;&nbsp;&nbsp;SD_ReadSingleBlock
<LI><a href="#[a4]">&gt;&gt;</a>&nbsp;&nbsp;&nbsp;SD_LowLevel_Initial
<LI><a href="#[a5]">&gt;&gt;</a>&nbsp;&nbsp;&nbsp;SD_Initial
<LI><a href="#[ab]">&gt;&gt;</a>&nbsp;&nbsp;&nbsp;RTC_Start
<LI><a href="#[c0]">&gt;&gt;</a>&nbsp;&nbsp;&nbsp;Purchase_price_Get
<LI><a href="#[a9]">&gt;&gt;</a>&nbsp;&nbsp;&nbsp;MFRC522_1_Init
<LI><a href="#[b6]">&gt;&gt;</a>&nbsp;&nbsp;&nbsp;LCD_ShowStringWithSize
<LI><a href="#[a1]">&gt;&gt;</a>&nbsp;&nbsp;&nbsp;LCD_ShowString
<LI><a href="#[92]">&gt;&gt;</a>&nbsp;&nbsp;&nbsp;LCD_MyShow_Image
<LI><a href="#[9f]">&gt;&gt;</a>&nbsp;&nbsp;&nbsp;LCD_Init
<LI><a href="#[ba]">&gt;&gt;</a>&nbsp;&nbsp;&nbsp;LCD_Clear
<LI><a href="#[b9]">&gt;&gt;</a>&nbsp;&nbsp;&nbsp;HTTP_Upload
<LI><a href="#[b7]">&gt;&gt;</a>&nbsp;&nbsp;&nbsp;HTTP_Post_Upload
<LI><a href="#[c3]">&gt;&gt;</a>&nbsp;&nbsp;&nbsp;Get_GSM_Signal_Quality
<LI><a href="#[b2]">&gt;&gt;</a>&nbsp;&nbsp;&nbsp;Get_GPS_Signal_Quality
<LI><a href="#[b3]">&gt;&gt;</a>&nbsp;&nbsp;&nbsp;GetInfo
<LI><a href="#[a3]">&gt;&gt;</a>&nbsp;&nbsp;&nbsp;GPIO_SetBits
<LI><a href="#[c2]">&gt;&gt;</a>&nbsp;&nbsp;&nbsp;GPIO_ResetBits
<LI><a href="#[9e]">&gt;&gt;</a>&nbsp;&nbsp;&nbsp;GPIO_Initi
<LI><a href="#[c1]">&gt;&gt;</a>&nbsp;&nbsp;&nbsp;Card_Pass_Get
<LI><a href="#[a2]">&gt;&gt;</a>&nbsp;&nbsp;&nbsp;Bmp_Show
<LI><a href="#[b8]">&gt;&gt;</a>&nbsp;&nbsp;&nbsp;Blink_2
<LI><a href="#[9b]">&gt;&gt;</a>&nbsp;&nbsp;&nbsp;Micro_SD_Write_Starting_Data
<LI><a href="#[94]">&gt;&gt;</a>&nbsp;&nbsp;&nbsp;Micro_SD_Read_Starting_Data
<LI><a href="#[93]">&gt;&gt;</a>&nbsp;&nbsp;&nbsp;Location_Icon
<LI><a href="#[91]">&gt;&gt;</a>&nbsp;&nbsp;&nbsp;Danger_Icon
<LI><a href="#[95]">&gt;&gt;</a>&nbsp;&nbsp;&nbsp;Clear_Buffer
<LI><a href="#[98]">&gt;&gt;</a>&nbsp;&nbsp;&nbsp;__hardfp_strtold
<LI><a href="#[9a]">&gt;&gt;</a>&nbsp;&nbsp;&nbsp;__aeabi_cdrcmple
<LI><a href="#[b5]">&gt;&gt;</a>&nbsp;&nbsp;&nbsp;strcat
<LI><a href="#[97]">&gt;&gt;</a>&nbsp;&nbsp;&nbsp;strcpy
<LI><a href="#[b4]">&gt;&gt;</a>&nbsp;&nbsp;&nbsp;strstr
<LI><a href="#[8f]">&gt;&gt;</a>&nbsp;&nbsp;&nbsp;__2sprintf
</UL>
<BR>[Called By]<UL><LI><a href="#[82]">&gt;&gt;</a>&nbsp;&nbsp;&nbsp;__rt_entry_main
</UL>

<P><STRONG><a name="[c4]"></a>Loading</STRONG> (Thumb, 434 bytes, Stack size 16 bytes, main.o(.text), UNUSED)
<BR><BR>[Calls]<UL><LI><a href="#[9d]">&gt;&gt;</a>&nbsp;&nbsp;&nbsp;delay_ms
<LI><a href="#[c5]">&gt;&gt;</a>&nbsp;&nbsp;&nbsp;LCD_WriteReg
<LI><a href="#[c6]">&gt;&gt;</a>&nbsp;&nbsp;&nbsp;LCD_Fill
</UL>

<P><STRONG><a name="[c7]"></a>Massege_Icon</STRONG> (Thumb, 50 bytes, Stack size 16 bytes, main.o(.text))
<BR><BR>[Stack]<UL><LI>Max Depth = 44<LI>Call Chain = Massege_Icon &rArr; LCD_MyShow_Image
</UL>
<BR>[Calls]<UL><LI><a href="#[92]">&gt;&gt;</a>&nbsp;&nbsp;&nbsp;LCD_MyShow_Image
</UL>
<BR>[Called By]<UL><LI><a href="#[26]">&gt;&gt;</a>&nbsp;&nbsp;&nbsp;TIM1_UP_TIM10_IRQHandler
</UL>

<P><STRONG><a name="[c8]"></a>Data_Icon_Up</STRONG> (Thumb, 50 bytes, Stack size 16 bytes, main.o(.text))
<BR><BR>[Stack]<UL><LI>Max Depth = 44<LI>Call Chain = Data_Icon_Up &rArr; LCD_MyShow_Image
</UL>
<BR>[Calls]<UL><LI><a href="#[92]">&gt;&gt;</a>&nbsp;&nbsp;&nbsp;LCD_MyShow_Image
</UL>
<BR>[Called By]<UL><LI><a href="#[b9]">&gt;&gt;</a>&nbsp;&nbsp;&nbsp;HTTP_Upload
<LI><a href="#[b7]">&gt;&gt;</a>&nbsp;&nbsp;&nbsp;HTTP_Post_Upload
<LI><a href="#[26]">&gt;&gt;</a>&nbsp;&nbsp;&nbsp;TIM1_UP_TIM10_IRQHandler
</UL>

<P><STRONG><a name="[c9]"></a>Data_Icon_Down</STRONG> (Thumb, 50 bytes, Stack size 16 bytes, main.o(.text))
<BR><BR>[Stack]<UL><LI>Max Depth = 44<LI>Call Chain = Data_Icon_Down &rArr; LCD_MyShow_Image
</UL>
<BR>[Calls]<UL><LI><a href="#[92]">&gt;&gt;</a>&nbsp;&nbsp;&nbsp;LCD_MyShow_Image
</UL>
<BR>[Called By]<UL><LI><a href="#[b9]">&gt;&gt;</a>&nbsp;&nbsp;&nbsp;HTTP_Upload
<LI><a href="#[b7]">&gt;&gt;</a>&nbsp;&nbsp;&nbsp;HTTP_Post_Upload
<LI><a href="#[26]">&gt;&gt;</a>&nbsp;&nbsp;&nbsp;TIM1_UP_TIM10_IRQHandler
</UL>

<P><STRONG><a name="[3]"></a>Reset_Handler</STRONG> (Thumb, 8 bytes, Stack size 0 bytes, startup_stm32f4xx.o(.text))
<BR>[Address Reference Count : 1]<UL><LI> startup_stm32f4xx.o(RESET)
</UL>
<P><STRONG><a name="[1f]"></a>ADC_IRQHandler</STRONG> (Thumb, 0 bytes, Stack size 0 bytes, startup_stm32f4xx.o(.text))
<BR><BR>[Calls]<UL><LI><a href="#[1f]">&gt;&gt;</a>&nbsp;&nbsp;&nbsp;ADC_IRQHandler
</UL>
<BR>[Called By]<UL><LI><a href="#[1f]">&gt;&gt;</a>&nbsp;&nbsp;&nbsp;ADC_IRQHandler
</UL>
<BR>[Address Reference Count : 1]<UL><LI> startup_stm32f4xx.o(RESET)
</UL>
<P><STRONG><a name="[21]"></a>CAN1_RX0_IRQHandler</STRONG> (Thumb, 0 bytes, Stack size 0 bytes, startup_stm32f4xx.o(.text))
<BR>[Address Reference Count : 1]<UL><LI> startup_stm32f4xx.o(RESET)
</UL>
<P><STRONG><a name="[22]"></a>CAN1_RX1_IRQHandler</STRONG> (Thumb, 0 bytes, Stack size 0 bytes, startup_stm32f4xx.o(.text))
<BR>[Address Reference Count : 1]<UL><LI> startup_stm32f4xx.o(RESET)
</UL>
<P><STRONG><a name="[23]"></a>CAN1_SCE_IRQHandler</STRONG> (Thumb, 0 bytes, Stack size 0 bytes, startup_stm32f4xx.o(.text))
<BR>[Address Reference Count : 1]<UL><LI> startup_stm32f4xx.o(RESET)
</UL>
<P><STRONG><a name="[20]"></a>CAN1_TX_IRQHandler</STRONG> (Thumb, 0 bytes, Stack size 0 bytes, startup_stm32f4xx.o(.text))
<BR>[Address Reference Count : 1]<UL><LI> startup_stm32f4xx.o(RESET)
</UL>
<P><STRONG><a name="[4d]"></a>CAN2_RX0_IRQHandler</STRONG> (Thumb, 0 bytes, Stack size 0 bytes, startup_stm32f4xx.o(.text))
<BR>[Address Reference Count : 1]<UL><LI> startup_stm32f4xx.o(RESET)
</UL>
<P><STRONG><a name="[4e]"></a>CAN2_RX1_IRQHandler</STRONG> (Thumb, 0 bytes, Stack size 0 bytes, startup_stm32f4xx.o(.text))
<BR>[Address Reference Count : 1]<UL><LI> startup_stm32f4xx.o(RESET)
</UL>
<P><STRONG><a name="[4f]"></a>CAN2_SCE_IRQHandler</STRONG> (Thumb, 0 bytes, Stack size 0 bytes, startup_stm32f4xx.o(.text))
<BR>[Address Reference Count : 1]<UL><LI> startup_stm32f4xx.o(RESET)
</UL>
<P><STRONG><a name="[4c]"></a>CAN2_TX_IRQHandler</STRONG> (Thumb, 0 bytes, Stack size 0 bytes, startup_stm32f4xx.o(.text))
<BR>[Address Reference Count : 1]<UL><LI> startup_stm32f4xx.o(RESET)
</UL>
<P><STRONG><a name="[5c]"></a>CRYP_IRQHandler</STRONG> (Thumb, 0 bytes, Stack size 0 bytes, startup_stm32f4xx.o(.text))
<BR>[Address Reference Count : 1]<UL><LI> startup_stm32f4xx.o(RESET)
</UL>
<P><STRONG><a name="[5b]"></a>DCMI_IRQHandler</STRONG> (Thumb, 0 bytes, Stack size 0 bytes, startup_stm32f4xx.o(.text))
<BR>[Address Reference Count : 1]<UL><LI> startup_stm32f4xx.o(RESET)
</UL>
<P><STRONG><a name="[18]"></a>DMA1_Stream0_IRQHandler</STRONG> (Thumb, 0 bytes, Stack size 0 bytes, startup_stm32f4xx.o(.text))
<BR>[Address Reference Count : 1]<UL><LI> startup_stm32f4xx.o(RESET)
</UL>
<P><STRONG><a name="[19]"></a>DMA1_Stream1_IRQHandler</STRONG> (Thumb, 0 bytes, Stack size 0 bytes, startup_stm32f4xx.o(.text))
<BR>[Address Reference Count : 1]<UL><LI> startup_stm32f4xx.o(RESET)
</UL>
<P><STRONG><a name="[1a]"></a>DMA1_Stream2_IRQHandler</STRONG> (Thumb, 0 bytes, Stack size 0 bytes, startup_stm32f4xx.o(.text))
<BR>[Address Reference Count : 1]<UL><LI> startup_stm32f4xx.o(RESET)
</UL>
<P><STRONG><a name="[1b]"></a>DMA1_Stream3_IRQHandler</STRONG> (Thumb, 0 bytes, Stack size 0 bytes, startup_stm32f4xx.o(.text))
<BR>[Address Reference Count : 1]<UL><LI> startup_stm32f4xx.o(RESET)
</UL>
<P><STRONG><a name="[1c]"></a>DMA1_Stream4_IRQHandler</STRONG> (Thumb, 0 bytes, Stack size 0 bytes, startup_stm32f4xx.o(.text))
<BR>[Address Reference Count : 1]<UL><LI> startup_stm32f4xx.o(RESET)
</UL>
<P><STRONG><a name="[1d]"></a>DMA1_Stream5_IRQHandler</STRONG> (Thumb, 0 bytes, Stack size 0 bytes, startup_stm32f4xx.o(.text))
<BR>[Address Reference Count : 1]<UL><LI> startup_stm32f4xx.o(RESET)
</UL>
<P><STRONG><a name="[1e]"></a>DMA1_Stream6_IRQHandler</STRONG> (Thumb, 0 bytes, Stack size 0 bytes, startup_stm32f4xx.o(.text))
<BR>[Address Reference Count : 1]<UL><LI> startup_stm32f4xx.o(RESET)
</UL>
<P><STRONG><a name="[3c]"></a>DMA1_Stream7_IRQHandler</STRONG> (Thumb, 0 bytes, Stack size 0 bytes, startup_stm32f4xx.o(.text))
<BR>[Address Reference Count : 1]<UL><LI> startup_stm32f4xx.o(RESET)
</UL>
<P><STRONG><a name="[45]"></a>DMA2_Stream0_IRQHandler</STRONG> (Thumb, 0 bytes, Stack size 0 bytes, startup_stm32f4xx.o(.text))
<BR>[Address Reference Count : 1]<UL><LI> startup_stm32f4xx.o(RESET)
</UL>
<P><STRONG><a name="[46]"></a>DMA2_Stream1_IRQHandler</STRONG> (Thumb, 0 bytes, Stack size 0 bytes, startup_stm32f4xx.o(.text))
<BR>[Address Reference Count : 1]<UL><LI> startup_stm32f4xx.o(RESET)
</UL>
<P><STRONG><a name="[47]"></a>DMA2_Stream2_IRQHandler</STRONG> (Thumb, 0 bytes, Stack size 0 bytes, startup_stm32f4xx.o(.text))
<BR>[Address Reference Count : 1]<UL><LI> startup_stm32f4xx.o(RESET)
</UL>
<P><STRONG><a name="[48]"></a>DMA2_Stream3_IRQHandler</STRONG> (Thumb, 0 bytes, Stack size 0 bytes, startup_stm32f4xx.o(.text))
<BR>[Address Reference Count : 1]<UL><LI> startup_stm32f4xx.o(RESET)
</UL>
<P><STRONG><a name="[49]"></a>DMA2_Stream4_IRQHandler</STRONG> (Thumb, 0 bytes, Stack size 0 bytes, startup_stm32f4xx.o(.text))
<BR>[Address Reference Count : 1]<UL><LI> startup_stm32f4xx.o(RESET)
</UL>
<P><STRONG><a name="[51]"></a>DMA2_Stream5_IRQHandler</STRONG> (Thumb, 0 bytes, Stack size 0 bytes, startup_stm32f4xx.o(.text))
<BR>[Address Reference Count : 1]<UL><LI> startup_stm32f4xx.o(RESET)
</UL>
<P><STRONG><a name="[52]"></a>DMA2_Stream6_IRQHandler</STRONG> (Thumb, 0 bytes, Stack size 0 bytes, startup_stm32f4xx.o(.text))
<BR>[Address Reference Count : 1]<UL><LI> startup_stm32f4xx.o(RESET)
</UL>
<P><STRONG><a name="[53]"></a>DMA2_Stream7_IRQHandler</STRONG> (Thumb, 0 bytes, Stack size 0 bytes, startup_stm32f4xx.o(.text))
<BR>[Address Reference Count : 1]<UL><LI> startup_stm32f4xx.o(RESET)
</UL>
<P><STRONG><a name="[4a]"></a>ETH_IRQHandler</STRONG> (Thumb, 0 bytes, Stack size 0 bytes, startup_stm32f4xx.o(.text))
<BR>[Address Reference Count : 1]<UL><LI> startup_stm32f4xx.o(RESET)
</UL>
<P><STRONG><a name="[4b]"></a>ETH_WKUP_IRQHandler</STRONG> (Thumb, 0 bytes, Stack size 0 bytes, startup_stm32f4xx.o(.text))
<BR>[Address Reference Count : 1]<UL><LI> startup_stm32f4xx.o(RESET)
</UL>
<P><STRONG><a name="[13]"></a>EXTI0_IRQHandler</STRONG> (Thumb, 0 bytes, Stack size 0 bytes, startup_stm32f4xx.o(.text))
<BR>[Address Reference Count : 1]<UL><LI> startup_stm32f4xx.o(RESET)
</UL>
<P><STRONG><a name="[35]"></a>EXTI15_10_IRQHandler</STRONG> (Thumb, 0 bytes, Stack size 0 bytes, startup_stm32f4xx.o(.text))
<BR>[Address Reference Count : 1]<UL><LI> startup_stm32f4xx.o(RESET)
</UL>
<P><STRONG><a name="[14]"></a>EXTI1_IRQHandler</STRONG> (Thumb, 0 bytes, Stack size 0 bytes, startup_stm32f4xx.o(.text))
<BR>[Address Reference Count : 1]<UL><LI> startup_stm32f4xx.o(RESET)
</UL>
<P><STRONG><a name="[15]"></a>EXTI2_IRQHandler</STRONG> (Thumb, 0 bytes, Stack size 0 bytes, startup_stm32f4xx.o(.text))
<BR>[Address Reference Count : 1]<UL><LI> startup_stm32f4xx.o(RESET)
</UL>
<P><STRONG><a name="[16]"></a>EXTI3_IRQHandler</STRONG> (Thumb, 0 bytes, Stack size 0 bytes, startup_stm32f4xx.o(.text))
<BR>[Address Reference Count : 1]<UL><LI> startup_stm32f4xx.o(RESET)
</UL>
<P><STRONG><a name="[17]"></a>EXTI4_IRQHandler</STRONG> (Thumb, 0 bytes, Stack size 0 bytes, startup_stm32f4xx.o(.text))
<BR>[Address Reference Count : 1]<UL><LI> startup_stm32f4xx.o(RESET)
</UL>
<P><STRONG><a name="[24]"></a>EXTI9_5_IRQHandler</STRONG> (Thumb, 0 bytes, Stack size 0 bytes, startup_stm32f4xx.o(.text))
<BR>[Address Reference Count : 1]<UL><LI> startup_stm32f4xx.o(RESET)
</UL>
<P><STRONG><a name="[11]"></a>FLASH_IRQHandler</STRONG> (Thumb, 0 bytes, Stack size 0 bytes, startup_stm32f4xx.o(.text))
<BR>[Address Reference Count : 1]<UL><LI> startup_stm32f4xx.o(RESET)
</UL>
<P><STRONG><a name="[5e]"></a>FPU_IRQHandler</STRONG> (Thumb, 0 bytes, Stack size 0 bytes, startup_stm32f4xx.o(.text))
<BR>[Address Reference Count : 1]<UL><LI> startup_stm32f4xx.o(RESET)
</UL>
<P><STRONG><a name="[3d]"></a>FSMC_IRQHandler</STRONG> (Thumb, 0 bytes, Stack size 0 bytes, startup_stm32f4xx.o(.text))
<BR>[Address Reference Count : 1]<UL><LI> startup_stm32f4xx.o(RESET)
</UL>
<P><STRONG><a name="[5d]"></a>HASH_RNG_IRQHandler</STRONG> (Thumb, 0 bytes, Stack size 0 bytes, startup_stm32f4xx.o(.text))
<BR>[Address Reference Count : 1]<UL><LI> startup_stm32f4xx.o(RESET)
</UL>
<P><STRONG><a name="[2d]"></a>I2C1_ER_IRQHandler</STRONG> (Thumb, 0 bytes, Stack size 0 bytes, startup_stm32f4xx.o(.text))
<BR>[Address Reference Count : 1]<UL><LI> startup_stm32f4xx.o(RESET)
</UL>
<P><STRONG><a name="[2c]"></a>I2C1_EV_IRQHandler</STRONG> (Thumb, 0 bytes, Stack size 0 bytes, startup_stm32f4xx.o(.text))
<BR>[Address Reference Count : 1]<UL><LI> startup_stm32f4xx.o(RESET)
</UL>
<P><STRONG><a name="[2f]"></a>I2C2_ER_IRQHandler</STRONG> (Thumb, 0 bytes, Stack size 0 bytes, startup_stm32f4xx.o(.text))
<BR>[Address Reference Count : 1]<UL><LI> startup_stm32f4xx.o(RESET)
</UL>
<P><STRONG><a name="[2e]"></a>I2C2_EV_IRQHandler</STRONG> (Thumb, 0 bytes, Stack size 0 bytes, startup_stm32f4xx.o(.text))
<BR>[Address Reference Count : 1]<UL><LI> startup_stm32f4xx.o(RESET)
</UL>
<P><STRONG><a name="[56]"></a>I2C3_ER_IRQHandler</STRONG> (Thumb, 0 bytes, Stack size 0 bytes, startup_stm32f4xx.o(.text))
<BR>[Address Reference Count : 1]<UL><LI> startup_stm32f4xx.o(RESET)
</UL>
<P><STRONG><a name="[55]"></a>I2C3_EV_IRQHandler</STRONG> (Thumb, 0 bytes, Stack size 0 bytes, startup_stm32f4xx.o(.text))
<BR>[Address Reference Count : 1]<UL><LI> startup_stm32f4xx.o(RESET)
</UL>
<P><STRONG><a name="[50]"></a>OTG_FS_IRQHandler</STRONG> (Thumb, 0 bytes, Stack size 0 bytes, startup_stm32f4xx.o(.text))
<BR>[Address Reference Count : 1]<UL><LI> startup_stm32f4xx.o(RESET)
</UL>
<P><STRONG><a name="[37]"></a>OTG_FS_WKUP_IRQHandler</STRONG> (Thumb, 0 bytes, Stack size 0 bytes, startup_stm32f4xx.o(.text))
<BR>[Address Reference Count : 1]<UL><LI> startup_stm32f4xx.o(RESET)
</UL>
<P><STRONG><a name="[58]"></a>OTG_HS_EP1_IN_IRQHandler</STRONG> (Thumb, 0 bytes, Stack size 0 bytes, startup_stm32f4xx.o(.text))
<BR>[Address Reference Count : 1]<UL><LI> startup_stm32f4xx.o(RESET)
</UL>
<P><STRONG><a name="[57]"></a>OTG_HS_EP1_OUT_IRQHandler</STRONG> (Thumb, 0 bytes, Stack size 0 bytes, startup_stm32f4xx.o(.text))
<BR>[Address Reference Count : 1]<UL><LI> startup_stm32f4xx.o(RESET)
</UL>
<P><STRONG><a name="[5a]"></a>OTG_HS_IRQHandler</STRONG> (Thumb, 0 bytes, Stack size 0 bytes, startup_stm32f4xx.o(.text))
<BR>[Address Reference Count : 1]<UL><LI> startup_stm32f4xx.o(RESET)
</UL>
<P><STRONG><a name="[59]"></a>OTG_HS_WKUP_IRQHandler</STRONG> (Thumb, 0 bytes, Stack size 0 bytes, startup_stm32f4xx.o(.text))
<BR>[Address Reference Count : 1]<UL><LI> startup_stm32f4xx.o(RESET)
</UL>
<P><STRONG><a name="[e]"></a>PVD_IRQHandler</STRONG> (Thumb, 0 bytes, Stack size 0 bytes, startup_stm32f4xx.o(.text))
<BR>[Address Reference Count : 1]<UL><LI> startup_stm32f4xx.o(RESET)
</UL>
<P><STRONG><a name="[12]"></a>RCC_IRQHandler</STRONG> (Thumb, 0 bytes, Stack size 0 bytes, startup_stm32f4xx.o(.text))
<BR>[Address Reference Count : 1]<UL><LI> startup_stm32f4xx.o(RESET)
</UL>
<P><STRONG><a name="[36]"></a>RTC_Alarm_IRQHandler</STRONG> (Thumb, 0 bytes, Stack size 0 bytes, startup_stm32f4xx.o(.text))
<BR>[Address Reference Count : 1]<UL><LI> startup_stm32f4xx.o(RESET)
</UL>
<P><STRONG><a name="[10]"></a>RTC_WKUP_IRQHandler</STRONG> (Thumb, 0 bytes, Stack size 0 bytes, startup_stm32f4xx.o(.text))
<BR>[Address Reference Count : 1]<UL><LI> startup_stm32f4xx.o(RESET)
</UL>
<P><STRONG><a name="[30]"></a>SPI1_IRQHandler</STRONG> (Thumb, 0 bytes, Stack size 0 bytes, startup_stm32f4xx.o(.text))
<BR>[Address Reference Count : 1]<UL><LI> startup_stm32f4xx.o(RESET)
</UL>
<P><STRONG><a name="[31]"></a>SPI2_IRQHandler</STRONG> (Thumb, 0 bytes, Stack size 0 bytes, startup_stm32f4xx.o(.text))
<BR>[Address Reference Count : 1]<UL><LI> startup_stm32f4xx.o(RESET)
</UL>
<P><STRONG><a name="[40]"></a>SPI3_IRQHandler</STRONG> (Thumb, 0 bytes, Stack size 0 bytes, startup_stm32f4xx.o(.text))
<BR>[Address Reference Count : 1]<UL><LI> startup_stm32f4xx.o(RESET)
</UL>
<P><STRONG><a name="[f]"></a>TAMP_STAMP_IRQHandler</STRONG> (Thumb, 0 bytes, Stack size 0 bytes, startup_stm32f4xx.o(.text))
<BR>[Address Reference Count : 1]<UL><LI> startup_stm32f4xx.o(RESET)
</UL>
<P><STRONG><a name="[25]"></a>TIM1_BRK_TIM9_IRQHandler</STRONG> (Thumb, 0 bytes, Stack size 0 bytes, startup_stm32f4xx.o(.text))
<BR>[Address Reference Count : 1]<UL><LI> startup_stm32f4xx.o(RESET)
</UL>
<P><STRONG><a name="[28]"></a>TIM1_CC_IRQHandler</STRONG> (Thumb, 0 bytes, Stack size 0 bytes, startup_stm32f4xx.o(.text))
<BR>[Address Reference Count : 1]<UL><LI> startup_stm32f4xx.o(RESET)
</UL>
<P><STRONG><a name="[29]"></a>TIM2_IRQHandler</STRONG> (Thumb, 0 bytes, Stack size 0 bytes, startup_stm32f4xx.o(.text))
<BR>[Address Reference Count : 1]<UL><LI> startup_stm32f4xx.o(RESET)
</UL>
<P><STRONG><a name="[2a]"></a>TIM3_IRQHandler</STRONG> (Thumb, 0 bytes, Stack size 0 bytes, startup_stm32f4xx.o(.text))
<BR>[Address Reference Count : 1]<UL><LI> startup_stm32f4xx.o(RESET)
</UL>
<P><STRONG><a name="[3f]"></a>TIM5_IRQHandler</STRONG> (Thumb, 0 bytes, Stack size 0 bytes, startup_stm32f4xx.o(.text))
<BR>[Address Reference Count : 1]<UL><LI> startup_stm32f4xx.o(RESET)
</UL>
<P><STRONG><a name="[43]"></a>TIM6_DAC_IRQHandler</STRONG> (Thumb, 0 bytes, Stack size 0 bytes, startup_stm32f4xx.o(.text))
<BR>[Address Reference Count : 1]<UL><LI> startup_stm32f4xx.o(RESET)
</UL>
<P><STRONG><a name="[3b]"></a>TIM8_CC_IRQHandler</STRONG> (Thumb, 0 bytes, Stack size 0 bytes, startup_stm32f4xx.o(.text))
<BR>[Address Reference Count : 1]<UL><LI> startup_stm32f4xx.o(RESET)
</UL>
<P><STRONG><a name="[41]"></a>UART4_IRQHandler</STRONG> (Thumb, 0 bytes, Stack size 0 bytes, startup_stm32f4xx.o(.text))
<BR>[Address Reference Count : 1]<UL><LI> startup_stm32f4xx.o(RESET)
</UL>
<P><STRONG><a name="[42]"></a>UART5_IRQHandler</STRONG> (Thumb, 0 bytes, Stack size 0 bytes, startup_stm32f4xx.o(.text))
<BR>[Address Reference Count : 1]<UL><LI> startup_stm32f4xx.o(RESET)
</UL>
<P><STRONG><a name="[33]"></a>USART2_IRQHandler</STRONG> (Thumb, 0 bytes, Stack size 0 bytes, startup_stm32f4xx.o(.text))
<BR>[Address Reference Count : 1]<UL><LI> startup_stm32f4xx.o(RESET)
</UL>
<P><STRONG><a name="[34]"></a>USART3_IRQHandler</STRONG> (Thumb, 0 bytes, Stack size 0 bytes, startup_stm32f4xx.o(.text))
<BR>[Address Reference Count : 1]<UL><LI> startup_stm32f4xx.o(RESET)
</UL>
<P><STRONG><a name="[54]"></a>USART6_IRQHandler</STRONG> (Thumb, 0 bytes, Stack size 0 bytes, startup_stm32f4xx.o(.text))
<BR>[Address Reference Count : 1]<UL><LI> startup_stm32f4xx.o(RESET)
</UL>
<P><STRONG><a name="[d]"></a>WWDG_IRQHandler</STRONG> (Thumb, 0 bytes, Stack size 0 bytes, startup_stm32f4xx.o(.text))
<BR>[Address Reference Count : 1]<UL><LI> startup_stm32f4xx.o(RESET)
</UL>
<P><STRONG><a name="[20a]"></a>__user_initial_stackheap</STRONG> (Thumb, 0 bytes, Stack size unknown bytes, startup_stm32f4xx.o(.text))
<BR><BR>[Called By]<UL><LI><a href="#[7f]">&gt;&gt;</a>&nbsp;&nbsp;&nbsp;__user_setup_stackheap
</UL>

<P><STRONG><a name="[ca]"></a>delay_us</STRONG> (Thumb, 18 bytes, Stack size 0 bytes, delay.o(.text))
<BR><BR>[Called By]<UL><LI><a href="#[cb]">&gt;&gt;</a>&nbsp;&nbsp;&nbsp;LCD_ReadReg
<LI><a href="#[9d]">&gt;&gt;</a>&nbsp;&nbsp;&nbsp;delay_ms
<LI><a href="#[19c]">&gt;&gt;</a>&nbsp;&nbsp;&nbsp;Get_Key
</UL>

<P><STRONG><a name="[9d]"></a>delay_ms</STRONG> (Thumb, 24 bytes, Stack size 8 bytes, delay.o(.text))
<BR><BR>[Stack]<UL><LI>Max Depth = 8<LI>Call Chain = delay_ms
</UL>
<BR>[Calls]<UL><LI><a href="#[ca]">&gt;&gt;</a>&nbsp;&nbsp;&nbsp;delay_us
</UL>
<BR>[Called By]<UL><LI><a href="#[a7]">&gt;&gt;</a>&nbsp;&nbsp;&nbsp;Sim808_PowerOnOff
<LI><a href="#[a8]">&gt;&gt;</a>&nbsp;&nbsp;&nbsp;Sim808_Init
<LI><a href="#[b0]">&gt;&gt;</a>&nbsp;&nbsp;&nbsp;SMS_Read
<LI><a href="#[b1]">&gt;&gt;</a>&nbsp;&nbsp;&nbsp;SMS_Delete
<LI><a href="#[c0]">&gt;&gt;</a>&nbsp;&nbsp;&nbsp;Purchase_price_Get
<LI><a href="#[9f]">&gt;&gt;</a>&nbsp;&nbsp;&nbsp;LCD_Init
<LI><a href="#[ba]">&gt;&gt;</a>&nbsp;&nbsp;&nbsp;LCD_Clear
<LI><a href="#[b9]">&gt;&gt;</a>&nbsp;&nbsp;&nbsp;HTTP_Upload
<LI><a href="#[b7]">&gt;&gt;</a>&nbsp;&nbsp;&nbsp;HTTP_Post_Upload
<LI><a href="#[c3]">&gt;&gt;</a>&nbsp;&nbsp;&nbsp;Get_GSM_Signal_Quality
<LI><a href="#[b2]">&gt;&gt;</a>&nbsp;&nbsp;&nbsp;Get_GPS_Signal_Quality
<LI><a href="#[b3]">&gt;&gt;</a>&nbsp;&nbsp;&nbsp;GetInfo
<LI><a href="#[c1]">&gt;&gt;</a>&nbsp;&nbsp;&nbsp;Card_Pass_Get
<LI><a href="#[a2]">&gt;&gt;</a>&nbsp;&nbsp;&nbsp;Bmp_Show
<LI><a href="#[b8]">&gt;&gt;</a>&nbsp;&nbsp;&nbsp;Blink_2
<LI><a href="#[c4]">&gt;&gt;</a>&nbsp;&nbsp;&nbsp;Loading
<LI><a href="#[83]">&gt;&gt;</a>&nbsp;&nbsp;&nbsp;main
<LI><a href="#[1b2]">&gt;&gt;</a>&nbsp;&nbsp;&nbsp;GetSpeed
<LI><a href="#[1ae]">&gt;&gt;</a>&nbsp;&nbsp;&nbsp;SMS_Receive
<LI><a href="#[1ad]">&gt;&gt;</a>&nbsp;&nbsp;&nbsp;SMS_Send
<LI><a href="#[1ab]">&gt;&gt;</a>&nbsp;&nbsp;&nbsp;HTTP_Config
<LI><a href="#[1a8]">&gt;&gt;</a>&nbsp;&nbsp;&nbsp;Blink_1
<LI><a href="#[197]">&gt;&gt;</a>&nbsp;&nbsp;&nbsp;Get_Top_Key
<LI><a href="#[39]">&gt;&gt;</a>&nbsp;&nbsp;&nbsp;TIM8_UP_TIM13_IRQHandler
<LI><a href="#[26]">&gt;&gt;</a>&nbsp;&nbsp;&nbsp;TIM1_UP_TIM10_IRQHandler
</UL>

<P><STRONG><a name="[cc]"></a>LCD_WR_REG</STRONG> (Thumb, 6 bytes, Stack size 0 bytes, lcd.o(.text))
<BR><BR>[Called By]<UL><LI><a href="#[f7]">&gt;&gt;</a>&nbsp;&nbsp;&nbsp;LCD_Show_Image
<LI><a href="#[d9]">&gt;&gt;</a>&nbsp;&nbsp;&nbsp;LCD_Fast_DrawPoint
<LI><a href="#[d5]">&gt;&gt;</a>&nbsp;&nbsp;&nbsp;LCD_Scan_Dir
<LI><a href="#[d4]">&gt;&gt;</a>&nbsp;&nbsp;&nbsp;LCD_DisplayOff
<LI><a href="#[d3]">&gt;&gt;</a>&nbsp;&nbsp;&nbsp;LCD_DisplayOn
<LI><a href="#[d0]">&gt;&gt;</a>&nbsp;&nbsp;&nbsp;LCD_ReadPoint
<LI><a href="#[ce]">&gt;&gt;</a>&nbsp;&nbsp;&nbsp;LCD_SetCursor
<LI><a href="#[cb]">&gt;&gt;</a>&nbsp;&nbsp;&nbsp;LCD_ReadReg
<LI><a href="#[92]">&gt;&gt;</a>&nbsp;&nbsp;&nbsp;LCD_MyShow_Image
<LI><a href="#[9f]">&gt;&gt;</a>&nbsp;&nbsp;&nbsp;LCD_Init
</UL>

<P><STRONG><a name="[cf]"></a>LCD_WR_DATA</STRONG> (Thumb, 8 bytes, Stack size 0 bytes, lcd.o(.text))
<BR><BR>[Called By]<UL><LI><a href="#[f7]">&gt;&gt;</a>&nbsp;&nbsp;&nbsp;LCD_Show_Image
<LI><a href="#[d9]">&gt;&gt;</a>&nbsp;&nbsp;&nbsp;LCD_Fast_DrawPoint
<LI><a href="#[d5]">&gt;&gt;</a>&nbsp;&nbsp;&nbsp;LCD_Scan_Dir
<LI><a href="#[ce]">&gt;&gt;</a>&nbsp;&nbsp;&nbsp;LCD_SetCursor
<LI><a href="#[92]">&gt;&gt;</a>&nbsp;&nbsp;&nbsp;LCD_MyShow_Image
<LI><a href="#[9f]">&gt;&gt;</a>&nbsp;&nbsp;&nbsp;LCD_Init
<LI><a href="#[c6]">&gt;&gt;</a>&nbsp;&nbsp;&nbsp;LCD_Fill
</UL>

<P><STRONG><a name="[cd]"></a>LCD_RD_DATA</STRONG> (Thumb, 8 bytes, Stack size 0 bytes, lcd.o(.text))
<BR><BR>[Called By]<UL><LI><a href="#[cb]">&gt;&gt;</a>&nbsp;&nbsp;&nbsp;LCD_ReadReg
<LI><a href="#[9f]">&gt;&gt;</a>&nbsp;&nbsp;&nbsp;LCD_Init
</UL>

<P><STRONG><a name="[14b]"></a>LCD_Reg</STRONG> (Thumb, 6 bytes, Stack size 0 bytes, lcd.o(.text))
<BR><BR>[Called By]<UL><LI><a href="#[a2]">&gt;&gt;</a>&nbsp;&nbsp;&nbsp;Bmp_Show
</UL>

<P><STRONG><a name="[c5]"></a>LCD_WriteReg</STRONG> (Thumb, 10 bytes, Stack size 0 bytes, lcd.o(.text))
<BR><BR>[Called By]<UL><LI><a href="#[f7]">&gt;&gt;</a>&nbsp;&nbsp;&nbsp;LCD_Show_Image
<LI><a href="#[d9]">&gt;&gt;</a>&nbsp;&nbsp;&nbsp;LCD_Fast_DrawPoint
<LI><a href="#[d5]">&gt;&gt;</a>&nbsp;&nbsp;&nbsp;LCD_Scan_Dir
<LI><a href="#[d4]">&gt;&gt;</a>&nbsp;&nbsp;&nbsp;LCD_DisplayOff
<LI><a href="#[d3]">&gt;&gt;</a>&nbsp;&nbsp;&nbsp;LCD_DisplayOn
<LI><a href="#[ce]">&gt;&gt;</a>&nbsp;&nbsp;&nbsp;LCD_SetCursor
<LI><a href="#[92]">&gt;&gt;</a>&nbsp;&nbsp;&nbsp;LCD_MyShow_Image
<LI><a href="#[9f]">&gt;&gt;</a>&nbsp;&nbsp;&nbsp;LCD_Init
<LI><a href="#[ba]">&gt;&gt;</a>&nbsp;&nbsp;&nbsp;LCD_Clear
<LI><a href="#[a2]">&gt;&gt;</a>&nbsp;&nbsp;&nbsp;Bmp_Show
<LI><a href="#[c4]">&gt;&gt;</a>&nbsp;&nbsp;&nbsp;Loading
</UL>

<P><STRONG><a name="[cb]"></a>LCD_ReadReg</STRONG> (Thumb, 22 bytes, Stack size 8 bytes, lcd.o(.text))
<BR><BR>[Stack]<UL><LI>Max Depth = 8<LI>Call Chain = LCD_ReadReg
</UL>
<BR>[Calls]<UL><LI><a href="#[cd]">&gt;&gt;</a>&nbsp;&nbsp;&nbsp;LCD_RD_DATA
<LI><a href="#[cc]">&gt;&gt;</a>&nbsp;&nbsp;&nbsp;LCD_WR_REG
<LI><a href="#[ca]">&gt;&gt;</a>&nbsp;&nbsp;&nbsp;delay_us
</UL>
<BR>[Called By]<UL><LI><a href="#[9f]">&gt;&gt;</a>&nbsp;&nbsp;&nbsp;LCD_Init
</UL>

<P><STRONG><a name="[d7]"></a>LCD_WriteRAM_Prepare</STRONG> (Thumb, 10 bytes, Stack size 0 bytes, lcd.o(.text))
<BR><BR>[Called By]<UL><LI><a href="#[e2]">&gt;&gt;</a>&nbsp;&nbsp;&nbsp;LCD_Color_Fill
<LI><a href="#[e1]">&gt;&gt;</a>&nbsp;&nbsp;&nbsp;myLCD_Clear
<LI><a href="#[d8]">&gt;&gt;</a>&nbsp;&nbsp;&nbsp;myLCD_DrawPoint
<LI><a href="#[d6]">&gt;&gt;</a>&nbsp;&nbsp;&nbsp;LCD_DrawPoint
<LI><a href="#[c6]">&gt;&gt;</a>&nbsp;&nbsp;&nbsp;LCD_Fill
<LI><a href="#[ba]">&gt;&gt;</a>&nbsp;&nbsp;&nbsp;LCD_Clear
</UL>

<P><STRONG><a name="[14a]"></a>LCD_WriteRAM</STRONG> (Thumb, 8 bytes, Stack size 0 bytes, lcd.o(.text))
<BR><BR>[Called By]<UL><LI><a href="#[149]">&gt;&gt;</a>&nbsp;&nbsp;&nbsp;RGB
</UL>

<P><STRONG><a name="[d2]"></a>LCD_BGR2RGB</STRONG> (Thumb, 26 bytes, Stack size 12 bytes, lcd.o(.text), UNUSED)
<BR><BR>[Called By]<UL><LI><a href="#[d0]">&gt;&gt;</a>&nbsp;&nbsp;&nbsp;LCD_ReadPoint
</UL>

<P><STRONG><a name="[d1]"></a>opt_delay</STRONG> (Thumb, 14 bytes, Stack size 0 bytes, lcd.o(.text), UNUSED)
<BR><BR>[Called By]<UL><LI><a href="#[d0]">&gt;&gt;</a>&nbsp;&nbsp;&nbsp;LCD_ReadPoint
</UL>

<P><STRONG><a name="[ce]"></a>LCD_SetCursor</STRONG> (Thumb, 112 bytes, Stack size 8 bytes, lcd.o(.text))
<BR><BR>[Stack]<UL><LI>Max Depth = 8<LI>Call Chain = LCD_SetCursor
</UL>
<BR>[Calls]<UL><LI><a href="#[cf]">&gt;&gt;</a>&nbsp;&nbsp;&nbsp;LCD_WR_DATA
<LI><a href="#[cc]">&gt;&gt;</a>&nbsp;&nbsp;&nbsp;LCD_WR_REG
<LI><a href="#[c5]">&gt;&gt;</a>&nbsp;&nbsp;&nbsp;LCD_WriteReg
</UL>
<BR>[Called By]<UL><LI><a href="#[e2]">&gt;&gt;</a>&nbsp;&nbsp;&nbsp;LCD_Color_Fill
<LI><a href="#[e1]">&gt;&gt;</a>&nbsp;&nbsp;&nbsp;myLCD_Clear
<LI><a href="#[d8]">&gt;&gt;</a>&nbsp;&nbsp;&nbsp;myLCD_DrawPoint
<LI><a href="#[d6]">&gt;&gt;</a>&nbsp;&nbsp;&nbsp;LCD_DrawPoint
<LI><a href="#[d0]">&gt;&gt;</a>&nbsp;&nbsp;&nbsp;LCD_ReadPoint
<LI><a href="#[c6]">&gt;&gt;</a>&nbsp;&nbsp;&nbsp;LCD_Fill
<LI><a href="#[ba]">&gt;&gt;</a>&nbsp;&nbsp;&nbsp;LCD_Clear
</UL>

<P><STRONG><a name="[d0]"></a>LCD_ReadPoint</STRONG> (Thumb, 276 bytes, Stack size 24 bytes, lcd.o(.text), UNUSED)
<BR><BR>[Calls]<UL><LI><a href="#[ce]">&gt;&gt;</a>&nbsp;&nbsp;&nbsp;LCD_SetCursor
<LI><a href="#[d1]">&gt;&gt;</a>&nbsp;&nbsp;&nbsp;opt_delay
<LI><a href="#[d2]">&gt;&gt;</a>&nbsp;&nbsp;&nbsp;LCD_BGR2RGB
<LI><a href="#[cc]">&gt;&gt;</a>&nbsp;&nbsp;&nbsp;LCD_WR_REG
</UL>
<BR>[Called By]<UL><LI><a href="#[fb]">&gt;&gt;</a>&nbsp;&nbsp;&nbsp;myLCD_putchar
</UL>

<P><STRONG><a name="[d3]"></a>LCD_DisplayOn</STRONG> (Thumb, 46 bytes, Stack size 4 bytes, lcd.o(.text), UNUSED)
<BR><BR>[Calls]<UL><LI><a href="#[cc]">&gt;&gt;</a>&nbsp;&nbsp;&nbsp;LCD_WR_REG
<LI><a href="#[c5]">&gt;&gt;</a>&nbsp;&nbsp;&nbsp;LCD_WriteReg
</UL>

<P><STRONG><a name="[d4]"></a>LCD_DisplayOff</STRONG> (Thumb, 44 bytes, Stack size 4 bytes, lcd.o(.text), UNUSED)
<BR><BR>[Calls]<UL><LI><a href="#[cc]">&gt;&gt;</a>&nbsp;&nbsp;&nbsp;LCD_WR_REG
<LI><a href="#[c5]">&gt;&gt;</a>&nbsp;&nbsp;&nbsp;LCD_WriteReg
</UL>

<P><STRONG><a name="[d5]"></a>LCD_Scan_Dir</STRONG> (Thumb, 462 bytes, Stack size 16 bytes, lcd.o(.text))
<BR><BR>[Stack]<UL><LI>Max Depth = 16<LI>Call Chain = LCD_Scan_Dir
</UL>
<BR>[Calls]<UL><LI><a href="#[cf]">&gt;&gt;</a>&nbsp;&nbsp;&nbsp;LCD_WR_DATA
<LI><a href="#[cc]">&gt;&gt;</a>&nbsp;&nbsp;&nbsp;LCD_WR_REG
<LI><a href="#[c5]">&gt;&gt;</a>&nbsp;&nbsp;&nbsp;LCD_WriteReg
</UL>
<BR>[Called By]<UL><LI><a href="#[da]">&gt;&gt;</a>&nbsp;&nbsp;&nbsp;LCD_Display_Dir
</UL>

<P><STRONG><a name="[d6]"></a>LCD_DrawPoint</STRONG> (Thumb, 28 bytes, Stack size 12 bytes, lcd.o(.text))
<BR><BR>[Stack]<UL><LI>Max Depth = 20<LI>Call Chain = LCD_DrawPoint &rArr; LCD_SetCursor
</UL>
<BR>[Calls]<UL><LI><a href="#[ce]">&gt;&gt;</a>&nbsp;&nbsp;&nbsp;LCD_SetCursor
<LI><a href="#[d7]">&gt;&gt;</a>&nbsp;&nbsp;&nbsp;LCD_WriteRAM_Prepare
</UL>
<BR>[Called By]<UL><LI><a href="#[ea]">&gt;&gt;</a>&nbsp;&nbsp;&nbsp;LCD_ShowChar
<LI><a href="#[e9]">&gt;&gt;</a>&nbsp;&nbsp;&nbsp;LCD_MyShowChar
<LI><a href="#[e3]">&gt;&gt;</a>&nbsp;&nbsp;&nbsp;LCD_DrawLine
</UL>

<P><STRONG><a name="[d8]"></a>myLCD_DrawPoint</STRONG> (Thumb, 26 bytes, Stack size 16 bytes, lcd.o(.text))
<BR><BR>[Stack]<UL><LI>Max Depth = 24<LI>Call Chain = myLCD_DrawPoint &rArr; LCD_SetCursor
</UL>
<BR>[Calls]<UL><LI><a href="#[ce]">&gt;&gt;</a>&nbsp;&nbsp;&nbsp;LCD_SetCursor
<LI><a href="#[d7]">&gt;&gt;</a>&nbsp;&nbsp;&nbsp;LCD_WriteRAM_Prepare
</UL>
<BR>[Called By]<UL><LI><a href="#[fb]">&gt;&gt;</a>&nbsp;&nbsp;&nbsp;myLCD_putchar
<LI><a href="#[fa]">&gt;&gt;</a>&nbsp;&nbsp;&nbsp;myLCD_draw_round_rectangle
<LI><a href="#[f9]">&gt;&gt;</a>&nbsp;&nbsp;&nbsp;myLCD_put_bold_char
<LI><a href="#[f8]">&gt;&gt;</a>&nbsp;&nbsp;&nbsp;myLCD_put_char
<LI><a href="#[e9]">&gt;&gt;</a>&nbsp;&nbsp;&nbsp;LCD_MyShowChar
<LI><a href="#[e8]">&gt;&gt;</a>&nbsp;&nbsp;&nbsp;LCD_MyShowChar3
<LI><a href="#[e7]">&gt;&gt;</a>&nbsp;&nbsp;&nbsp;Draw_Circle
<LI><a href="#[e6]">&gt;&gt;</a>&nbsp;&nbsp;&nbsp;myLCD_DrawRectangle
<LI><a href="#[e4]">&gt;&gt;</a>&nbsp;&nbsp;&nbsp;myLCD_DrawLine
</UL>

<P><STRONG><a name="[d9]"></a>LCD_Fast_DrawPoint</STRONG> (Thumb, 128 bytes, Stack size 12 bytes, lcd.o(.text), UNUSED)
<BR><BR>[Calls]<UL><LI><a href="#[cf]">&gt;&gt;</a>&nbsp;&nbsp;&nbsp;LCD_WR_DATA
<LI><a href="#[cc]">&gt;&gt;</a>&nbsp;&nbsp;&nbsp;LCD_WR_REG
<LI><a href="#[c5]">&gt;&gt;</a>&nbsp;&nbsp;&nbsp;LCD_WriteReg
</UL>

<P><STRONG><a name="[da]"></a>LCD_Display_Dir</STRONG> (Thumb, 238 bytes, Stack size 8 bytes, lcd.o(.text))
<BR><BR>[Stack]<UL><LI>Max Depth = 24<LI>Call Chain = LCD_Display_Dir &rArr; LCD_Scan_Dir
</UL>
<BR>[Calls]<UL><LI><a href="#[d5]">&gt;&gt;</a>&nbsp;&nbsp;&nbsp;LCD_Scan_Dir
</UL>
<BR>[Called By]<UL><LI><a href="#[9f]">&gt;&gt;</a>&nbsp;&nbsp;&nbsp;LCD_Init
</UL>

<P><STRONG><a name="[ba]"></a>LCD_Clear</STRONG> (Thumb, 74 bytes, Stack size 16 bytes, lcd.o(.text))
<BR><BR>[Stack]<UL><LI>Max Depth = 24<LI>Call Chain = LCD_Clear &rArr; LCD_SetCursor
</UL>
<BR>[Calls]<UL><LI><a href="#[ce]">&gt;&gt;</a>&nbsp;&nbsp;&nbsp;LCD_SetCursor
<LI><a href="#[d7]">&gt;&gt;</a>&nbsp;&nbsp;&nbsp;LCD_WriteRAM_Prepare
<LI><a href="#[9d]">&gt;&gt;</a>&nbsp;&nbsp;&nbsp;delay_ms
<LI><a href="#[c5]">&gt;&gt;</a>&nbsp;&nbsp;&nbsp;LCD_WriteReg
</UL>
<BR>[Called By]<UL><LI><a href="#[9f]">&gt;&gt;</a>&nbsp;&nbsp;&nbsp;LCD_Init
<LI><a href="#[83]">&gt;&gt;</a>&nbsp;&nbsp;&nbsp;main
<LI><a href="#[1ae]">&gt;&gt;</a>&nbsp;&nbsp;&nbsp;SMS_Receive
<LI><a href="#[39]">&gt;&gt;</a>&nbsp;&nbsp;&nbsp;TIM8_UP_TIM13_IRQHandler
<LI><a href="#[26]">&gt;&gt;</a>&nbsp;&nbsp;&nbsp;TIM1_UP_TIM10_IRQHandler
</UL>

<P><STRONG><a name="[9f]"></a>LCD_Init</STRONG> (Thumb, 6460 bytes, Stack size 128 bytes, lcd.o(.text))
<BR><BR>[Stack]<UL><LI>Max Depth = 152<LI>Call Chain = LCD_Init &rArr; LCD_Display_Dir &rArr; LCD_Scan_Dir
</UL>
<BR>[Calls]<UL><LI><a href="#[db]">&gt;&gt;</a>&nbsp;&nbsp;&nbsp;RCC_AHB3PeriphClockCmd
<LI><a href="#[dc]">&gt;&gt;</a>&nbsp;&nbsp;&nbsp;RCC_AHB1PeriphClockCmd
<LI><a href="#[de]">&gt;&gt;</a>&nbsp;&nbsp;&nbsp;GPIO_PinAFConfig
<LI><a href="#[dd]">&gt;&gt;</a>&nbsp;&nbsp;&nbsp;GPIO_Init
<LI><a href="#[df]">&gt;&gt;</a>&nbsp;&nbsp;&nbsp;FSMC_NORSRAMInit
<LI><a href="#[e0]">&gt;&gt;</a>&nbsp;&nbsp;&nbsp;FSMC_NORSRAMCmd
<LI><a href="#[da]">&gt;&gt;</a>&nbsp;&nbsp;&nbsp;LCD_Display_Dir
<LI><a href="#[cb]">&gt;&gt;</a>&nbsp;&nbsp;&nbsp;LCD_ReadReg
<LI><a href="#[cd]">&gt;&gt;</a>&nbsp;&nbsp;&nbsp;LCD_RD_DATA
<LI><a href="#[cf]">&gt;&gt;</a>&nbsp;&nbsp;&nbsp;LCD_WR_DATA
<LI><a href="#[cc]">&gt;&gt;</a>&nbsp;&nbsp;&nbsp;LCD_WR_REG
<LI><a href="#[9d]">&gt;&gt;</a>&nbsp;&nbsp;&nbsp;delay_ms
<LI><a href="#[c5]">&gt;&gt;</a>&nbsp;&nbsp;&nbsp;LCD_WriteReg
<LI><a href="#[ba]">&gt;&gt;</a>&nbsp;&nbsp;&nbsp;LCD_Clear
</UL>
<BR>[Called By]<UL><LI><a href="#[83]">&gt;&gt;</a>&nbsp;&nbsp;&nbsp;main
</UL>

<P><STRONG><a name="[e1]"></a>myLCD_Clear</STRONG> (Thumb, 42 bytes, Stack size 16 bytes, lcd.o(.text), UNUSED)
<BR><BR>[Calls]<UL><LI><a href="#[ce]">&gt;&gt;</a>&nbsp;&nbsp;&nbsp;LCD_SetCursor
<LI><a href="#[d7]">&gt;&gt;</a>&nbsp;&nbsp;&nbsp;LCD_WriteRAM_Prepare
</UL>

<P><STRONG><a name="[c6]"></a>LCD_Fill</STRONG> (Thumb, 80 bytes, Stack size 36 bytes, lcd.o(.text))
<BR><BR>[Stack]<UL><LI>Max Depth = 44<LI>Call Chain = LCD_Fill &rArr; LCD_SetCursor
</UL>
<BR>[Calls]<UL><LI><a href="#[ce]">&gt;&gt;</a>&nbsp;&nbsp;&nbsp;LCD_SetCursor
<LI><a href="#[d7]">&gt;&gt;</a>&nbsp;&nbsp;&nbsp;LCD_WriteRAM_Prepare
<LI><a href="#[cf]">&gt;&gt;</a>&nbsp;&nbsp;&nbsp;LCD_WR_DATA
</UL>
<BR>[Called By]<UL><LI><a href="#[f1]">&gt;&gt;</a>&nbsp;&nbsp;&nbsp;Button2
<LI><a href="#[f0]">&gt;&gt;</a>&nbsp;&nbsp;&nbsp;Button
<LI><a href="#[c3]">&gt;&gt;</a>&nbsp;&nbsp;&nbsp;Get_GSM_Signal_Quality
<LI><a href="#[c4]">&gt;&gt;</a>&nbsp;&nbsp;&nbsp;Loading
<LI><a href="#[26]">&gt;&gt;</a>&nbsp;&nbsp;&nbsp;TIM1_UP_TIM10_IRQHandler
</UL>

<P><STRONG><a name="[e2]"></a>LCD_Color_Fill</STRONG> (Thumb, 106 bytes, Stack size 40 bytes, lcd.o(.text), UNUSED)
<BR><BR>[Calls]<UL><LI><a href="#[ce]">&gt;&gt;</a>&nbsp;&nbsp;&nbsp;LCD_SetCursor
<LI><a href="#[d7]">&gt;&gt;</a>&nbsp;&nbsp;&nbsp;LCD_WriteRAM_Prepare
</UL>

<P><STRONG><a name="[e3]"></a>LCD_DrawLine</STRONG> (Thumb, 176 bytes, Stack size 68 bytes, lcd.o(.text), UNUSED)
<BR><BR>[Calls]<UL><LI><a href="#[d6]">&gt;&gt;</a>&nbsp;&nbsp;&nbsp;LCD_DrawPoint
</UL>
<BR>[Called By]<UL><LI><a href="#[e5]">&gt;&gt;</a>&nbsp;&nbsp;&nbsp;LCD_DrawRectangle
</UL>

<P><STRONG><a name="[e4]"></a>myLCD_DrawLine</STRONG> (Thumb, 172 bytes, Stack size 68 bytes, lcd.o(.text), UNUSED)
<BR><BR>[Calls]<UL><LI><a href="#[d8]">&gt;&gt;</a>&nbsp;&nbsp;&nbsp;myLCD_DrawPoint
</UL>
<BR>[Called By]<UL><LI><a href="#[e6]">&gt;&gt;</a>&nbsp;&nbsp;&nbsp;myLCD_DrawRectangle
</UL>

<P><STRONG><a name="[e5]"></a>LCD_DrawRectangle</STRONG> (Thumb, 60 bytes, Stack size 20 bytes, lcd.o(.text), UNUSED)
<BR><BR>[Calls]<UL><LI><a href="#[e3]">&gt;&gt;</a>&nbsp;&nbsp;&nbsp;LCD_DrawLine
</UL>

<P><STRONG><a name="[e6]"></a>myLCD_DrawRectangle</STRONG> (Thumb, 154 bytes, Stack size 40 bytes, lcd.o(.text), UNUSED)
<BR><BR>[Calls]<UL><LI><a href="#[e4]">&gt;&gt;</a>&nbsp;&nbsp;&nbsp;myLCD_DrawLine
<LI><a href="#[d8]">&gt;&gt;</a>&nbsp;&nbsp;&nbsp;myLCD_DrawPoint
</UL>
<BR>[Called By]<UL><LI><a href="#[fa]">&gt;&gt;</a>&nbsp;&nbsp;&nbsp;myLCD_draw_round_rectangle
</UL>

<P><STRONG><a name="[e7]"></a>Draw_Circle</STRONG> (Thumb, 170 bytes, Stack size 32 bytes, lcd.o(.text), UNUSED)
<BR><BR>[Calls]<UL><LI><a href="#[d8]">&gt;&gt;</a>&nbsp;&nbsp;&nbsp;myLCD_DrawPoint
</UL>

<P><STRONG><a name="[e8]"></a>LCD_MyShowChar3</STRONG> (Thumb, 246 bytes, Stack size 60 bytes, lcd.o(.text))
<BR><BR>[Stack]<UL><LI>Max Depth = 84<LI>Call Chain = LCD_MyShowChar3 &rArr; myLCD_DrawPoint &rArr; LCD_SetCursor
</UL>
<BR>[Calls]<UL><LI><a href="#[d8]">&gt;&gt;</a>&nbsp;&nbsp;&nbsp;myLCD_DrawPoint
</UL>
<BR>[Called By]<UL><LI><a href="#[ef]">&gt;&gt;</a>&nbsp;&nbsp;&nbsp;LCD_MyShowString3
</UL>

<P><STRONG><a name="[e9]"></a>LCD_MyShowChar</STRONG> (Thumb, 348 bytes, Stack size 40 bytes, lcd.o(.text))
<BR><BR>[Stack]<UL><LI>Max Depth = 64<LI>Call Chain = LCD_MyShowChar &rArr; myLCD_DrawPoint &rArr; LCD_SetCursor
</UL>
<BR>[Calls]<UL><LI><a href="#[d8]">&gt;&gt;</a>&nbsp;&nbsp;&nbsp;myLCD_DrawPoint
<LI><a href="#[d6]">&gt;&gt;</a>&nbsp;&nbsp;&nbsp;LCD_DrawPoint
</UL>
<BR>[Called By]<UL><LI><a href="#[ee]">&gt;&gt;</a>&nbsp;&nbsp;&nbsp;LCD_MyShowString2
<LI><a href="#[90]">&gt;&gt;</a>&nbsp;&nbsp;&nbsp;LCD_MyShowString
</UL>

<P><STRONG><a name="[ea]"></a>LCD_ShowChar</STRONG> (Thumb, 340 bytes, Stack size 40 bytes, lcd.o(.text))
<BR><BR>[Stack]<UL><LI>Max Depth = 60<LI>Call Chain = LCD_ShowChar &rArr; LCD_DrawPoint &rArr; LCD_SetCursor
</UL>
<BR>[Calls]<UL><LI><a href="#[d6]">&gt;&gt;</a>&nbsp;&nbsp;&nbsp;LCD_DrawPoint
</UL>
<BR>[Called By]<UL><LI><a href="#[ed]">&gt;&gt;</a>&nbsp;&nbsp;&nbsp;LCD_ShowxNum
<LI><a href="#[eb]">&gt;&gt;</a>&nbsp;&nbsp;&nbsp;LCD_ShowNum
<LI><a href="#[b6]">&gt;&gt;</a>&nbsp;&nbsp;&nbsp;LCD_ShowStringWithSize
<LI><a href="#[a1]">&gt;&gt;</a>&nbsp;&nbsp;&nbsp;LCD_ShowString
</UL>

<P><STRONG><a name="[ec]"></a>LCD_Pow</STRONG> (Thumb, 22 bytes, Stack size 8 bytes, lcd.o(.text), UNUSED)
<BR><BR>[Called By]<UL><LI><a href="#[ed]">&gt;&gt;</a>&nbsp;&nbsp;&nbsp;LCD_ShowxNum
<LI><a href="#[eb]">&gt;&gt;</a>&nbsp;&nbsp;&nbsp;LCD_ShowNum
</UL>

<P><STRONG><a name="[eb]"></a>LCD_ShowNum</STRONG> (Thumb, 174 bytes, Stack size 56 bytes, lcd.o(.text), UNUSED)
<BR><BR>[Calls]<UL><LI><a href="#[ec]">&gt;&gt;</a>&nbsp;&nbsp;&nbsp;LCD_Pow
<LI><a href="#[ea]">&gt;&gt;</a>&nbsp;&nbsp;&nbsp;LCD_ShowChar
</UL>

<P><STRONG><a name="[ed]"></a>LCD_ShowxNum</STRONG> (Thumb, 190 bytes, Stack size 60 bytes, lcd.o(.text), UNUSED)
<BR><BR>[Calls]<UL><LI><a href="#[ec]">&gt;&gt;</a>&nbsp;&nbsp;&nbsp;LCD_Pow
<LI><a href="#[ea]">&gt;&gt;</a>&nbsp;&nbsp;&nbsp;LCD_ShowChar
</UL>

<P><STRONG><a name="[a1]"></a>LCD_ShowString</STRONG> (Thumb, 102 bytes, Stack size 36 bytes, lcd.o(.text))
<BR><BR>[Stack]<UL><LI>Max Depth = 96<LI>Call Chain = LCD_ShowString &rArr; LCD_ShowChar &rArr; LCD_DrawPoint &rArr; LCD_SetCursor
</UL>
<BR>[Calls]<UL><LI><a href="#[ea]">&gt;&gt;</a>&nbsp;&nbsp;&nbsp;LCD_ShowChar
</UL>
<BR>[Called By]<UL><LI><a href="#[a8]">&gt;&gt;</a>&nbsp;&nbsp;&nbsp;Sim808_Init
<LI><a href="#[83]">&gt;&gt;</a>&nbsp;&nbsp;&nbsp;main
<LI><a href="#[1ad]">&gt;&gt;</a>&nbsp;&nbsp;&nbsp;SMS_Send
<LI><a href="#[2b]">&gt;&gt;</a>&nbsp;&nbsp;&nbsp;TIM4_IRQHandler
</UL>

<P><STRONG><a name="[b6]"></a>LCD_ShowStringWithSize</STRONG> (Thumb, 108 bytes, Stack size 40 bytes, lcd.o(.text))
<BR><BR>[Stack]<UL><LI>Max Depth = 100<LI>Call Chain = LCD_ShowStringWithSize &rArr; LCD_ShowChar &rArr; LCD_DrawPoint &rArr; LCD_SetCursor
</UL>
<BR>[Calls]<UL><LI><a href="#[ea]">&gt;&gt;</a>&nbsp;&nbsp;&nbsp;LCD_ShowChar
</UL>
<BR>[Called By]<UL><LI><a href="#[b7]">&gt;&gt;</a>&nbsp;&nbsp;&nbsp;HTTP_Post_Upload
<LI><a href="#[83]">&gt;&gt;</a>&nbsp;&nbsp;&nbsp;main
</UL>

<P><STRONG><a name="[90]"></a>LCD_MyShowString</STRONG> (Thumb, 106 bytes, Stack size 52 bytes, lcd.o(.text))
<BR><BR>[Stack]<UL><LI>Max Depth = 116<LI>Call Chain = LCD_MyShowString &rArr; LCD_MyShowChar &rArr; myLCD_DrawPoint &rArr; LCD_SetCursor
</UL>
<BR>[Calls]<UL><LI><a href="#[e9]">&gt;&gt;</a>&nbsp;&nbsp;&nbsp;LCD_MyShowChar
</UL>
<BR>[Called By]<UL><LI><a href="#[f1]">&gt;&gt;</a>&nbsp;&nbsp;&nbsp;Button2
<LI><a href="#[f0]">&gt;&gt;</a>&nbsp;&nbsp;&nbsp;Button
<LI><a href="#[c0]">&gt;&gt;</a>&nbsp;&nbsp;&nbsp;Purchase_price_Get
<LI><a href="#[c1]">&gt;&gt;</a>&nbsp;&nbsp;&nbsp;Card_Pass_Get
<LI><a href="#[8e]">&gt;&gt;</a>&nbsp;&nbsp;&nbsp;fault_err
<LI><a href="#[26]">&gt;&gt;</a>&nbsp;&nbsp;&nbsp;TIM1_UP_TIM10_IRQHandler
</UL>

<P><STRONG><a name="[ee]"></a>LCD_MyShowString2</STRONG> (Thumb, 112 bytes, Stack size 48 bytes, lcd.o(.text), UNUSED)
<BR><BR>[Calls]<UL><LI><a href="#[e9]">&gt;&gt;</a>&nbsp;&nbsp;&nbsp;LCD_MyShowChar
</UL>

<P><STRONG><a name="[ef]"></a>LCD_MyShowString3</STRONG> (Thumb, 260 bytes, Stack size 52 bytes, lcd.o(.text))
<BR><BR>[Stack]<UL><LI>Max Depth = 136<LI>Call Chain = LCD_MyShowString3 &rArr; LCD_MyShowChar3 &rArr; myLCD_DrawPoint &rArr; LCD_SetCursor
</UL>
<BR>[Calls]<UL><LI><a href="#[e8]">&gt;&gt;</a>&nbsp;&nbsp;&nbsp;LCD_MyShowChar3
</UL>
<BR>[Called By]<UL><LI><a href="#[f0]">&gt;&gt;</a>&nbsp;&nbsp;&nbsp;Button
<LI><a href="#[39]">&gt;&gt;</a>&nbsp;&nbsp;&nbsp;TIM8_UP_TIM13_IRQHandler
<LI><a href="#[26]">&gt;&gt;</a>&nbsp;&nbsp;&nbsp;TIM1_UP_TIM10_IRQHandler
</UL>

<P><STRONG><a name="[f0]"></a>Button</STRONG> (Thumb, 218 bytes, Stack size 68 bytes, lcd.o(.text), UNUSED)
<BR><BR>[Calls]<UL><LI><a href="#[ef]">&gt;&gt;</a>&nbsp;&nbsp;&nbsp;LCD_MyShowString3
<LI><a href="#[90]">&gt;&gt;</a>&nbsp;&nbsp;&nbsp;LCD_MyShowString
<LI><a href="#[c6]">&gt;&gt;</a>&nbsp;&nbsp;&nbsp;LCD_Fill
</UL>

<P><STRONG><a name="[f1]"></a>Button2</STRONG> (Thumb, 326 bytes, Stack size 104 bytes, lcd.o(.text))
<BR><BR>[Stack]<UL><LI>Max Depth = 220<LI>Call Chain = Button2 &rArr; LCD_MyShowString &rArr; LCD_MyShowChar &rArr; myLCD_DrawPoint &rArr; LCD_SetCursor
</UL>
<BR>[Calls]<UL><LI><a href="#[90]">&gt;&gt;</a>&nbsp;&nbsp;&nbsp;LCD_MyShowString
<LI><a href="#[c6]">&gt;&gt;</a>&nbsp;&nbsp;&nbsp;LCD_Fill
<LI><a href="#[f3]">&gt;&gt;</a>&nbsp;&nbsp;&nbsp;__aeabi_dmul
<LI><a href="#[f2]">&gt;&gt;</a>&nbsp;&nbsp;&nbsp;__aeabi_ui2d
<LI><a href="#[f4]">&gt;&gt;</a>&nbsp;&nbsp;&nbsp;__aeabi_i2d
<LI><a href="#[99]">&gt;&gt;</a>&nbsp;&nbsp;&nbsp;__aeabi_d2uiz
<LI><a href="#[f5]">&gt;&gt;</a>&nbsp;&nbsp;&nbsp;__aeabi_dsub
<LI><a href="#[f6]">&gt;&gt;</a>&nbsp;&nbsp;&nbsp;__aeabi_dadd
</UL>
<BR>[Called By]<UL><LI><a href="#[26]">&gt;&gt;</a>&nbsp;&nbsp;&nbsp;TIM1_UP_TIM10_IRQHandler
</UL>

<P><STRONG><a name="[f7]"></a>LCD_Show_Image</STRONG> (Thumb, 188 bytes, Stack size 20 bytes, lcd.o(.text), UNUSED)
<BR><BR>[Calls]<UL><LI><a href="#[cf]">&gt;&gt;</a>&nbsp;&nbsp;&nbsp;LCD_WR_DATA
<LI><a href="#[cc]">&gt;&gt;</a>&nbsp;&nbsp;&nbsp;LCD_WR_REG
<LI><a href="#[c5]">&gt;&gt;</a>&nbsp;&nbsp;&nbsp;LCD_WriteReg
</UL>

<P><STRONG><a name="[92]"></a>LCD_MyShow_Image</STRONG> (Thumb, 192 bytes, Stack size 28 bytes, lcd.o(.text))
<BR><BR>[Stack]<UL><LI>Max Depth = 28<LI>Call Chain = LCD_MyShow_Image
</UL>
<BR>[Calls]<UL><LI><a href="#[cf]">&gt;&gt;</a>&nbsp;&nbsp;&nbsp;LCD_WR_DATA
<LI><a href="#[cc]">&gt;&gt;</a>&nbsp;&nbsp;&nbsp;LCD_WR_REG
<LI><a href="#[c5]">&gt;&gt;</a>&nbsp;&nbsp;&nbsp;LCD_WriteReg
</UL>
<BR>[Called By]<UL><LI><a href="#[c9]">&gt;&gt;</a>&nbsp;&nbsp;&nbsp;Data_Icon_Down
<LI><a href="#[c8]">&gt;&gt;</a>&nbsp;&nbsp;&nbsp;Data_Icon_Up
<LI><a href="#[c7]">&gt;&gt;</a>&nbsp;&nbsp;&nbsp;Massege_Icon
<LI><a href="#[83]">&gt;&gt;</a>&nbsp;&nbsp;&nbsp;main
<LI><a href="#[93]">&gt;&gt;</a>&nbsp;&nbsp;&nbsp;Location_Icon
<LI><a href="#[91]">&gt;&gt;</a>&nbsp;&nbsp;&nbsp;Danger_Icon
<LI><a href="#[39]">&gt;&gt;</a>&nbsp;&nbsp;&nbsp;TIM8_UP_TIM13_IRQHandler
</UL>

<P><STRONG><a name="[bd]"></a>myLCD_set_font_color</STRONG> (Thumb, 6 bytes, Stack size 0 bytes, lcd.o(.text))
<BR><BR>[Called By]<UL><LI><a href="#[83]">&gt;&gt;</a>&nbsp;&nbsp;&nbsp;main
<LI><a href="#[1ae]">&gt;&gt;</a>&nbsp;&nbsp;&nbsp;SMS_Receive
<LI><a href="#[39]">&gt;&gt;</a>&nbsp;&nbsp;&nbsp;TIM8_UP_TIM13_IRQHandler
<LI><a href="#[26]">&gt;&gt;</a>&nbsp;&nbsp;&nbsp;TIM1_UP_TIM10_IRQHandler
</UL>

<P><STRONG><a name="[266]"></a>myLCD_set_font_size</STRONG> (Thumb, 6 bytes, Stack size 0 bytes, lcd.o(.text), UNUSED)

<P><STRONG><a name="[267]"></a>myLCD_fa_num</STRONG> (Thumb, 8 bytes, Stack size 0 bytes, lcd.o(.text), UNUSED)

<P><STRONG><a name="[268]"></a>myLCD_en_num</STRONG> (Thumb, 8 bytes, Stack size 0 bytes, lcd.o(.text), UNUSED)

<P><STRONG><a name="[be]"></a>myLCD_font_effect</STRONG> (Thumb, 14 bytes, Stack size 0 bytes, lcd.o(.text))
<BR><BR>[Called By]<UL><LI><a href="#[83]">&gt;&gt;</a>&nbsp;&nbsp;&nbsp;main
<LI><a href="#[1ae]">&gt;&gt;</a>&nbsp;&nbsp;&nbsp;SMS_Receive
<LI><a href="#[39]">&gt;&gt;</a>&nbsp;&nbsp;&nbsp;TIM8_UP_TIM13_IRQHandler
<LI><a href="#[26]">&gt;&gt;</a>&nbsp;&nbsp;&nbsp;TIM1_UP_TIM10_IRQHandler
</UL>

<P><STRONG><a name="[269]"></a>myLCD_italic_on</STRONG> (Thumb, 8 bytes, Stack size 0 bytes, lcd.o(.text), UNUSED)

<P><STRONG><a name="[26a]"></a>myLCD_italic_off</STRONG> (Thumb, 8 bytes, Stack size 0 bytes, lcd.o(.text), UNUSED)

<P><STRONG><a name="[f8]"></a>myLCD_put_char</STRONG> (Thumb, 190 bytes, Stack size 24 bytes, lcd.o(.text), UNUSED)
<BR><BR>[Calls]<UL><LI><a href="#[d8]">&gt;&gt;</a>&nbsp;&nbsp;&nbsp;myLCD_DrawPoint
</UL>

<P><STRONG><a name="[26b]"></a>Get_String_Length</STRONG> (Thumb, 502 bytes, Stack size 36 bytes, lcd.o(.text), UNUSED)

<P><STRONG><a name="[f9]"></a>myLCD_put_bold_char</STRONG> (Thumb, 5846 bytes, Stack size 48 bytes, lcd.o(.text))
<BR><BR>[Stack]<UL><LI>Max Depth = 72<LI>Call Chain = myLCD_put_bold_char &rArr; myLCD_DrawPoint &rArr; LCD_SetCursor
</UL>
<BR>[Calls]<UL><LI><a href="#[d8]">&gt;&gt;</a>&nbsp;&nbsp;&nbsp;myLCD_DrawPoint
</UL>
<BR>[Called By]<UL><LI><a href="#[bf]">&gt;&gt;</a>&nbsp;&nbsp;&nbsp;myLCD_putsf_mix
</UL>

<P><STRONG><a name="[bb]"></a>myLCD_goto_xy</STRONG> (Thumb, 44 bytes, Stack size 0 bytes, lcd.o(.text))
<BR><BR>[Called By]<UL><LI><a href="#[83]">&gt;&gt;</a>&nbsp;&nbsp;&nbsp;main
<LI><a href="#[1ae]">&gt;&gt;</a>&nbsp;&nbsp;&nbsp;SMS_Receive
<LI><a href="#[39]">&gt;&gt;</a>&nbsp;&nbsp;&nbsp;TIM8_UP_TIM13_IRQHandler
<LI><a href="#[26]">&gt;&gt;</a>&nbsp;&nbsp;&nbsp;TIM1_UP_TIM10_IRQHandler
</UL>

<P><STRONG><a name="[26c]"></a>myLCD_text_highlight_on</STRONG> (Thumb, 8 bytes, Stack size 0 bytes, lcd.o(.text), UNUSED)

<P><STRONG><a name="[26d]"></a>myLCD_text_highlight_off</STRONG> (Thumb, 8 bytes, Stack size 0 bytes, lcd.o(.text), UNUSED)

<P><STRONG><a name="[26e]"></a>myLCD_text_highlight_color</STRONG> (Thumb, 6 bytes, Stack size 0 bytes, lcd.o(.text), UNUSED)

<P><STRONG><a name="[bf]"></a>myLCD_putsf_mix</STRONG> (Thumb, 1054 bytes, Stack size 100 bytes, lcd.o(.text))
<BR><BR>[Stack]<UL><LI>Max Depth = 172<LI>Call Chain = myLCD_putsf_mix &rArr; myLCD_put_bold_char &rArr; myLCD_DrawPoint &rArr; LCD_SetCursor
</UL>
<BR>[Calls]<UL><LI><a href="#[f9]">&gt;&gt;</a>&nbsp;&nbsp;&nbsp;myLCD_put_bold_char
</UL>
<BR>[Called By]<UL><LI><a href="#[83]">&gt;&gt;</a>&nbsp;&nbsp;&nbsp;main
<LI><a href="#[1ae]">&gt;&gt;</a>&nbsp;&nbsp;&nbsp;SMS_Receive
<LI><a href="#[39]">&gt;&gt;</a>&nbsp;&nbsp;&nbsp;TIM8_UP_TIM13_IRQHandler
[...]
</UL>
<BR>[Calls]<UL><LI><a href="#[115]">&gt;&gt;</a>&nbsp;&nbsp;&nbsp;get_fat
<LI><a href="#[11a]">&gt;&gt;</a>&nbsp;&nbsp;&nbsp;clust2sect
<LI><a href="#[118]">&gt;&gt;</a>&nbsp;&nbsp;&nbsp;create_chain
<LI><a href="#[111]">&gt;&gt;</a>&nbsp;&nbsp;&nbsp;move_window
<LI><a href="#[113]">&gt;&gt;</a>&nbsp;&nbsp;&nbsp;mem_set
</UL>
<BR>[Called By]<UL><LI><a href="#[131]">&gt;&gt;</a>&nbsp;&nbsp;&nbsp;f_readdir
<LI><a href="#[11f]">&gt;&gt;</a>&nbsp;&nbsp;&nbsp;dir_register
<LI><a href="#[11e]">&gt;&gt;</a>&nbsp;&nbsp;&nbsp;dir_read
<LI><a href="#[11c]">&gt;&gt;</a>&nbsp;&nbsp;&nbsp;dir_find
</UL>

<P><STRONG><a name="[11c]"></a>dir_find</STRONG> (Thumb, 92 bytes, Stack size 24 bytes, ff.o(.text))
<BR><BR>[Stack]<UL><LI>Max Depth = 264<LI>Call Chain = dir_find &rArr; dir_next &rArr; create_chain &rArr; put_fat &rArr; move_window &rArr; disk_write &rArr; SD_WriteMultiBlocks &rArr; SD_LowLevel_DMA_TxConfig &rArr; DMA_Init
</UL>
<BR>[Calls]<UL><LI><a href="#[11b]">&gt;&gt;</a>&nbsp;&nbsp;&nbsp;dir_next
<LI><a href="#[119]">&gt;&gt;</a>&nbsp;&nbsp;&nbsp;dir_sdi
<LI><a href="#[111]">&gt;&gt;</a>&nbsp;&nbsp;&nbsp;move_window
<LI><a href="#[11d]">&gt;&gt;</a>&nbsp;&nbsp;&nbsp;mem_cmp
</UL>
<BR>[Called By]<UL><LI><a href="#[124]">&gt;&gt;</a>&nbsp;&nbsp;&nbsp;follow_path
</UL>

<P><STRONG><a name="[11e]"></a>dir_read</STRONG> (Thumb, 86 bytes, Stack size 24 bytes, ff.o(.text), UNUSED)
<BR><BR>[Calls]<UL><LI><a href="#[11b]">&gt;&gt;</a>&nbsp;&nbsp;&nbsp;dir_next
<LI><a href="#[111]">&gt;&gt;</a>&nbsp;&nbsp;&nbsp;move_window
</UL>
<BR>[Called By]<UL><LI><a href="#[136]">&gt;&gt;</a>&nbsp;&nbsp;&nbsp;f_unlink
<LI><a href="#[131]">&gt;&gt;</a>&nbsp;&nbsp;&nbsp;f_readdir
</UL>

<P><STRONG><a name="[11f]"></a>dir_register</STRONG> (Thumb, 110 bytes, Stack size 24 bytes, ff.o(.text))
<BR><BR>[Stack]<UL><LI>Max Depth = 264<LI>Call Chain = dir_register &rArr; dir_next &rArr; create_chain &rArr; put_fat &rArr; move_window &rArr; disk_write &rArr; SD_WriteMultiBlocks &rArr; SD_LowLevel_DMA_TxConfig &rArr; DMA_Init
</UL>
<BR>[Calls]<UL><LI><a href="#[11b]">&gt;&gt;</a>&nbsp;&nbsp;&nbsp;dir_next
<LI><a href="#[119]">&gt;&gt;</a>&nbsp;&nbsp;&nbsp;dir_sdi
<LI><a href="#[111]">&gt;&gt;</a>&nbsp;&nbsp;&nbsp;move_window
<LI><a href="#[113]">&gt;&gt;</a>&nbsp;&nbsp;&nbsp;mem_set
<LI><a href="#[120]">&gt;&gt;</a>&nbsp;&nbsp;&nbsp;mem_cpy
</UL>
<BR>[Called By]<UL><LI><a href="#[13a]">&gt;&gt;</a>&nbsp;&nbsp;&nbsp;f_rename
<LI><a href="#[137]">&gt;&gt;</a>&nbsp;&nbsp;&nbsp;f_mkdir
<LI><a href="#[129]">&gt;&gt;</a>&nbsp;&nbsp;&nbsp;f_open
</UL>

<P><STRONG><a name="[121]"></a>dir_remove</STRONG> (Thumb, 44 bytes, Stack size 16 bytes, ff.o(.text), UNUSED)
<BR><BR>[Calls]<UL><LI><a href="#[119]">&gt;&gt;</a>&nbsp;&nbsp;&nbsp;dir_sdi
<LI><a href="#[111]">&gt;&gt;</a>&nbsp;&nbsp;&nbsp;move_window
</UL>
<BR>[Called By]<UL><LI><a href="#[13a]">&gt;&gt;</a>&nbsp;&nbsp;&nbsp;f_rename
<LI><a href="#[136]">&gt;&gt;</a>&nbsp;&nbsp;&nbsp;f_unlink
</UL>

<P><STRONG><a name="[122]"></a>create_name</STRONG> (Thumb, 318 bytes, Stack size 48 bytes, ff.o(.text))
<BR><BR>[Stack]<UL><LI>Max Depth = 60<LI>Call Chain = create_name &rArr; mem_set
</UL>
<BR>[Calls]<UL><LI><a href="#[123]">&gt;&gt;</a>&nbsp;&nbsp;&nbsp;chk_chr
<LI><a href="#[113]">&gt;&gt;</a>&nbsp;&nbsp;&nbsp;mem_set
</UL>
<BR>[Called By]<UL><LI><a href="#[124]">&gt;&gt;</a>&nbsp;&nbsp;&nbsp;follow_path
</UL>

<P><STRONG><a name="[132]"></a>get_fileinfo</STRONG> (Thumb, 152 bytes, Stack size 20 bytes, ff.o(.text), UNUSED)
<BR><BR>[Called By]<UL><LI><a href="#[133]">&gt;&gt;</a>&nbsp;&nbsp;&nbsp;f_stat
<LI><a href="#[131]">&gt;&gt;</a>&nbsp;&nbsp;&nbsp;f_readdir
</UL>

<P><STRONG><a name="[124]"></a>follow_path</STRONG> (Thumb, 158 bytes, Stack size 32 bytes, ff.o(.text))
<BR><BR>[Stack]<UL><LI>Max Depth = 296<LI>Call Chain = follow_path &rArr; dir_find &rArr; dir_next &rArr; create_chain &rArr; put_fat &rArr; move_window &rArr; disk_write &rArr; SD_WriteMultiBlocks &rArr; SD_LowLevel_DMA_TxConfig &rArr; DMA_Init
</UL>
<BR>[Calls]<UL><LI><a href="#[122]">&gt;&gt;</a>&nbsp;&nbsp;&nbsp;create_name
<LI><a href="#[11c]">&gt;&gt;</a>&nbsp;&nbsp;&nbsp;dir_find
<LI><a href="#[119]">&gt;&gt;</a>&nbsp;&nbsp;&nbsp;dir_sdi
</UL>
<BR>[Called By]<UL><LI><a href="#[13a]">&gt;&gt;</a>&nbsp;&nbsp;&nbsp;f_rename
<LI><a href="#[139]">&gt;&gt;</a>&nbsp;&nbsp;&nbsp;f_utime
<LI><a href="#[138]">&gt;&gt;</a>&nbsp;&nbsp;&nbsp;f_chmod
<LI><a href="#[137]">&gt;&gt;</a>&nbsp;&nbsp;&nbsp;f_mkdir
<LI><a href="#[136]">&gt;&gt;</a>&nbsp;&nbsp;&nbsp;f_unlink
<LI><a href="#[133]">&gt;&gt;</a>&nbsp;&nbsp;&nbsp;f_stat
<LI><a href="#[130]">&gt;&gt;</a>&nbsp;&nbsp;&nbsp;f_opendir
<LI><a href="#[129]">&gt;&gt;</a>&nbsp;&nbsp;&nbsp;f_open
</UL>

<P><STRONG><a name="[125]"></a>check_fs</STRONG> (Thumb, 138 bytes, Stack size 16 bytes, ff.o(.text))
<BR><BR>[Stack]<UL><LI>Max Depth = 144<LI>Call Chain = check_fs &rArr; disk_read &rArr; SD_ReadMultiBlocks &rArr; SD_LowLevel_DMA_RxConfig &rArr; DMA_Init
</UL>
<BR>[Calls]<UL><LI><a href="#[10a]">&gt;&gt;</a>&nbsp;&nbsp;&nbsp;disk_read
</UL>
<BR>[Called By]<UL><LI><a href="#[126]">&gt;&gt;</a>&nbsp;&nbsp;&nbsp;chk_mounted
</UL>

<P><STRONG><a name="[126]"></a>chk_mounted</STRONG> (Thumb, 890 bytes, Stack size 72 bytes, ff.o(.text))
<BR><BR>[Stack]<UL><LI>Max Depth = 216<LI>Call Chain = chk_mounted &rArr; check_fs &rArr; disk_read &rArr; SD_ReadMultiBlocks &rArr; SD_LowLevel_DMA_RxConfig &rArr; DMA_Init
</UL>
<BR>[Calls]<UL><LI><a href="#[10a]">&gt;&gt;</a>&nbsp;&nbsp;&nbsp;disk_read
<LI><a href="#[127]">&gt;&gt;</a>&nbsp;&nbsp;&nbsp;disk_status
<LI><a href="#[106]">&gt;&gt;</a>&nbsp;&nbsp;&nbsp;disk_initialize
<LI><a href="#[125]">&gt;&gt;</a>&nbsp;&nbsp;&nbsp;check_fs
</UL>
<BR>[Called By]<UL><LI><a href="#[13a]">&gt;&gt;</a>&nbsp;&nbsp;&nbsp;f_rename
<LI><a href="#[139]">&gt;&gt;</a>&nbsp;&nbsp;&nbsp;f_utime
<LI><a href="#[138]">&gt;&gt;</a>&nbsp;&nbsp;&nbsp;f_chmod
<LI><a href="#[137]">&gt;&gt;</a>&nbsp;&nbsp;&nbsp;f_mkdir
<LI><a href="#[136]">&gt;&gt;</a>&nbsp;&nbsp;&nbsp;f_unlink
<LI><a href="#[134]">&gt;&gt;</a>&nbsp;&nbsp;&nbsp;f_getfree
<LI><a href="#[133]">&gt;&gt;</a>&nbsp;&nbsp;&nbsp;f_stat
<LI><a href="#[130]">&gt;&gt;</a>&nbsp;&nbsp;&nbsp;f_opendir
<LI><a href="#[129]">&gt;&gt;</a>&nbsp;&nbsp;&nbsp;f_open
</UL>

<P><STRONG><a name="[128]"></a>validate</STRONG> (Thumb, 42 bytes, Stack size 16 bytes, ff.o(.text))
<BR><BR>[Stack]<UL><LI>Max Depth = 16<LI>Call Chain = validate
</UL>
<BR>[Calls]<UL><LI><a href="#[127]">&gt;&gt;</a>&nbsp;&nbsp;&nbsp;disk_status
</UL>
<BR>[Called By]<UL><LI><a href="#[135]">&gt;&gt;</a>&nbsp;&nbsp;&nbsp;f_truncate
<LI><a href="#[131]">&gt;&gt;</a>&nbsp;&nbsp;&nbsp;f_readdir
<LI><a href="#[12f]">&gt;&gt;</a>&nbsp;&nbsp;&nbsp;f_lseek
<LI><a href="#[12d]">&gt;&gt;</a>&nbsp;&nbsp;&nbsp;f_sync
<LI><a href="#[12c]">&gt;&gt;</a>&nbsp;&nbsp;&nbsp;f_write
<LI><a href="#[12b]">&gt;&gt;</a>&nbsp;&nbsp;&nbsp;f_read
</UL>

<P><STRONG><a name="[15b]"></a>CmdResp1Error</STRONG> (Thumb, 298 bytes, Stack size 24 bytes, stm32f4_sdio_sd.o(.text))
<BR><BR>[Stack]<UL><LI>Max Depth = 32<LI>Call Chain = CmdResp1Error &rArr; SDIO_GetResponse
</UL>
<BR>[Calls]<UL><LI><a href="#[15e]">&gt;&gt;</a>&nbsp;&nbsp;&nbsp;SDIO_GetResponse
<LI><a href="#[15d]">&gt;&gt;</a>&nbsp;&nbsp;&nbsp;SDIO_GetCommandResponse
<LI><a href="#[15c]">&gt;&gt;</a>&nbsp;&nbsp;&nbsp;SDIO_ClearFlag
</UL>
<BR>[Called By]<UL><LI><a href="#[10f]">&gt;&gt;</a>&nbsp;&nbsp;&nbsp;SD_WriteMultiBlocks
<LI><a href="#[10b]">&gt;&gt;</a>&nbsp;&nbsp;&nbsp;SD_ReadMultiBlocks
<LI><a href="#[17e]">&gt;&gt;</a>&nbsp;&nbsp;&nbsp;SD_Erase
<LI><a href="#[17c]">&gt;&gt;</a>&nbsp;&nbsp;&nbsp;SD_WriteBlock
<LI><a href="#[17b]">&gt;&gt;</a>&nbsp;&nbsp;&nbsp;SD_StopTransfer
<LI><a href="#[178]">&gt;&gt;</a>&nbsp;&nbsp;&nbsp;SD_ReadBlock
<LI><a href="#[176]">&gt;&gt;</a>&nbsp;&nbsp;&nbsp;SD_SendSDStatus
<LI><a href="#[171]">&gt;&gt;</a>&nbsp;&nbsp;&nbsp;SD_SendStatus
<LI><a href="#[16f]">&gt;&gt;</a>&nbsp;&nbsp;&nbsp;SD_PowerON
<LI><a href="#[167]">&gt;&gt;</a>&nbsp;&nbsp;&nbsp;SD_SelectDeselect
<LI><a href="#[164]">&gt;&gt;</a>&nbsp;&nbsp;&nbsp;SDEnWideBus
<LI><a href="#[15f]">&gt;&gt;</a>&nbsp;&nbsp;&nbsp;FindSCR
</UL>

<P><STRONG><a name="[15f]"></a>FindSCR</STRONG> (Thumb, 386 bytes, Stack size 32 bytes, stm32f4_sdio_sd.o(.text))
<BR><BR>[Stack]<UL><LI>Max Depth = 64<LI>Call Chain = FindSCR &rArr; CmdResp1Error &rArr; SDIO_GetResponse
</UL>
<BR>[Calls]<UL><LI><a href="#[160]">&gt;&gt;</a>&nbsp;&nbsp;&nbsp;SDIO_SendCommand
<LI><a href="#[163]">&gt;&gt;</a>&nbsp;&nbsp;&nbsp;SDIO_ReadData
<LI><a href="#[162]">&gt;&gt;</a>&nbsp;&nbsp;&nbsp;SDIO_GetFlagStatus
<LI><a href="#[161]">&gt;&gt;</a>&nbsp;&nbsp;&nbsp;SDIO_DataConfig
<LI><a href="#[15c]">&gt;&gt;</a>&nbsp;&nbsp;&nbsp;SDIO_ClearFlag
<LI><a href="#[15b]">&gt;&gt;</a>&nbsp;&nbsp;&nbsp;CmdResp1Error
</UL>
<BR>[Called By]<UL><LI><a href="#[164]">&gt;&gt;</a>&nbsp;&nbsp;&nbsp;SDEnWideBus
</UL>

<P><STRONG><a name="[164]"></a>SDEnWideBus</STRONG> (Thumb, 274 bytes, Stack size 24 bytes, stm32f4_sdio_sd.o(.text))
<BR><BR>[Stack]<UL><LI>Max Depth = 88<LI>Call Chain = SDEnWideBus &rArr; FindSCR &rArr; CmdResp1Error &rArr; SDIO_GetResponse
</UL>
<BR>[Calls]<UL><LI><a href="#[160]">&gt;&gt;</a>&nbsp;&nbsp;&nbsp;SDIO_SendCommand
<LI><a href="#[15e]">&gt;&gt;</a>&nbsp;&nbsp;&nbsp;SDIO_GetResponse
<LI><a href="#[15f]">&gt;&gt;</a>&nbsp;&nbsp;&nbsp;FindSCR
<LI><a href="#[15b]">&gt;&gt;</a>&nbsp;&nbsp;&nbsp;CmdResp1Error
</UL>
<BR>[Called By]<UL><LI><a href="#[165]">&gt;&gt;</a>&nbsp;&nbsp;&nbsp;SD_EnableWideBusOperation
</UL>

<P><STRONG><a name="[168]"></a>CmdResp2Error</STRONG> (Thumb, 70 bytes, Stack size 16 bytes, stm32f4_sdio_sd.o(.text))
<BR><BR>[Stack]<UL><LI>Max Depth = 16<LI>Call Chain = CmdResp2Error
</UL>
<BR>[Calls]<UL><LI><a href="#[15c]">&gt;&gt;</a>&nbsp;&nbsp;&nbsp;SDIO_ClearFlag
</UL>
<BR>[Called By]<UL><LI><a href="#[16a]">&gt;&gt;</a>&nbsp;&nbsp;&nbsp;SD_InitializeCards
</UL>

<P><STRONG><a name="[169]"></a>CmdResp6Error</STRONG> (Thumb, 182 bytes, Stack size 24 bytes, stm32f4_sdio_sd.o(.text))
<BR><BR>[Stack]<UL><LI>Max Depth = 32<LI>Call Chain = CmdResp6Error &rArr; SDIO_GetResponse
</UL>
<BR>[Calls]<UL><LI><a href="#[15e]">&gt;&gt;</a>&nbsp;&nbsp;&nbsp;SDIO_GetResponse
<LI><a href="#[15d]">&gt;&gt;</a>&nbsp;&nbsp;&nbsp;SDIO_GetCommandResponse
<LI><a href="#[15c]">&gt;&gt;</a>&nbsp;&nbsp;&nbsp;SDIO_ClearFlag
</UL>
<BR>[Called By]<UL><LI><a href="#[16a]">&gt;&gt;</a>&nbsp;&nbsp;&nbsp;SD_InitializeCards
</UL>

<P><STRONG><a name="[16c]"></a>CmdResp3Error</STRONG> (Thumb, 52 bytes, Stack size 16 bytes, stm32f4_sdio_sd.o(.text))
<BR><BR>[Stack]<UL><LI>Max Depth = 16<LI>Call Chain = CmdResp3Error
</UL>
<BR>[Calls]<UL><LI><a href="#[15c]">&gt;&gt;</a>&nbsp;&nbsp;&nbsp;SDIO_ClearFlag
</UL>
<BR>[Called By]<UL><LI><a href="#[16f]">&gt;&gt;</a>&nbsp;&nbsp;&nbsp;SD_PowerON
</UL>

<P><STRONG><a name="[16d]"></a>CmdResp7Error</STRONG> (Thumb, 72 bytes, Stack size 16 bytes, stm32f4_sdio_sd.o(.text))
<BR><BR>[Stack]<UL><LI>Max Depth = 16<LI>Call Chain = CmdResp7Error
</UL>
<BR>[Calls]<UL><LI><a href="#[15c]">&gt;&gt;</a>&nbsp;&nbsp;&nbsp;SDIO_ClearFlag
</UL>
<BR>[Called By]<UL><LI><a href="#[16f]">&gt;&gt;</a>&nbsp;&nbsp;&nbsp;SD_PowerON
</UL>

<P><STRONG><a name="[16e]"></a>CmdError</STRONG> (Thumb, 44 bytes, Stack size 16 bytes, stm32f4_sdio_sd.o(.text))
<BR><BR>[Stack]<UL><LI>Max Depth = 16<LI>Call Chain = CmdError
</UL>
<BR>[Calls]<UL><LI><a href="#[162]">&gt;&gt;</a>&nbsp;&nbsp;&nbsp;SDIO_GetFlagStatus
<LI><a href="#[15c]">&gt;&gt;</a>&nbsp;&nbsp;&nbsp;SDIO_ClearFlag
</UL>
<BR>[Called By]<UL><LI><a href="#[16f]">&gt;&gt;</a>&nbsp;&nbsp;&nbsp;SD_PowerON
</UL>

<P><STRONG><a name="[17d]"></a>IsCardProgramming</STRONG> (Thumb, 436 bytes, Stack size 24 bytes, stm32f4_sdio_sd.o(.text), UNUSED)
<BR><BR>[Calls]<UL><LI><a href="#[160]">&gt;&gt;</a>&nbsp;&nbsp;&nbsp;SDIO_SendCommand
<LI><a href="#[15e]">&gt;&gt;</a>&nbsp;&nbsp;&nbsp;SDIO_GetResponse
<LI><a href="#[15d]">&gt;&gt;</a>&nbsp;&nbsp;&nbsp;SDIO_GetCommandResponse
<LI><a href="#[15c]">&gt;&gt;</a>&nbsp;&nbsp;&nbsp;SDIO_ClearFlag
</UL>
<BR>[Called By]<UL><LI><a href="#[17e]">&gt;&gt;</a>&nbsp;&nbsp;&nbsp;SD_Erase
</UL>

<P><STRONG><a name="[1b5]"></a>SPI_Send</STRONG> (Thumb, 66 bytes, Stack size 0 bytes, stm32f4xx_mfrc522.o(.text))
<BR><BR>[Called By]<UL><LI><a href="#[1b6]">&gt;&gt;</a>&nbsp;&nbsp;&nbsp;MFRC522_WriteRegister
<LI><a href="#[1b4]">&gt;&gt;</a>&nbsp;&nbsp;&nbsp;MFRC522_ReadRegister
</UL>

<P><STRONG><a name="[1c1]"></a>SD_Panic</STRONG> (Thumb, 38 bytes, Stack size 0 bytes, sdio.o(.text))
<BR><BR>[Stack]<UL><LI>Max Depth = 144 + Unknown Stack Size
<LI>Call Chain = SD_Panic &rArr; __2printf &rArr; _printf_char_file &rArr; _printf_char_common &rArr; __printf
</UL>
<BR>[Calls]<UL><LI><a href="#[1c2]">&gt;&gt;</a>&nbsp;&nbsp;&nbsp;__2printf
</UL>
<BR>[Called By]<UL><LI><a href="#[a5]">&gt;&gt;</a>&nbsp;&nbsp;&nbsp;SD_Initial
<LI><a href="#[1c5]">&gt;&gt;</a>&nbsp;&nbsp;&nbsp;SD_WaitTransmissionEnd
<LI><a href="#[1c4]">&gt;&gt;</a>&nbsp;&nbsp;&nbsp;SD_Command
<LI><a href="#[1c3]">&gt;&gt;</a>&nbsp;&nbsp;&nbsp;SD_Response
</UL>

<P><STRONG><a name="[1c3]"></a>SD_Response</STRONG> (Thumb, 224 bytes, Stack size 16 bytes, sdio.o(.text))
<BR><BR>[Stack]<UL><LI>Max Depth = 160 + Unknown Stack Size
<LI>Call Chain = SD_Response &rArr; SD_Panic &rArr; __2printf &rArr; _printf_char_file &rArr; _printf_char_common &rArr; __printf
</UL>
<BR>[Calls]<UL><LI><a href="#[1c1]">&gt;&gt;</a>&nbsp;&nbsp;&nbsp;SD_Panic
</UL>
<BR>[Called By]<UL><LI><a href="#[9c]">&gt;&gt;</a>&nbsp;&nbsp;&nbsp;SD_WriteSingleBlock
<LI><a href="#[96]">&gt;&gt;</a>&nbsp;&nbsp;&nbsp;SD_ReadSingleBlock
<LI><a href="#[a5]">&gt;&gt;</a>&nbsp;&nbsp;&nbsp;SD_Initial
<LI><a href="#[1c8]">&gt;&gt;</a>&nbsp;&nbsp;&nbsp;SD_StopMultipleBlockWrite
<LI><a href="#[1c7]">&gt;&gt;</a>&nbsp;&nbsp;&nbsp;SD_StartMultipleBlockWrite
</UL>

<P><STRONG><a name="[1c4]"></a>SD_Command</STRONG> (Thumb, 132 bytes, Stack size 16 bytes, sdio.o(.text))
<BR><BR>[Stack]<UL><LI>Max Depth = 160 + Unknown Stack Size
<LI>Call Chain = SD_Command &rArr; SD_Panic &rArr; __2printf &rArr; _printf_char_file &rArr; _printf_char_common &rArr; __printf
</UL>
<BR>[Calls]<UL><LI><a href="#[1c1]">&gt;&gt;</a>&nbsp;&nbsp;&nbsp;SD_Panic
</UL>
<BR>[Called By]<UL><LI><a href="#[9c]">&gt;&gt;</a>&nbsp;&nbsp;&nbsp;SD_WriteSingleBlock
<LI><a href="#[96]">&gt;&gt;</a>&nbsp;&nbsp;&nbsp;SD_ReadSingleBlock
<LI><a href="#[a5]">&gt;&gt;</a>&nbsp;&nbsp;&nbsp;SD_Initial
<LI><a href="#[1c8]">&gt;&gt;</a>&nbsp;&nbsp;&nbsp;SD_StopMultipleBlockWrite
<LI><a href="#[1c7]">&gt;&gt;</a>&nbsp;&nbsp;&nbsp;SD_StartMultipleBlockWrite
</UL>

<P><STRONG><a name="[1c6]"></a>SD_StartBlockTransfer</STRONG> (Thumb, 476 bytes, Stack size 12 bytes, sdio.o(.text))
<BR><BR>[Stack]<UL><LI>Max Depth = 12<LI>Call Chain = SD_StartBlockTransfer
</UL>
<BR>[Called By]<UL><LI><a href="#[9c]">&gt;&gt;</a>&nbsp;&nbsp;&nbsp;SD_WriteSingleBlock
<LI><a href="#[96]">&gt;&gt;</a>&nbsp;&nbsp;&nbsp;SD_ReadSingleBlock
<LI><a href="#[1c9]">&gt;&gt;</a>&nbsp;&nbsp;&nbsp;SD_WriteData
</UL>

<P><STRONG><a name="[1d6]"></a>RTC_ByteToBcd2</STRONG> (Thumb, 28 bytes, Stack size 0 bytes, stm32f4xx_rtc.o(.text))
<BR><BR>[Called By]<UL><LI><a href="#[1d7]">&gt;&gt;</a>&nbsp;&nbsp;&nbsp;RTC_SetAlarm
<LI><a href="#[186]">&gt;&gt;</a>&nbsp;&nbsp;&nbsp;RTC_SetDate
<LI><a href="#[143]">&gt;&gt;</a>&nbsp;&nbsp;&nbsp;RTC_SetTime
</UL>

<P><STRONG><a name="[1d5]"></a>RTC_Bcd2ToByte</STRONG> (Thumb, 22 bytes, Stack size 0 bytes, stm32f4xx_rtc.o(.text))
<BR><BR>[Called By]<UL><LI><a href="#[1db]">&gt;&gt;</a>&nbsp;&nbsp;&nbsp;RTC_GetTimeStamp
<LI><a href="#[1d8]">&gt;&gt;</a>&nbsp;&nbsp;&nbsp;RTC_GetAlarm
<LI><a href="#[1d7]">&gt;&gt;</a>&nbsp;&nbsp;&nbsp;RTC_SetAlarm
<LI><a href="#[186]">&gt;&gt;</a>&nbsp;&nbsp;&nbsp;RTC_SetDate
<LI><a href="#[187]">&gt;&gt;</a>&nbsp;&nbsp;&nbsp;RTC_GetTime
<LI><a href="#[188]">&gt;&gt;</a>&nbsp;&nbsp;&nbsp;RTC_GetDate
<LI><a href="#[143]">&gt;&gt;</a>&nbsp;&nbsp;&nbsp;RTC_SetTime
</UL>

<P><STRONG><a name="[1e6]"></a>TI4_Config</STRONG> (Thumb, 80 bytes, Stack size 20 bytes, stm32f4xx_tim.o(.text), UNUSED)
<BR><BR>[Called By]<UL><LI><a href="#[1df]">&gt;&gt;</a>&nbsp;&nbsp;&nbsp;TIM_ICInit
</UL>

<P><STRONG><a name="[1e4]"></a>TI3_Config</STRONG> (Thumb, 72 bytes, Stack size 20 bytes, stm32f4xx_tim.o(.text), UNUSED)
<BR><BR>[Called By]<UL><LI><a href="#[1df]">&gt;&gt;</a>&nbsp;&nbsp;&nbsp;TIM_ICInit
</UL>

<P><STRONG><a name="[1e2]"></a>TI2_Config</STRONG> (Thumb, 90 bytes, Stack size 20 bytes, stm32f4xx_tim.o(.text), UNUSED)
<BR><BR>[Called By]<UL><LI><a href="#[1eb]">&gt;&gt;</a>&nbsp;&nbsp;&nbsp;TIM_TIxExternalClockConfig
<LI><a href="#[1e8]">&gt;&gt;</a>&nbsp;&nbsp;&nbsp;TIM_PWMIConfig
<LI><a href="#[1df]">&gt;&gt;</a>&nbsp;&nbsp;&nbsp;TIM_ICInit
</UL>

<P><STRONG><a name="[1e0]"></a>TI1_Config</STRONG> (Thumb, 58 bytes, Stack size 20 bytes, stm32f4xx_tim.o(.text), UNUSED)
<BR><BR>[Called By]<UL><LI><a href="#[1eb]">&gt;&gt;</a>&nbsp;&nbsp;&nbsp;TIM_TIxExternalClockConfig
<LI><a href="#[1e8]">&gt;&gt;</a>&nbsp;&nbsp;&nbsp;TIM_PWMIConfig
<LI><a href="#[1df]">&gt;&gt;</a>&nbsp;&nbsp;&nbsp;TIM_ICInit
</UL>

<P><STRONG><a name="[238]"></a>_dadd1</STRONG> (Thumb, 0 bytes, Stack size unknown bytes, daddsub_clz.o(x$fpl$dadd), UNUSED)
<BR><BR>[Called By]<UL><LI><a href="#[237]">&gt;&gt;</a>&nbsp;&nbsp;&nbsp;_dsub
</UL>

<P><STRONG><a name="[22b]"></a>_dsub1</STRONG> (Thumb, 0 bytes, Stack size unknown bytes, daddsub_clz.o(x$fpl$dsub), UNUSED)
<BR><BR>[Called By]<UL><LI><a href="#[22a]">&gt;&gt;</a>&nbsp;&nbsp;&nbsp;_dadd
</UL>

<P><STRONG><a name="[1f9]"></a>_fp_digits</STRONG> (Thumb, 432 bytes, Stack size 96 bytes, _printf_fp_dec.o(.text))
<BR><BR>[Stack]<UL><LI>Max Depth = 220<LI>Call Chain = _fp_digits &rArr; _btod_etento &rArr; _btod_emul &rArr; _e2e
</UL>
<BR>[Calls]<UL><LI><a href="#[1fd]">&gt;&gt;</a>&nbsp;&nbsp;&nbsp;_btod_emul
<LI><a href="#[1fc]">&gt;&gt;</a>&nbsp;&nbsp;&nbsp;_btod_ediv
<LI><a href="#[1fb]">&gt;&gt;</a>&nbsp;&nbsp;&nbsp;_btod_d2e
<LI><a href="#[1fa]">&gt;&gt;</a>&nbsp;&nbsp;&nbsp;_btod_etento
<LI><a href="#[1fe]">&gt;&gt;</a>&nbsp;&nbsp;&nbsp;_ll_udiv10
</UL>
<BR>[Called By]<UL><LI><a href="#[1ff]">&gt;&gt;</a>&nbsp;&nbsp;&nbsp;_printf_fp_dec_real
</UL>

<P><STRONG><a name="[63]"></a>_printf_input_char</STRONG> (Thumb, 10 bytes, Stack size 0 bytes, _printf_char_common.o(.text))
<BR>[Address Reference Count : 1]<UL><LI> _printf_char_common.o(.text)
</UL>
<P><STRONG><a name="[205]"></a>_local_sscanf</STRONG> (Thumb, 60 bytes, Stack size 56 bytes, strtod.o(.text))
<BR><BR>[Stack]<UL><LI>Max Depth = 396<LI>Call Chain = _local_sscanf &rArr; _scanf_real &rArr; _scanf_really_real &rArr; _fp_value &rArr; _btod_etento &rArr; _btod_emul &rArr; _e2e
</UL>
<BR>[Calls]<UL><LI><a href="#[206]">&gt;&gt;</a>&nbsp;&nbsp;&nbsp;_scanf_real
</UL>
<BR>[Called By]<UL><LI><a href="#[207]">&gt;&gt;</a>&nbsp;&nbsp;&nbsp;__strtod_int
</UL>

<P><STRONG><a name="[20b]"></a>_fp_value</STRONG> (Thumb, 588 bytes, Stack size 96 bytes, scanf_fp.o(.text))
<BR><BR>[Stack]<UL><LI>Max Depth = 220<LI>Call Chain = _fp_value &rArr; _btod_etento &rArr; _btod_emul &rArr; _e2e
</UL>
<BR>[Calls]<UL><LI><a href="#[0]">&gt;&gt;</a>&nbsp;&nbsp;&nbsp;__ieee_status
<LI><a href="#[20d]">&gt;&gt;</a>&nbsp;&nbsp;&nbsp;_btod_emuld
<LI><a href="#[20e]">&gt;&gt;</a>&nbsp;&nbsp;&nbsp;_btod_edivd
<LI><a href="#[1fa]">&gt;&gt;</a>&nbsp;&nbsp;&nbsp;_btod_etento
<LI><a href="#[20c]">&gt;&gt;</a>&nbsp;&nbsp;&nbsp;__aeabi_errno_addr
</UL>
<BR>[Called By]<UL><LI><a href="#[20f]">&gt;&gt;</a>&nbsp;&nbsp;&nbsp;_scanf_really_real
</UL>
<P>
<H3>
Undefined Global Symbols
</H3><HR></body></html>
