Component: ARM Compiler 5.06 update 6 (build 750) Tool: armlink [4d35ed]

==============================================================================

Section Cross References

    main.o(.text) refers to _printf_percent.o(.ARM.Collect$$_printf_percent$$00000000) for _printf_percent
    main.o(.text) refers to _printf_u.o(.ARM.Collect$$_printf_percent$$0000000A) for _printf_u
    main.o(.text) refers to _printf_s.o(.ARM.Collect$$_printf_percent$$00000014) for _printf_s
    main.o(.text) refers to _printf_dec.o(.text) for _printf_int_dec
    main.o(.text) refers to _printf_str.o(.text) for _printf_str
    main.o(.text) refers to _printf_i.o(.ARM.Collect$$_printf_percent$$00000008) for _printf_i
    main.o(.text) refers to _printf_pad.o(.text) for _printf_pre_padding
    main.o(.text) refers to _printf_d.o(.ARM.Collect$$_printf_percent$$00000009) for _printf_d
    main.o(.text) refers to _printf_x.o(.ARM.Collect$$_printf_percent$$0000000C) for _printf_x
    main.o(.text) refers to _printf_hex_int.o(.text) for _printf_longlong_hex
    main.o(.text) refers to noretval__2sprintf.o(.text) for __2sprintf
    main.o(.text) refers to lcd.o(.text) for LCD_MyShowString
    main.o(.text) refers to sdio.o(.text) for SD_ReadSingleBlock
    main.o(.text) refers to strcpy.o(.text) for strcpy
    main.o(.text) refers to main.o(.constdata) for g_days_in_month
    main.o(.text) refers to main.o(.bss) for Buffer_1
    main.o(.text) refers to main.o(.data) for Danger_icon
    main.o(.text) refers to sim808.o(.data) for Line_Code
    main.o(.text) refers to strtold.o(i.__hardfp_strtold) for __hardfp_strtold
    main.o(.text) refers to dfixu.o(x$fpl$dfixu) for __aeabi_d2uiz
    main.o(.text) refers to drleqf.o(x$fpl$drleqf) for __aeabi_cdrcmple
    main.o(.text) refers to sim808.o(.bss) for Line_Name
    main.o(.text) refers to tim.o(.data) for Current_month
    main.o(.text) refers to delay.o(.text) for delay_ms
    main.o(.text) refers to gpio.o(.text) for GPIO_Initi
    main.o(.text) refers to ff.o(.text) for f_mount
    main.o(.text) refers to sd_bmp.o(.text) for Bmp_Show
    main.o(.text) refers to stm32f4xx_gpio.o(.text) for GPIO_SetBits
    main.o(.text) refers to sim808.o(.text) for Usart1_Init
    main.o(.text) refers to stm32f4xx_mfrc522.o(.text) for MFRC522_1_Init
    main.o(.text) refers to tim.o(.text) for TIM8_Int_Init
    main.o(.text) refers to rtc.o(.text) for RTC_Start
    main.o(.text) refers to stm32f4xx_tim.o(.text) for TIM_GenerateEvent
    main.o(.text) refers to strstr.o(.text) for strstr
    main.o(.text) refers to strcat.o(.text) for strcat
    main.o(.text) refers to main.o(.conststring) for .conststring
    startup_stm32f4xx.o(STACK) refers (Special) to heapauxi.o(.text) for __use_two_region_memory
    startup_stm32f4xx.o(HEAP) refers (Special) to heapauxi.o(.text) for __use_two_region_memory
    startup_stm32f4xx.o(RESET) refers (Special) to heapauxi.o(.text) for __use_two_region_memory
    startup_stm32f4xx.o(RESET) refers to startup_stm32f4xx.o(STACK) for __initial_sp
    startup_stm32f4xx.o(RESET) refers to startup_stm32f4xx.o(.text) for Reset_Handler
    startup_stm32f4xx.o(RESET) refers to stm32f4xx_it.o(.text) for NMI_Handler
    startup_stm32f4xx.o(RESET) refers to tim.o(.text) for TIM1_UP_TIM10_IRQHandler
    startup_stm32f4xx.o(RESET) refers to sim808.o(.text) for TIM4_IRQHandler
    startup_stm32f4xx.o(.text) refers (Special) to heapauxi.o(.text) for __use_two_region_memory
    startup_stm32f4xx.o(.text) refers to system_stm32f4xx.o(.text) for SystemInit
    startup_stm32f4xx.o(.text) refers to __main.o(!!!main) for __main
    startup_stm32f4xx.o(.text) refers to startup_stm32f4xx.o(HEAP) for Heap_Mem
    startup_stm32f4xx.o(.text) refers to startup_stm32f4xx.o(STACK) for Stack_Mem
    lcd.o(.text) refers to delay.o(.text) for delay_us
    lcd.o(.text) refers to lcd.o(.bss) for lcddev
    lcd.o(.text) refers to stm32f4xx_rcc.o(.text) for RCC_AHB3PeriphClockCmd
    lcd.o(.text) refers to stm32f4xx_gpio.o(.text) for GPIO_Init
    lcd.o(.text) refers to stm32f4xx_fsmc.o(.text) for FSMC_NORSRAMInit
    lcd.o(.text) refers to lcd.o(.data) for POINT_COLOR
    lcd.o(.text) refers to lcd.o(.constdata) for asc2_6432
    lcd.o(.text) refers to dflt_clz.o(x$fpl$dfltu) for __aeabi_ui2d
    lcd.o(.text) refers to dmul.o(x$fpl$dmul) for __aeabi_dmul
    lcd.o(.text) refers to dflt_clz.o(x$fpl$dflt) for __aeabi_i2d
    lcd.o(.text) refers to daddsub_clz.o(x$fpl$dsub) for __aeabi_dsub
    lcd.o(.text) refers to dfixu.o(x$fpl$dfixu) for __aeabi_d2uiz
    lcd.o(.text) refers to daddsub_clz.o(x$fpl$dadd) for __aeabi_dadd
    usart.o(.rev16_text) refers (Special) to use_no_semi_2.o(.text) for __use_no_semihosting
    usart.o(.revsh_text) refers (Special) to use_no_semi_2.o(.text) for __use_no_semihosting
    usart.o(.rrx_text) refers (Special) to use_no_semi_2.o(.text) for __use_no_semihosting
[...]
    RTC_GetAlarmSubSecond                    0x0801172f   Thumb Code    34  stm32f4xx_rtc.o(.text)
    RTC_WakeUpClockConfig                    0x08011751   Thumb Code    42  stm32f4xx_rtc.o(.text)
    RTC_SetWakeUpCounter                     0x0801177b   Thumb Code    22  stm32f4xx_rtc.o(.text)
    RTC_GetWakeUpCounter                     0x08011791   Thumb Code    10  stm32f4xx_rtc.o(.text)
    RTC_WakeUpCmd                            0x0801179b   Thumb Code   116  stm32f4xx_rtc.o(.text)
    RTC_DayLightSavingConfig                 0x0801180f   Thumb Code    50  stm32f4xx_rtc.o(.text)
    RTC_GetStoreOperation                    0x08011841   Thumb Code    12  stm32f4xx_rtc.o(.text)
    RTC_OutputConfig                         0x0801184d   Thumb Code    60  stm32f4xx_rtc.o(.text)
    RTC_CoarseCalibConfig                    0x08011889   Thumb Code    52  stm32f4xx_rtc.o(.text)
    RTC_CoarseCalibCmd                       0x080118bd   Thumb Code    76  stm32f4xx_rtc.o(.text)
    RTC_CalibOutputCmd                       0x08011909   Thumb Code    54  stm32f4xx_rtc.o(.text)
    RTC_CalibOutputConfig                    0x0801193f   Thumb Code    42  stm32f4xx_rtc.o(.text)
    RTC_SmoothCalibConfig                    0x08011969   Thumb Code    90  stm32f4xx_rtc.o(.text)
    RTC_TimeStampCmd                         0x080119c3   Thumb Code    54  stm32f4xx_rtc.o(.text)
    RTC_GetTimeStamp                         0x080119f9   Thumb Code   144  stm32f4xx_rtc.o(.text)
    RTC_GetTimeStampSubSecond                0x08011a89   Thumb Code     8  stm32f4xx_rtc.o(.text)
    RTC_TamperTriggerConfig                  0x08011a91   Thumb Code    38  stm32f4xx_rtc.o(.text)
    RTC_TamperCmd                            0x08011ab7   Thumb Code    34  stm32f4xx_rtc.o(.text)
    RTC_TamperFilterConfig                   0x08011ad9   Thumb Code    26  stm32f4xx_rtc.o(.text)
    RTC_TamperSamplingFreqConfig             0x08011af3   Thumb Code    26  stm32f4xx_rtc.o(.text)
    RTC_TamperPinsPrechargeDuration          0x08011b0d   Thumb Code    26  stm32f4xx_rtc.o(.text)
    RTC_TimeStampOnTamperDetectionCmd        0x08011b27   Thumb Code    38  stm32f4xx_rtc.o(.text)
    RTC_TamperPullUpCmd                      0x08011b4d   Thumb Code    38  stm32f4xx_rtc.o(.text)
    RTC_WriteBackupRegister                  0x08011b73   Thumb Code    26  stm32f4xx_rtc.o(.text)
    RTC_ReadBackupRegister                   0x08011b8d   Thumb Code    28  stm32f4xx_rtc.o(.text)
    RTC_TamperPinSelection                   0x08011ba9   Thumb Code    26  stm32f4xx_rtc.o(.text)
    RTC_TimeStampPinSelection                0x08011bc3   Thumb Code    26  stm32f4xx_rtc.o(.text)
    RTC_OutputTypeConfig                     0x08011bdd   Thumb Code    26  stm32f4xx_rtc.o(.text)
    RTC_SynchroShiftConfig                   0x08011bf7   Thumb Code   130  stm32f4xx_rtc.o(.text)
    RTC_ITConfig                             0x08011c79   Thumb Code    94  stm32f4xx_rtc.o(.text)
    RTC_GetFlagStatus                        0x08011cd7   Thumb Code    34  stm32f4xx_rtc.o(.text)
    RTC_ClearFlag                            0x08011cf9   Thumb Code    28  stm32f4xx_rtc.o(.text)
    RTC_GetITStatus                          0x08011d15   Thumb Code    60  stm32f4xx_rtc.o(.text)
    RTC_ClearITPendingBit                    0x08011d51   Thumb Code    32  stm32f4xx_rtc.o(.text)
    SDIO_DeInit                              0x08011d79   Thumb Code    22  stm32f4xx_sdio.o(.text)
    SDIO_Init                                0x08011d8f   Thumb Code    42  stm32f4xx_sdio.o(.text)
    SDIO_StructInit                          0x08011db9   Thumb Code    16  stm32f4xx_sdio.o(.text)
    SDIO_ClockCmd                            0x08011dc9   Thumb Code     6  stm32f4xx_sdio.o(.text)
    SDIO_SetPowerState                       0x08011dcf   Thumb Code     8  stm32f4xx_sdio.o(.text)
    SDIO_GetPowerState                       0x08011dd7   Thumb Code    12  stm32f4xx_sdio.o(.text)
    SDIO_SendCommand                         0x08011de3   Thumb Code    42  stm32f4xx_sdio.o(.text)
    SDIO_CmdStructInit                       0x08011e0d   Thumb Code    14  stm32f4xx_sdio.o(.text)
    SDIO_GetCommandResponse                  0x08011e1b   Thumb Code    10  stm32f4xx_sdio.o(.text)
    SDIO_GetResponse                         0x08011e25   Thumb Code    22  stm32f4xx_sdio.o(.text)
    SDIO_DataConfig                          0x08011e3b   Thumb Code    48  stm32f4xx_sdio.o(.text)
    SDIO_DataStructInit                      0x08011e6b   Thumb Code    20  stm32f4xx_sdio.o(.text)
    SDIO_GetDataCounter                      0x08011e7f   Thumb Code     8  stm32f4xx_sdio.o(.text)
    SDIO_ReadData                            0x08011e87   Thumb Code     8  stm32f4xx_sdio.o(.text)
    SDIO_WriteData                           0x08011e8f   Thumb Code     8  stm32f4xx_sdio.o(.text)
    SDIO_GetFIFOCount                        0x08011e97   Thumb Code     8  stm32f4xx_sdio.o(.text)
    SDIO_StartSDIOReadWait                   0x08011e9f   Thumb Code     6  stm32f4xx_sdio.o(.text)
    SDIO_StopSDIOReadWait                    0x08011ea5   Thumb Code     8  stm32f4xx_sdio.o(.text)
    SDIO_SetSDIOReadWaitMode                 0x08011ead   Thumb Code     8  stm32f4xx_sdio.o(.text)
    SDIO_SetSDIOOperation                    0x08011eb5   Thumb Code     8  stm32f4xx_sdio.o(.text)
    SDIO_SendSDIOSuspendCmd                  0x08011ebd   Thumb Code     6  stm32f4xx_sdio.o(.text)
    SDIO_CommandCompletionCmd                0x08011ec3   Thumb Code     8  stm32f4xx_sdio.o(.text)
    SDIO_CEATAITCmd                          0x08011ecb   Thumb Code    12  stm32f4xx_sdio.o(.text)
    SDIO_SendCEATACmd                        0x08011ed7   Thumb Code     8  stm32f4xx_sdio.o(.text)
    SDIO_DMACmd                              0x08011edf   Thumb Code     8  stm32f4xx_sdio.o(.text)
    SDIO_ITConfig                            0x08011ee7   Thumb Code    34  stm32f4xx_sdio.o(.text)
    SDIO_GetFlagStatus                       0x08011f09   Thumb Code    22  stm32f4xx_sdio.o(.text)
    SDIO_ClearFlag                           0x08011f1f   Thumb Code     8  stm32f4xx_sdio.o(.text)
    SDIO_GetITStatus                         0x08011f27   Thumb Code    22  stm32f4xx_sdio.o(.text)
    SDIO_ClearITPendingBit                   0x08011f3d   Thumb Code     8  stm32f4xx_sdio.o(.text)
    SPI_I2S_DeInit                           0x08011f55   Thumb Code    76  stm32f4xx_spi.o(.text)
    SPI_Init                                 0x08011fa1   Thumb Code    60  stm32f4xx_spi.o(.text)
    I2S_Init                                 0x08011fdd   Thumb Code   350  stm32f4xx_spi.o(.text)
    SPI_StructInit                           0x0801213b   Thumb Code    24  stm32f4xx_spi.o(.text)
    I2S_StructInit                           0x08012153   Thumb Code    20  stm32f4xx_spi.o(.text)
    SPI_Cmd                                  0x08012167   Thumb Code    24  stm32f4xx_spi.o(.text)
    I2S_Cmd                                  0x0801217f   Thumb Code    24  stm32f4xx_spi.o(.text)
    SPI_DataSizeConfig                       0x08012197   Thumb Code    18  stm32f4xx_spi.o(.text)
    SPI_BiDirectionalLineConfig              0x080121a9   Thumb Code    28  stm32f4xx_spi.o(.text)
    SPI_NSSInternalSoftwareConfig            0x080121c5   Thumb Code    30  stm32f4xx_spi.o(.text)
    SPI_SSOutputCmd                          0x080121e3   Thumb Code    24  stm32f4xx_spi.o(.text)
    SPI_TIModeCmd                            0x080121fb   Thumb Code    24  stm32f4xx_spi.o(.text)
    I2S_FullDuplexConfig                     0x08012213   Thumb Code    80  stm32f4xx_spi.o(.text)
    SPI_I2S_ReceiveData                      0x08012263   Thumb Code     6  stm32f4xx_spi.o(.text)
    SPI_I2S_SendData                         0x08012269   Thumb Code     4  stm32f4xx_spi.o(.text)
    SPI_CalculateCRC                         0x0801226d   Thumb Code    24  stm32f4xx_spi.o(.text)
    SPI_TransmitCRC                          0x08012285   Thumb Code    10  stm32f4xx_spi.o(.text)
    SPI_GetCRC                               0x0801228f   Thumb Code    16  stm32f4xx_spi.o(.text)
    SPI_GetCRCPolynomial                     0x0801229f   Thumb Code     6  stm32f4xx_spi.o(.text)
    SPI_I2S_DMACmd                           0x080122a5   Thumb Code    18  stm32f4xx_spi.o(.text)
    SPI_I2S_ITConfig                         0x080122b7   Thumb Code    32  stm32f4xx_spi.o(.text)
    SPI_I2S_GetFlagStatus                    0x080122d7   Thumb Code    18  stm32f4xx_spi.o(.text)
    SPI_I2S_ClearFlag                        0x080122e9   Thumb Code     6  stm32f4xx_spi.o(.text)
    SPI_I2S_GetITStatus                      0x080122ef   Thumb Code    52  stm32f4xx_spi.o(.text)
    SPI_I2S_ClearITPendingBit                0x08012323   Thumb Code    42  stm32f4xx_spi.o(.text)
    TIM_DeInit                               0x0801234d   Thumb Code   346  stm32f4xx_tim.o(.text)
    TIM_TimeBaseInit                         0x080124a7   Thumb Code   104  stm32f4xx_tim.o(.text)
    TIM_TimeBaseStructInit                   0x0801250f   Thumb Code    18  stm32f4xx_tim.o(.text)
    TIM_PrescalerConfig                      0x08012521   Thumb Code     6  stm32f4xx_tim.o(.text)
    TIM_CounterModeConfig                    0x08012527   Thumb Code    18  stm32f4xx_tim.o(.text)
    TIM_SetCounter                           0x08012539   Thumb Code     4  stm32f4xx_tim.o(.text)
    TIM_SetAutoreload                        0x0801253d   Thumb Code     4  stm32f4xx_tim.o(.text)
    TIM_GetCounter                           0x08012541   Thumb Code     6  stm32f4xx_tim.o(.text)
    TIM_GetPrescaler                         0x08012547   Thumb Code     6  stm32f4xx_tim.o(.text)
    TIM_UpdateDisableConfig                  0x0801254d   Thumb Code    24  stm32f4xx_tim.o(.text)
    TIM_UpdateRequestConfig                  0x08012565   Thumb Code    24  stm32f4xx_tim.o(.text)
    TIM_ARRPreloadConfig                     0x0801257d   Thumb Code    24  stm32f4xx_tim.o(.text)
    TIM_SelectOnePulseMode                   0x08012595   Thumb Code    18  stm32f4xx_tim.o(.text)
    TIM_SetClockDivision                     0x080125a7   Thumb Code    18  stm32f4xx_tim.o(.text)
    TIM_Cmd                                  0x080125b9   Thumb Code    24  stm32f4xx_tim.o(.text)
    TIM_OC1Init                              0x080125d1   Thumb Code   114  stm32f4xx_tim.o(.text)
    TIM_OC2Init                              0x08012643   Thumb Code   154  stm32f4xx_tim.o(.text)
    TIM_OC3Init                              0x080126dd   Thumb Code   204  stm32f4xx_tim.o(.text)
    TIM_OC4Init                              0x080127a9   Thumb Code   112  stm32f4xx_tim.o(.text)
    TIM_OCStructInit                         0x08012819   Thumb Code    20  stm32f4xx_tim.o(.text)
    TIM_SelectOCxM                           0x0801282d   Thumb Code    86  stm32f4xx_tim.o(.text)
    TIM_SetCompare1                          0x08012883   Thumb Code     4  stm32f4xx_tim.o(.text)
    TIM_SetCompare2                          0x08012887   Thumb Code     4  stm32f4xx_tim.o(.text)
    TIM_SetCompare3                          0x0801288b   Thumb Code     4  stm32f4xx_tim.o(.text)
    TIM_SetCompare4                          0x0801288f   Thumb Code     4  stm32f4xx_tim.o(.text)
    TIM_ForcedOC1Config                      0x08012893   Thumb Code    18  stm32f4xx_tim.o(.text)
    TIM_ForcedOC2Config                      0x080128a5   Thumb Code    26  stm32f4xx_tim.o(.text)
    TIM_ForcedOC3Config                      0x080128bf   Thumb Code    18  stm32f4xx_tim.o(.text)
    TIM_ForcedOC4Config                      0x080128d1   Thumb Code    26  stm32f4xx_tim.o(.text)
    TIM_OC1PreloadConfig                     0x080128eb   Thumb Code    18  stm32f4xx_tim.o(.text)
    TIM_OC2PreloadConfig                     0x080128fd   Thumb Code    26  stm32f4xx_tim.o(.text)
    TIM_OC3PreloadConfig                     0x08012917   Thumb Code    18  stm32f4xx_tim.o(.text)
    TIM_OC4PreloadConfig                     0x08012929   Thumb Code    26  stm32f4xx_tim.o(.text)
    TIM_OC1FastConfig                        0x08012943   Thumb Code    18  stm32f4xx_tim.o(.text)
    TIM_OC2FastConfig                        0x08012955   Thumb Code    26  stm32f4xx_tim.o(.text)
    TIM_OC3FastConfig                        0x0801296f   Thumb Code    18  stm32f4xx_tim.o(.text)
    TIM_OC4FastConfig                        0x08012981   Thumb Code    26  stm32f4xx_tim.o(.text)
    TIM_ClearOC1Ref                          0x0801299b   Thumb Code    18  stm32f4xx_tim.o(.text)
    TIM_ClearOC2Ref                          0x080129ad   Thumb Code    24  stm32f4xx_tim.o(.text)
    TIM_ClearOC3Ref                          0x080129c5   Thumb Code    18  stm32f4xx_tim.o(.text)
    TIM_ClearOC4Ref                          0x080129d7   Thumb Code    24  stm32f4xx_tim.o(.text)
    TIM_OC1PolarityConfig                    0x080129ef   Thumb Code    18  stm32f4xx_tim.o(.text)
    TIM_OC1NPolarityConfig                   0x08012a01   Thumb Code    18  stm32f4xx_tim.o(.text)
    TIM_OC2PolarityConfig                    0x08012a13   Thumb Code    26  stm32f4xx_tim.o(.text)
    TIM_OC2NPolarityConfig                   0x08012a2d   Thumb Code    26  stm32f4xx_tim.o(.text)
    TIM_OC3PolarityConfig                    0x08012a47   Thumb Code    26  stm32f4xx_tim.o(.text)
    TIM_OC3NPolarityConfig                   0x08012a61   Thumb Code    26  stm32f4xx_tim.o(.text)
    TIM_OC4PolarityConfig                    0x08012a7b   Thumb Code    26  stm32f4xx_tim.o(.text)
    TIM_CCxCmd                               0x08012a95   Thumb Code    30  stm32f4xx_tim.o(.text)
    TIM_CCxNCmd                              0x08012ab3   Thumb Code    30  stm32f4xx_tim.o(.text)
    TIM_SetIC4Prescaler                      0x08012ad1   Thumb Code    26  stm32f4xx_tim.o(.text)
    TIM_SetIC3Prescaler                      0x08012b3b   Thumb Code    18  stm32f4xx_tim.o(.text)
    TIM_SetIC2Prescaler                      0x08012b95   Thumb Code    26  stm32f4xx_tim.o(.text)
    TIM_SetIC1Prescaler                      0x08012c09   Thumb Code    18  stm32f4xx_tim.o(.text)
    TIM_ICInit                               0x08012c55   Thumb Code   110  stm32f4xx_tim.o(.text)
    TIM_ICStructInit                         0x08012cc3   Thumb Code    18  stm32f4xx_tim.o(.text)
    TIM_PWMIConfig                           0x08012cd5   Thumb Code   124  stm32f4xx_tim.o(.text)
    TIM_GetCapture1                          0x08012d51   Thumb Code     6  stm32f4xx_tim.o(.text)
    TIM_GetCapture2                          0x08012d57   Thumb Code     6  stm32f4xx_tim.o(.text)
    TIM_GetCapture3                          0x08012d5d   Thumb Code     6  stm32f4xx_tim.o(.text)
    TIM_GetCapture4                          0x08012d63   Thumb Code     6  stm32f4xx_tim.o(.text)
    TIM_BDTRConfig                           0x08012d69   Thumb Code    32  stm32f4xx_tim.o(.text)
    TIM_BDTRStructInit                       0x08012d89   Thumb Code    18  stm32f4xx_tim.o(.text)
    TIM_CtrlPWMOutputs                       0x08012d9b   Thumb Code    30  stm32f4xx_tim.o(.text)
    TIM_SelectCOM                            0x08012db9   Thumb Code    24  stm32f4xx_tim.o(.text)
    TIM_CCPreloadControl                     0x08012dd1   Thumb Code    24  stm32f4xx_tim.o(.text)
    TIM_ITConfig                             0x08012de9   Thumb Code    18  stm32f4xx_tim.o(.text)
    TIM_GenerateEvent                        0x08012dfb   Thumb Code     4  stm32f4xx_tim.o(.text)
    TIM_GetFlagStatus                        0x08012dff   Thumb Code    18  stm32f4xx_tim.o(.text)
    TIM_ClearFlag                            0x08012e11   Thumb Code     6  stm32f4xx_tim.o(.text)
    TIM_GetITStatus                          0x08012e17   Thumb Code    34  stm32f4xx_tim.o(.text)
    TIM_ClearITPendingBit                    0x08012e39   Thumb Code     6  stm32f4xx_tim.o(.text)
    TIM_DMAConfig                            0x08012e3f   Thumb Code    10  stm32f4xx_tim.o(.text)
    TIM_DMACmd                               0x08012e49   Thumb Code    18  stm32f4xx_tim.o(.text)
    TIM_SelectCCDMA                          0x08012e5b   Thumb Code    24  stm32f4xx_tim.o(.text)
    TIM_InternalClockConfig                  0x08012e73   Thumb Code    12  stm32f4xx_tim.o(.text)
    TIM_SelectInputTrigger                   0x08012e7f   Thumb Code    18  stm32f4xx_tim.o(.text)
    TIM_ITRxExternalClockConfig              0x08012e91   Thumb Code    24  stm32f4xx_tim.o(.text)
    TIM_TIxExternalClockConfig               0x08012ea9   Thumb Code    62  stm32f4xx_tim.o(.text)
    TIM_ETRConfig                            0x08012ee7   Thumb Code    28  stm32f4xx_tim.o(.text)
    TIM_ETRClockMode1Config                  0x08012f03   Thumb Code    54  stm32f4xx_tim.o(.text)
    TIM_ETRClockMode2Config                  0x08012f39   Thumb Code    32  stm32f4xx_tim.o(.text)
    TIM_SelectOutputTrigger                  0x08012f59   Thumb Code    18  stm32f4xx_tim.o(.text)
    TIM_SelectSlaveMode                      0x08012f6b   Thumb Code    18  stm32f4xx_tim.o(.text)
    TIM_SelectMasterSlaveMode                0x08012f7d   Thumb Code    18  stm32f4xx_tim.o(.text)
    TIM_EncoderInterfaceConfig               0x08012f8f   Thumb Code    66  stm32f4xx_tim.o(.text)
    TIM_SelectHallSensor                     0x08012fd1   Thumb Code    24  stm32f4xx_tim.o(.text)
    TIM_RemapConfig                          0x08012fe9   Thumb Code     6  stm32f4xx_tim.o(.text)
    PWR_DeInit                               0x08012ff1   Thumb Code    22  stm32f4xx_pwr.o(.text)
    PWR_BackupAccessCmd                      0x08013007   Thumb Code     6  stm32f4xx_pwr.o(.text)
    PWR_PVDLevelConfig                       0x0801300d   Thumb Code    18  stm32f4xx_pwr.o(.text)
    PWR_PVDCmd                               0x0801301f   Thumb Code     6  stm32f4xx_pwr.o(.text)
    PWR_WakeUpPinCmd                         0x08013025   Thumb Code     8  stm32f4xx_pwr.o(.text)
    PWR_BackupRegulatorCmd                   0x0801302d   Thumb Code     8  stm32f4xx_pwr.o(.text)
    PWR_MainRegulatorModeConfig              0x08013035   Thumb Code    30  stm32f4xx_pwr.o(.text)
    PWR_FlashPowerDownCmd                    0x08013053   Thumb Code     6  stm32f4xx_pwr.o(.text)
    PWR_EnterSTOPMode                        0x08013059   Thumb Code    54  stm32f4xx_pwr.o(.text)
    PWR_EnterSTANDBYMode                     0x0801308f   Thumb Code    42  stm32f4xx_pwr.o(.text)
    PWR_GetFlagStatus                        0x080130b9   Thumb Code    20  stm32f4xx_pwr.o(.text)
    PWR_ClearFlag                            0x080130cd   Thumb Code    14  stm32f4xx_pwr.o(.text)
    DMA_DeInit                               0x080130e9   Thumb Code   324  stm32f4xx_dma.o(.text)
    DMA_Init                                 0x0801322d   Thumb Code    82  stm32f4xx_dma.o(.text)
    DMA_StructInit                           0x0801327f   Thumb Code    34  stm32f4xx_dma.o(.text)
    DMA_Cmd                                  0x080132a1   Thumb Code    22  stm32f4xx_dma.o(.text)
    DMA_PeriphIncOffsetSizeConfig            0x080132b7   Thumb Code    22  stm32f4xx_dma.o(.text)
    DMA_FlowControllerConfig                 0x080132cd   Thumb Code    22  stm32f4xx_dma.o(.text)
    DMA_SetCurrDataCounter                   0x080132e3   Thumb Code     4  stm32f4xx_dma.o(.text)
    DMA_GetCurrDataCounter                   0x080132e7   Thumb Code     8  stm32f4xx_dma.o(.text)
    DMA_DoubleBufferModeConfig               0x080132ef   Thumb Code    24  stm32f4xx_dma.o(.text)
    DMA_DoubleBufferModeCmd                  0x08013307   Thumb Code    22  stm32f4xx_dma.o(.text)
    DMA_MemoryTargetConfig                   0x0801331d   Thumb Code    10  stm32f4xx_dma.o(.text)
    DMA_GetCurrentMemoryTarget               0x08013327   Thumb Code    20  stm32f4xx_dma.o(.text)
    DMA_GetCmdStatus                         0x0801333b   Thumb Code    20  stm32f4xx_dma.o(.text)
    DMA_GetFIFOStatus                        0x0801334f   Thumb Code    12  stm32f4xx_dma.o(.text)
    DMA_GetFlagStatus                        0x0801335b   Thumb Code    56  stm32f4xx_dma.o(.text)
    DMA_ClearFlag                            0x08013393   Thumb Code    40  stm32f4xx_dma.o(.text)
    DMA_ITConfig                             0x080133bb   Thumb Code    58  stm32f4xx_dma.o(.text)
    DMA_GetITStatus                          0x080133f5   Thumb Code    84  stm32f4xx_dma.o(.text)
    DMA_ClearITPendingBit                    0x08013449   Thumb Code    40  stm32f4xx_dma.o(.text)
    __use_no_semihosting                     0x08013491   Thumb Code     2  use_no_semi_2.o(.text)
    __2printf                                0x08013495   Thumb Code    20  noretval__2printf.o(.text)
    __2sprintf                               0x080134ad   Thumb Code    34  noretval__2sprintf.o(.text)
    __2snprintf                              0x080134d5   Thumb Code    48  noretval__2snprintf.o(.text)
    _printf_pre_padding                      0x08013509   Thumb Code    44  _printf_pad.o(.text)
    _printf_post_padding                     0x08013535   Thumb Code    34  _printf_pad.o(.text)
    _printf_str                              0x08013557   Thumb Code    82  _printf_str.o(.text)
    _printf_int_dec                          0x080135a9   Thumb Code   104  _printf_dec.o(.text)
    _printf_int_hex                          0x08013621   Thumb Code    84  _printf_hex_int.o(.text)
    _printf_longlong_hex                     0x08013621   Thumb Code     0  _printf_hex_int.o(.text)
    __printf                                 0x08013679   Thumb Code   308  __printf_flags_wp.o(.text)
    strstr                                   0x080137b1   Thumb Code    36  strstr.o(.text)
    strcpy                                   0x080137d5   Thumb Code    72  strcpy.o(.text)
    strcat                                   0x0801381d   Thumb Code    24  strcat.o(.text)
    strcmp                                   0x08013835   Thumb Code   128  strcmpv7m.o(.text)
    __use_two_region_memory                  0x080138b5   Thumb Code     2  heapauxi.o(.text)
    __rt_heap_escrow$2region                 0x080138b7   Thumb Code     2  heapauxi.o(.text)
    __rt_heap_expand$2region                 0x080138b9   Thumb Code     2  heapauxi.o(.text)
    __I$use$semihosting                      0x080138bb   Thumb Code     0  use_no_semi.o(.text)
    __use_no_semihosting_swi                 0x080138bb   Thumb Code     2  use_no_semi.o(.text)
    _printf_int_common                       0x080138bd   Thumb Code   178  _printf_intcommon.o(.text)
    __lib_sel_fp_printf                      0x0801396f   Thumb Code     2  _printf_fp_dec.o(.text)
    _printf_fp_dec_real                      0x08013b21   Thumb Code   620  _printf_fp_dec.o(.text)
    _printf_char_common                      0x08013d97   Thumb Code    32  _printf_char_common.o(.text)
    _sputc                                   0x08013dbd   Thumb Code    10  _sputc.o(.text)
    _snputc                                  0x08013dc7   Thumb Code    16  _snputc.o(.text)
    _printf_cs_common                        0x08013dd7   Thumb Code    20  _printf_char.o(.text)
    _printf_char                             0x08013deb   Thumb Code    16  _printf_char.o(.text)
    _printf_string                           0x08013dfb   Thumb Code     8  _printf_char.o(.text)
    _printf_char_file                        0x08013e05   Thumb Code    32  _printf_char_file.o(.text)
    __strtod_int                             0x08013e65   Thumb Code    90  strtod.o(.text)
    __rt_locale                              0x08013ecd   Thumb Code     8  rt_locale_intlibspace.o(.text)
    _ll_udiv10                               0x08013ed5   Thumb Code   138  lludiv10.o(.text)
    isspace                                  0x08013f5f   Thumb Code    18  isspace.o(.text)
    _printf_fp_infnan                        0x08013f71   Thumb Code   112  _printf_fp_infnan.o(.text)
    _sgetc                                   0x08013ff1   Thumb Code    30  _sgetc.o(.text)
    _sbackspace                              0x0801400f   Thumb Code    34  _sgetc.o(.text)
    _btod_etento                             0x08014031   Thumb Code   224  bigflt0.o(.text)
    ferror                                   0x08014115   Thumb Code     8  ferror.o(.text)
    __user_libspace                          0x0801411d   Thumb Code     8  libspace.o(.text)
    __user_perproc_libspace                  0x0801411d   Thumb Code     0  libspace.o(.text)
    __user_perthread_libspace                0x0801411d   Thumb Code     0  libspace.o(.text)
    __user_setup_stackheap                   0x08014125   Thumb Code    74  sys_stackheap_outer.o(.text)
    __rt_ctype_table                         0x08014171   Thumb Code    16  rt_ctype_table.o(.text)
    _scanf_really_real                       0x080143cd   Thumb Code   684  scanf_fp.o(.text)
    exit                                     0x08014679   Thumb Code    18  exit.o(.text)
    __aeabi_errno_addr                       0x0801468d   Thumb Code     8  rt_errno_addr_intlibspace.o(.text)
    __errno$intlibspace                      0x0801468d   Thumb Code     0  rt_errno_addr_intlibspace.o(.text)
    __rt_errno_addr$intlibspace              0x0801468d   Thumb Code     0  rt_errno_addr_intlibspace.o(.text)
    __read_errno                             0x08014695   Thumb Code    10  _rserrno.o(.text)
    __set_errno                              0x0801469f   Thumb Code    12  _rserrno.o(.text)
    _scanf_really_hex_real                   0x080146ad   Thumb Code   786  scanf_hexfp.o(.text)
    _scanf_really_infnan                     0x080149cd   Thumb Code   292  scanf_infnan.o(.text)
    __aeabi_llsl                             0x08014b01   Thumb Code     0  llshl.o(.text)
    _ll_shift_l                              0x08014b01   Thumb Code    38  llshl.o(.text)
    _chval                                   0x08014b27   Thumb Code    28  _chval.o(.text)
    _btod_d2e                                0x08014b43   Thumb Code    62  btod.o(CL$$btod_d2e)
    _d2e_denorm_low                          0x08014b81   Thumb Code    70  btod.o(CL$$btod_d2e_denorm_low)
    _d2e_norm_op1                            0x08014bc7   Thumb Code    96  btod.o(CL$$btod_d2e_norm_op1)
    __btod_div_common                        0x08014c27   Thumb Code   696  btod.o(CL$$btod_div_common)
    _e2d                                     0x08014f61   Thumb Code   122  btod.o(CL$$btod_e2d)
    _e2e                                     0x08014fe5   Thumb Code   220  btod.o(CL$$btod_e2e)
    _btod_ediv                               0x080150c1   Thumb Code    42  btod.o(CL$$btod_ediv)
    _btod_edivd                              0x080150eb   Thumb Code    42  btod.o(CL$$btod_edivd)
    _btod_emul                               0x08015115   Thumb Code    42  btod.o(CL$$btod_emul)
    _btod_emuld                              0x0801513f   Thumb Code    42  btod.o(CL$$btod_emuld)
    __btod_mult_common                       0x08015169   Thumb Code   580  btod.o(CL$$btod_mult_common)
    __ARM_fpclassify                         0x080153ad   Thumb Code    48  fpclassify.o(i.__ARM_fpclassify)
    __hardfp___mathlib_tofloat               0x080153e1   Thumb Code   232  narrow.o(i.__hardfp___mathlib_tofloat)
    __hardfp_ldexp                           0x080154d9   Thumb Code   200  ldexp.o(i.__hardfp_ldexp)
    __hardfp_strtod                          0x080155a9   Thumb Code    30  strtod.o(i.__hardfp_strtod)
    __hardfp_strtold                         0x080155d1   Thumb Code    30  strtold.o(i.__hardfp_strtold)
    __mathlib_dbl_overflow                   0x080155f9   Thumb Code    24  dunder.o(i.__mathlib_dbl_overflow)
    __mathlib_dbl_underflow                  0x08015619   Thumb Code    24  dunder.o(i.__mathlib_dbl_underflow)
    __mathlib_narrow                         0x08015639   Thumb Code    18  narrow.o(i.__mathlib_narrow)
    __support_ldexp                          0x0801564b   Thumb Code    20  ldexp.o(i.__support_ldexp)
    _is_digit                                0x0801565f   Thumb Code    14  __printf_wp.o(i._is_digit)
    frexp                                    0x08015671   Thumb Code   118  frexp.o(i.frexp)
    _get_lc_numeric                          0x080156fd   Thumb Code    44  lc_numeric_c.o(locale$$code)
    _get_lc_ctype                            0x08015729   Thumb Code    44  lc_ctype_c.o(locale$$code)
    __aeabi_d2f                              0x08015755   Thumb Code     0  d2f.o(x$fpl$d2f)
    _d2f                                     0x08015755   Thumb Code    98  d2f.o(x$fpl$d2f)
    __aeabi_dadd                             0x080157b9   Thumb Code     0  daddsub_clz.o(x$fpl$dadd)
    _dadd                                    0x080157b9   Thumb Code   332  daddsub_clz.o(x$fpl$dadd)
    __fpl_dcheck_NaN1                        0x08015909   Thumb Code    10  dcheck1.o(x$fpl$dcheck1)
    __fpl_dcmp_Inf                           0x08015919   Thumb Code    24  dcmpi.o(x$fpl$dcmpinf)
    __aeabi_ddiv                             0x08015931   Thumb Code     0  ddiv.o(x$fpl$ddiv)
    _ddiv                                    0x08015931   Thumb Code   552  ddiv.o(x$fpl$ddiv)
    __aeabi_cdcmpeq                          0x08015be1   Thumb Code     0  deqf.o(x$fpl$deqf)
    _dcmpeq                                  0x08015be1   Thumb Code   120  deqf.o(x$fpl$deqf)
    __aeabi_d2uiz                            0x08015c59   Thumb Code     0  dfixu.o(x$fpl$dfixu)
    _dfixu                                   0x08015c59   Thumb Code    90  dfixu.o(x$fpl$dfixu)
    __aeabi_i2d                              0x08015cb3   Thumb Code     0  dflt_clz.o(x$fpl$dflt)
    _dflt                                    0x08015cb3   Thumb Code    46  dflt_clz.o(x$fpl$dflt)
    __aeabi_ui2d                             0x08015ce1   Thumb Code     0  dflt_clz.o(x$fpl$dfltu)
    _dfltu                                   0x08015ce1   Thumb Code    38  dflt_clz.o(x$fpl$dfltu)
    __aeabi_cdcmple                          0x08015d09   Thumb Code     0  dleqf.o(x$fpl$dleqf)
    _dcmple                                  0x08015d09   Thumb Code   120  dleqf.o(x$fpl$dleqf)
    __fpl_dcmple_InfNaN                      0x08015d6b   Thumb Code     0  dleqf.o(x$fpl$dleqf)
    __aeabi_dmul                             0x08015d81   Thumb Code     0  dmul.o(x$fpl$dmul)
    _dmul                                    0x08015d81   Thumb Code   332  dmul.o(x$fpl$dmul)
    __fpl_dnaninf                            0x08015ed5   Thumb Code   156  dnaninf.o(x$fpl$dnaninf)
    __fpl_dretinf                            0x08015f71   Thumb Code    12  dretinf.o(x$fpl$dretinf)
    __aeabi_cdrcmple                         0x08015f7d   Thumb Code     0  drleqf.o(x$fpl$drleqf)
    _drcmple                                 0x08015f7d   Thumb Code   108  drleqf.o(x$fpl$drleqf)
    __aeabi_dsub                             0x08015fe9   Thumb Code     0  daddsub_clz.o(x$fpl$dsub)
    _dsub                                    0x08015fe9   Thumb Code   464  daddsub_clz.o(x$fpl$dsub)
    _fp_init                                 0x080161bd   Thumb Code    10  fpinit.o(x$fpl$fpinit)
    __fplib_config_fpu_vfp                   0x080161c5   Thumb Code     0  fpinit.o(x$fpl$fpinit)
    __fplib_config_pureend_doubles           0x080161c5   Thumb Code     0  fpinit.o(x$fpl$fpinit)
    __fpl_fretinf                            0x080161c7   Thumb Code    10  fretinf.o(x$fpl$fretinf)
    __ieee_status                            0x080161d1   Thumb Code     6  istatus.o(x$fpl$ieeestatus)
    _printf_fp_dec                           0x080161d7   Thumb Code     4  printf1.o(x$fpl$printf1)
    __fpl_return_NaN                         0x080161db   Thumb Code   100  retnan.o(x$fpl$retnan)
    __ARM_scalbn                             0x0801623f   Thumb Code    92  scalbn.o(x$fpl$scalbn)
    _scanf_real                              0x0801629b   Thumb Code     4  scanf1.o(x$fpl$scanf1)
    _scanf_hex_real                          0x0801629f   Thumb Code     4  scanf2.o(x$fpl$scanf2)
    _scanf_infnan                            0x080162a3   Thumb Code     4  scanf2.o(x$fpl$scanf2)
    __fpl_cmpreturn                          0x080162a7   Thumb Code    48  trapv.o(x$fpl$trapveneer)
    __I$use$fp                               0x080162d6   Number         0  usenofp.o(x$fpl$usenofp)
    DaysToMonth                              0x080162d8   Data          52  main.o(.constdata)
    g_days_in_month                          0x0801630c   Data          48  main.o(.constdata)
    j_days_in_month                          0x0801633c   Data          48  main.o(.constdata)
    pnDaysBeforeMonth                        0x0801636c   Data          56  main.o(.constdata)
    Sun                                      0x080163a4   Data          15  main.o(.constdata)
    Mon                                      0x080163b3   Data          15  main.o(.constdata)
    Tue                                      0x080163c2   Data          17  main.o(.constdata)
    Wed                                      0x080163d3   Data          19  main.o(.constdata)
    Thu                                      0x080163e6   Data          19  main.o(.constdata)
    Fri                                      0x080163f9   Data          11  main.o(.constdata)
    Sat                                      0x08016404   Data          11  main.o(.constdata)
    Daily_operation                          0x0801640f   Data          29  main.o(.constdata)
    Front_door                               0x0801642c   Data          17  main.o(.constdata)
    Back_door                                0x0801643d   Data          17  main.o(.constdata)
    No_new_massage                           0x0801644e   Data          53  main.o(.constdata)
    Buy                                      0x08016483   Data          11  main.o(.constdata)
    Buy_amount                               0x0801648e   Data          21  main.o(.constdata)
    Card_pass                                0x080164a3   Data          19  main.o(.constdata)
    Data_sending                             0x080164b6   Data          29  main.o(.constdata)
    Successful_transaction                   0x080164d3   Data          25  main.o(.constdata)
    Password_error                           0x080164ec   Data          23  main.o(.constdata)
    Low_cash                                 0x08016503   Data          27  main.o(.constdata)
    Line_name                                0x0801651e   Data          15  main.o(.constdata)
    Line_fare                                0x0801652d   Data          17  main.o(.constdata)
    asc2_1206                                0x08016614   Data        1140  lcd.o(.constdata)
    asc2_1608                                0x08016a88   Data        1520  lcd.o(.constdata)
    asc2_6432                                0x08017078   Data        8064  lcd.o(.constdata)
    font12x16                                0x08018ff8   Data       11712  lcd.o(.constdata)
    FAmap                                    0x0801bdb8   Data         300  lcd.o(.constdata)
    Successful_peyment                       0x0801bee4   Data          25  tim.o(.constdata)
    Low_money                                0x0801befd   Data          27  tim.o(.constdata)
    Undefined_card                           0x0801bf18   Data          27  tim.o(.constdata)
    Settings_done                            0x0801bf33   Data          35  sim808.o(.constdata)
    Line_name_change                         0x0801bf56   Data          37  sim808.o(.constdata)
    URL_settings_done                        0x0801bf7b   Data          43  sim808.o(.constdata)
    Region$$Table$$Base                      0x0801c36c   Number         0  anon$$obj.o(Region$$Table)
    Region$$Table$$Limit                     0x0801c38c   Number         0  anon$$obj.o(Region$$Table)
    __aeabi_HUGE_VAL                         0x0801c38c   Data           0  fpconst.o(c$$dinf)
    __aeabi_HUGE_VALL                        0x0801c38c   Data           0  fpconst.o(c$$dinf)
    __aeabi_INFINITY                         0x0801c38c   Data           0  fpconst.o(c$$dinf)
    __dInf                                   0x0801c38c   Data           0  fpconst.o(c$$dinf)
    __huge_val                               0x0801c38c   Data           0  fpconst.o(c$$dinf)
    __dbl_max                                0x0801c394   Data           0  fpconst.o(c$$dmax)
    __ctype                                  0x0801c3c5   Data           0  lc_ctype_c.o(locale$$data)
    Status                                   0x20000000   Data           1  main.o(.data)
    ret                                      0x20000001   Data           1  main.o(.data)
    bw                                       0x20000004   Data           4  main.o(.data)
    br                                       0x20000008   Data           4  main.o(.data)
    Data_icon_up                             0x2000000c   Data         310  main.o(.data)
    Data_icon_down                           0x20000142   Data         310  main.o(.data)
    Danger_icon                              0x20000278   Data         772  main.o(.data)
    Massege_icon                             0x2000057c   Data         772  main.o(.data)
    Location_icon                            0x20000880   Data         420  main.o(.data)
    Pic_Path_1                               0x20000a24   Data          13  main.o(.data)
    Key                                      0x20000a31   Data          13  main.o(.data)
    Pass                                     0x20000a3e   Data           5  main.o(.data)
    D_sec                                    0x20000a44   Data           4  main.o(.data)
    Usart_sec                                0x20000a48   Data           4  main.o(.data)
    Code                                     0x20000a4c   Data           4  main.o(.data)
    Show_phone                               0x20000a50   Data           1  main.o(.data)
    Phone_flag                               0x20000a51   Data           1  main.o(.data)
    Draw_arm_button                          0x20000a52   Data           1  main.o(.data)
    Show_sim808                              0x20000a53   Data           1  main.o(.data)
    Show_rc522                               0x20000a54   Data           1  main.o(.data)
    Show_daily_operation                     0x20000a55   Data           1  main.o(.data)
    Show_center_massage                      0x20000a56   Data           1  main.o(.data)
    Show_change_device_mode                  0x20000a57   Data           1  main.o(.data)
    Backgrond                                0x20000a58   Data           1  main.o(.data)
    Light_off                                0x20000a59   Data           1  main.o(.data)
    Buff_ID                                  0x20000a5a   Data           7  main.o(.data)
    Buff_Device_ID                           0x20000a61   Data           7  main.o(.data)
    Buff_Date                                0x20000a68   Data           7  main.o(.data)
    Buff_Time                                0x20000a6f   Data           7  main.o(.data)
    Buff_Latitude                            0x20000a76   Data           8  main.o(.data)
    Buff_Longitude                           0x20000a7e   Data           8  main.o(.data)
    Card_ID                                  0x20000a86   Data           5  main.o(.data)
    Block_Addr                               0x20000a8b   Data           1  main.o(.data)
    Card_detection                           0x20000a8c   Data           1  main.o(.data)
    Access_Bits                              0x20000a8d   Data           4  main.o(.data)
    Sector_Key_1                             0x20000a91   Data           6  main.o(.data)
    Sector_Key_2                             0x20000a97   Data           6  main.o(.data)
    Block_Data_3                             0x20000a9d   Data          16  main.o(.data)
    Value_1                                  0x20000ab0   Data           4  main.o(.data)
    Value_2                                  0x20000ab4   Data           4  main.o(.data)
    Trip_price                               0x20000ab8   Data           4  main.o(.data)
    Daily_operation_amount                   0x20000abc   Data           4  main.o(.data)
    Front_door_card                          0x20000ac0   Data           4  main.o(.data)
    Back_door_card                           0x20000ac4   Data           4  main.o(.data)
    Defined_card                             0x20000ac8   Data           1  main.o(.data)
    Temp                                     0x20000acc   Data           4  main.o(.data)
    Location_get_flag                        0x20000ad0   Data           1  main.o(.data)
    Location_data_time                       0x20000ad1   Data           1  main.o(.data)
    Data_send_flag                           0x20000ad2   Data           1  main.o(.data)
    Data_time                                0x20000ad3   Data           1  main.o(.data)
    Shop_data_send_flag                      0x20000ad4   Data           1  main.o(.data)
    Location_write_block                     0x20000ad8   Data           4  main.o(.data)
    Location_send_block                      0x20000adc   Data           4  main.o(.data)
    Financial_write_block                    0x20000ae0   Data           4  main.o(.data)
    Financial_send_block                     0x20000ae4   Data           4  main.o(.data)
    Location_write_block_end                 0x20000ae8   Data           4  main.o(.data)
    Financial_write_block_end                0x20000aec   Data           4  main.o(.data)
    Location_data_counter                    0x20000af0   Data           4  main.o(.data)
    Financial_data_counter                   0x20000af4   Data           4  main.o(.data)
    Location_Data_send_counter               0x20000af8   Data           1  main.o(.data)
    Financial_Data_send_counter              0x20000af9   Data           1  main.o(.data)
    Device_ID                                0x20000afa   Data           7  main.o(.data)
    Device_mode                              0x20000b01   Data           1  main.o(.data)
    Card_password                            0x20000b02   Data           5  main.o(.data)
    Peyment_status                           0x20000b07   Data           1  main.o(.data)
    Show_signal_quality_flag                 0x20000b08   Data           1  main.o(.data)
    GSM_Signal_quality                       0x20000b09   Data           1  main.o(.data)
    GPS_Signal_quality                       0x20000b0a   Data           1  main.o(.data)
    Key_char                                 0x20000b0b   Data           2  main.o(.data)
    RTC_TimeStruct                           0x20000b0d   Data           4  main.o(.data)
    M_RTC_DateStruct                         0x20000b11   Data           4  main.o(.data)
    Sh_RTC_DateStruct                        0x20000b15   Data           4  main.o(.data)
    Set_time_flag                            0x20000b19   Data           1  main.o(.data)
    Time                                     0x20000b1a   Data           7  main.o(.data)
    New_secound                              0x20000b24   Data           4  main.o(.data)
    Last_change_secound_1                    0x20000b28   Data           4  main.o(.data)
    Last_change_secound_2                    0x20000b2c   Data           4  main.o(.data)
    POINT_COLOR                              0x20000b30   Data           2  lcd.o(.data)
    BACK_COLOR                               0x20000b32   Data           2  lcd.o(.data)
    font_color                               0x20000b34   Data           4  lcd.o(.data)
    x_font                                   0x20000b38   Data           4  lcd.o(.data)
    y_font                                   0x20000b3c   Data           4  lcd.o(.data)
    highlight                                0x20000b40   Data           1  lcd.o(.data)
    fa_num                                   0x20000b41   Data           1  lcd.o(.data)
    effect                                   0x20000b44   Data           4  lcd.o(.data)
    italic                                   0x20000b48   Data           4  lcd.o(.data)
    font_size                                0x20000b4c   Data           4  lcd.o(.data)
    highlight_color                          0x20000b50   Data           4  lcd.o(.data)
    x_text                                   0x20000b54   Data           4  lcd.o(.data)
    y_text                                   0x20000b58   Data           4  lcd.o(.data)
    __stdout                                 0x20000b5c   Data           4  usart.o(.data)
    SystemCoreClock                          0x20000b60   Data           4  system_stm32f4xx.o(.data)
    AHBPrescTable                            0x20000b64   Data          16  system_stm32f4xx.o(.data)
    AsynchPrediv                             0x20000b7c   Data           4  rtc.o(.data)
    SynchPrediv                              0x20000b80   Data           4  rtc.o(.data)
    RTC_TimeStructure                        0x20000b84   Data           4  rtc.o(.data)
    bmpWidth                                 0x20000b88   Data           4  sd_bmp.o(.data)
    bmpHeight                                0x20000b8c   Data           4  sd_bmp.o(.data)
    StopCondition                            0x20000b98   Data           4  stm32f4_sdio_sd.o(.data)
    TransferError                            0x20000b9c   Data           1  stm32f4_sdio_sd.o(.data)
    TransferEnd                              0x20000ba0   Data           4  stm32f4_sdio_sd.o(.data)
    DMAEndOfTransfer                         0x20000ba4   Data           4  stm32f4_sdio_sd.o(.data)
    i                                        0x20000ba8   Data           1  tim.o(.data)
    Show_time                                0x20000ba9   Data           1  tim.o(.data)
    Show_setting                             0x20000baa   Data           1  tim.o(.data)
    Set_num                                  0x20000bab   Data           1  tim.o(.data)
    Show_signal_counter                      0x20000bac   Data           1  tim.o(.data)
    Current_month                            0x20000bad   Data           1  tim.o(.data)
    Current_day                              0x20000bae   Data           1  tim.o(.data)
    Ok_icon                                  0x20000baf   Data        1227  tim.o(.data)
    Error_icon                               0x2000107a   Data        1262  tim.o(.data)
    apn                                      0x20001570   Data          12  sim808.o(.data)
    user_name                                0x2000157c   Data           1  sim808.o(.data)
    password                                 0x2000157d   Data           1  sim808.o(.data)
    Data1                                    0x2000157e   Data           1  sim808.o(.data)
    Data2                                    0x2000157f   Data           1  sim808.o(.data)
    Data3                                    0x20001580   Data           1  sim808.o(.data)
    Data4                                    0x20001581   Data           1  sim808.o(.data)
    Data5                                    0x20001582   Data           1  sim808.o(.data)
    Data6                                    0x20001583   Data           1  sim808.o(.data)
    Data7                                    0x20001584   Data           1  sim808.o(.data)
    Data8                                    0x20001585   Data           1  sim808.o(.data)
    count                                    0x20001586   Data           1  sim808.o(.data)
    result                                   0x20001587   Data           1  sim808.o(.data)
    result2                                  0x20001588   Data           1  sim808.o(.data)
    result3                                  0x20001589   Data           1  sim808.o(.data)
    result4                                  0x2000158a   Data           1  sim808.o(.data)
    result5                                  0x2000158b   Data           1  sim808.o(.data)
    result6                                  0x2000158c   Data           1  sim808.o(.data)
    SMS_received_flag                        0x2000158d   Data           1  sim808.o(.data)
    SMS_num                                  0x2000158e   Data           1  sim808.o(.data)
    SMS_CountryCode                          0x2000158f   Data           4  sim808.o(.data)
    SMS_Password                             0x20001593   Data           7  sim808.o(.data)
    Trip_Price                               0x2000159a   Data           5  sim808.o(.data)
    Data_Time                                0x2000159f   Data           4  sim808.o(.data)
    Location_Data_Time                       0x200015a3   Data           4  sim808.o(.data)
    Lat_degree                               0x200015a7   Data           1  sim808.o(.data)
    Lat_minute                               0x200015a8   Data           1  sim808.o(.data)
    Lat_second                               0x200015ac   Data           4  sim808.o(.data)
    Lat_dir                                  0x200015b0   Data           1  sim808.o(.data)
    Long_degree                              0x200015b1   Data           1  sim808.o(.data)
    Long_minute                              0x200015b2   Data           1  sim808.o(.data)
    Long_second                              0x200015b4   Data           4  sim808.o(.data)
    Long_dir                                 0x200015b8   Data           1  sim808.o(.data)
    dbSpeed                                  0x200015c0   Data           8  sim808.o(.data)
    UTC_Time                                 0x200015c8   Data           7  sim808.o(.data)
    dUTC_Time                                0x200015d0   Data           4  sim808.o(.data)
    dUTC_Date                                0x200015d4   Data           4  sim808.o(.data)
    Position_Fix                             0x200015d8   Data           1  sim808.o(.data)
    Satellites_Used                          0x200015d9   Data           3  sim808.o(.data)
    Phone_Num_1                              0x200015dc   Data          12  sim808.o(.data)
    Password                                 0x200015e8   Data           7  sim808.o(.data)
    Command                                  0x200015ef   Data           2  sim808.o(.data)
    New_Password                             0x200015f1   Data           7  sim808.o(.data)
    Temp_Device_ID                           0x200015f8   Data           7  sim808.o(.data)
    Reset_Status                             0x200015ff   Data           2  sim808.o(.data)
    Line_Code                                0x20001601   Data           5  sim808.o(.data)
    phone_num                                0x20001606   Data          11  sim808.o(.data)
    rx_index                                 0x20001614   Data           4  sim808.o(.data)
    HTTP_sucsessful_upload                   0x20001618   Data           1  sim808.o(.data)
    filesystem                               0x20001640   Data         560  main.o(.bss)
    file                                     0x20001870   Data         548  main.o(.bss)
    dir                                      0x20001a94   Data          28  main.o(.bss)
    fno                                      0x20001ab0   Data          24  main.o(.bss)
    Key_str                                  0x20001ac8   Data          10  main.o(.bss)
    Buffer_1                                 0x20001ad2   Data         512  main.o(.bss)
    Buffer_2                                 0x20001cd2   Data         512  main.o(.bss)
    L_Tx_1                                   0x20001ed2   Data         250  main.o(.bss)
    L_Tx_2                                   0x20001fcc   Data         250  main.o(.bss)
    L_Tx_3                                   0x200020c6   Data         250  main.o(.bss)
    L_Tx_4                                   0x200021c0   Data         250  main.o(.bss)
    F_Tx_1                                   0x200022ba   Data         250  main.o(.bss)
    F_Tx_2                                   0x200023b4   Data         250  main.o(.bss)
    F_Tx_3                                   0x200024ae   Data         250  main.o(.bss)
    F_Tx_4                                   0x200025a8   Data         250  main.o(.bss)
    Buffer_tx                                0x200026a2   Data         500  main.o(.bss)
    Buffer_rx                                0x20002896   Data         500  main.o(.bss)
    Buffer_SMS                               0x20002a8a   Data         250  main.o(.bss)
    RF_buffer_ok_data                        0x20002b84   Data          25  main.o(.bss)
    Sending_id                               0x20002b9d   Data          56  main.o(.bss)
    Buff_Speed                               0x20002bd5   Data           9  main.o(.bss)
    Buff_Course                              0x20002bde   Data          11  main.o(.bss)
    Block_Data_1                             0x20002be9   Data          16  main.o(.bss)
    Block_Data_2                             0x20002bf9   Data          16  main.o(.bss)
    Block_Data_4                             0x20002c09   Data          16  main.o(.bss)
    Purchase_price                           0x20002c19   Data           9  main.o(.bss)
    M_RTC_Date                               0x20002c24   Data          16  main.o(.bss)
    Sh_RTC_Date                              0x20002c34   Data          16  main.o(.bss)
    Date                                     0x20002c44   Data          11  main.o(.bss)
    lcddev                                   0x20002c50   Data          10  lcd.o(.bss)
    RTC_InitStructure                        0x20002c5c   Data          12  rtc.o(.bss)
    SDCardInfo                               0x20002c98   Data          80  stm32f4_sdio_sd.o(.bss)
    SDIO_InitStructure                       0x20002ce8   Data          24  stm32f4_sdio_sd.o(.bss)
    SDIO_CmdInitStructure                    0x20002d00   Data          20  stm32f4_sdio_sd.o(.bss)
    SDIO_DataInitStructure                   0x20002d14   Data          24  stm32f4_sdio_sd.o(.bss)
    data_str                                 0x20002d2c   Data         250  sim808.o(.bss)
    SMS_PhoneNumber                          0x20002e26   Data          12  sim808.o(.bss)
    SMS_Sender                               0x20002e32   Data          15  sim808.o(.bss)
    SMS_Date                                 0x20002e41   Data           9  sim808.o(.bss)
    SMS_Time                                 0x20002e4a   Data          12  sim808.o(.bss)
    SMS_Content                              0x20002e56   Data         200  sim808.o(.bss)
    Latitude                                 0x20002f1e   Data          14  sim808.o(.bss)
    Longitude                                0x20002f2c   Data          15  sim808.o(.bss)
    Altitude                                 0x20002f3b   Data          12  sim808.o(.bss)
    Speed                                    0x20002f47   Data           9  sim808.o(.bss)
    Course                                   0x20002f50   Data          11  sim808.o(.bss)
    UTC_Date                                 0x20002f5b   Data           9  sim808.o(.bss)
    Phone_Num_2                              0x20002f64   Data          12  sim808.o(.bss)
    Temp_Phone_Num                           0x20002f70   Data          12  sim808.o(.bss)
    Line_Name                                0x20002f7c   Data          50  sim808.o(.bss)
    URL_1                                    0x20002fae   Data         100  sim808.o(.bss)
    URL_2                                    0x20003012   Data         100  sim808.o(.bss)
    URL                                      0x20003076   Data          50  sim808.o(.bss)
    __libspace_start                         0x200034a8   Data          96  libspace.o(.bss)
    __temporary_stack_top$libspace           0x20003508   Data           0  libspace.o(.bss)



==============================================================================

Memory Map of the image

  Image Entry point : 0x08000189

  Load Region LR_IROM1 (Base: 0x08000000, Size: 0x0001db08, Max: 0x00100000, ABSOLUTE, COMPRESSED[0x0001c7dc])

    Execution Region ER_IROM1 (Exec base: 0x08000000, Load base: 0x08000000, Size: 0x0001c4c8, Max: 0x00100000, ABSOLUTE)

    Exec Addr    Load Addr    Size         Type   Attr      Idx    E Section Name        Object

    0x08000000   0x08000000   0x00000188   Data   RO          210    RESET               startup_stm32f4xx.o
    0x08000188   0x08000188   0x00000008   Code   RO         1037  * !!!main             c_w.l(__main.o)
    0x08000190   0x08000190   0x00000034   Code   RO         1402    !!!scatter          c_w.l(__scatter.o)
    0x080001c4   0x080001c4   0x00000064   Code   RO         1400    !!dclz77c           c_w.l(__dclz77c.o)
    0x08000228   0x08000228   0x0000001c   Code   RO         1404    !!handler_zi        c_w.l(__scatter_zi.o)
    0x08000244   0x08000244   0x00000000   Code   RO         1026    .ARM.Collect$$_printf_percent$$00000000  c_w.l(_printf_percent.o)
    0x08000244   0x08000244   0x00000006   Code   RO         1025    .ARM.Collect$$_printf_percent$$00000003  c_w.l(_printf_f.o)
    0x0800024a   0x0800024a   0x00000006   Code   RO         1022    .ARM.Collect$$_printf_percent$$00000008  c_w.l(_printf_i.o)
    0x08000250   0x08000250   0x00000006   Code   RO         1023    .ARM.Collect$$_printf_percent$$00000009  c_w.l(_printf_d.o)
    0x08000256   0x08000256   0x00000006   Code   RO         1024    .ARM.Collect$$_printf_percent$$0000000A  c_w.l(_printf_u.o)
    0x0800025c   0x0800025c   0x00000006   Code   RO         1021    .ARM.Collect$$_printf_percent$$0000000C  c_w.l(_printf_x.o)
    0x08000262   0x08000262   0x00000006   Code   RO         1020    .ARM.Collect$$_printf_percent$$00000014  c_w.l(_printf_s.o)
    0x08000268   0x08000268   0x00000004   Code   RO         1096    .ARM.Collect$$_printf_percent$$00000017  c_w.l(_printf_percent_end.o)
    0x0800026c   0x0800026c   0x00000002   Code   RO         1192    .ARM.Collect$$libinit$$00000000  c_w.l(libinit.o)
    0x0800026e   0x0800026e   0x00000004   Code   RO         1193    .ARM.Collect$$libinit$$00000001  c_w.l(libinit2.o)
    0x08000272   0x08000272   0x00000000   Code   RO         1196    .ARM.Collect$$libinit$$00000004  c_w.l(libinit2.o)
    0x08000272   0x08000272   0x00000000   Code   RO         1199    .ARM.Collect$$libinit$$0000000A  c_w.l(libinit2.o)
    0x08000272   0x08000272   0x00000000   Code   RO         1201    .ARM.Collect$$libinit$$0000000C  c_w.l(libinit2.o)
    0x08000272   0x08000272   0x00000000   Code   RO         1203    .ARM.Collect$$libinit$$0000000E  c_w.l(libinit2.o)
    0x08000272   0x08000272   0x00000006   Code   RO         1204    .ARM.Collect$$libinit$$0000000F  c_w.l(libinit2.o)
    0x08000278   0x08000278   0x00000000   Code   RO         1206    .ARM.Collect$$libinit$$00000011  c_w.l(libinit2.o)
    0x08000278   0x08000278   0x0000000c   Code   RO         1207    .ARM.Collect$$libinit$$00000012  c_w.l(libinit2.o)
    0x08000284   0x08000284   0x00000000   Code   RO         1208    .ARM.Collect$$libinit$$00000013  c_w.l(libinit2.o)
    0x08000284   0x08000284   0x00000000   Code   RO         1210    .ARM.Collect$$libinit$$00000015  c_w.l(libinit2.o)
    0x08000284   0x08000284   0x0000000a   Code   RO         1211    .ARM.Collect$$libinit$$00000016  c_w.l(libinit2.o)
    0x0800028e   0x0800028e   0x00000000   Code   RO         1212    .ARM.Collect$$libinit$$00000017  c_w.l(libinit2.o)
    0x0800028e   0x0800028e   0x00000000   Code   RO         1214    .ARM.Collect$$libinit$$00000019  c_w.l(libinit2.o)
    0x0800028e   0x0800028e   0x00000000   Code   RO         1216    .ARM.Collect$$libinit$$0000001B  c_w.l(libinit2.o)
    0x0800028e   0x0800028e   0x00000000   Code   RO         1218    .ARM.Collect$$libinit$$0000001D  c_w.l(libinit2.o)
    0x0800028e   0x0800028e   0x00000000   Code   RO         1220    .ARM.Collect$$libinit$$0000001F  c_w.l(libinit2.o)
    0x0800028e   0x0800028e   0x00000000   Code   RO         1222    .ARM.Collect$$libinit$$00000021  c_w.l(libinit2.o)
    0x0800028e   0x0800028e   0x00000000   Code   RO         1224    .ARM.Collect$$libinit$$00000023  c_w.l(libinit2.o)
    0x0800028e   0x0800028e   0x00000000   Code   RO         1226    .ARM.Collect$$libinit$$00000025  c_w.l(libinit2.o)
    0x0800028e   0x0800028e   0x00000000   Code   RO         1230    .ARM.Collect$$libinit$$0000002C  c_w.l(libinit2.o)
    0x0800028e   0x0800028e   0x00000000   Code   RO         1232    .ARM.Collect$$libinit$$0000002E  c_w.l(libinit2.o)
    0x0800028e   0x0800028e   0x00000000   Code   RO         1234    .ARM.Collect$$libinit$$00000030  c_w.l(libinit2.o)
    0x0800028e   0x0800028e   0x00000000   Code   RO         1236    .ARM.Collect$$libinit$$00000032  c_w.l(libinit2.o)
    0x0800028e   0x0800028e   0x00000002   Code   RO         1237    .ARM.Collect$$libinit$$00000033  c_w.l(libinit2.o)
    0x08000290   0x08000290   0x00000002   Code   RO         1309    .ARM.Collect$$libshutdown$$00000000  c_w.l(libshutdown.o)
    0x08000292   0x08000292   0x00000000   Code   RO         1336    .ARM.Collect$$libshutdown$$00000002  c_w.l(libshutdown2.o)
    0x08000292   0x08000292   0x00000000   Code   RO         1338    .ARM.Collect$$libshutdown$$00000004  c_w.l(libshutdown2.o)
    0x08000292   0x08000292   0x00000000   Code   RO         1341    .ARM.Collect$$libshutdown$$00000007  c_w.l(libshutdown2.o)
    0x08000292   0x08000292   0x00000000   Code   RO         1344    .ARM.Collect$$libshutdown$$0000000A  c_w.l(libshutdown2.o)
    0x08000292   0x08000292   0x00000000   Code   RO         1346    .ARM.Collect$$libshutdown$$0000000C  c_w.l(libshutdown2.o)
    0x08000292   0x08000292   0x00000000   Code   RO         1349    .ARM.Collect$$libshutdown$$0000000F  c_w.l(libshutdown2.o)
    0x08000292   0x08000292   0x00000002   Code   RO         1350    .ARM.Collect$$libshutdown$$00000010  c_w.l(libshutdown2.o)
    0x08000294   0x08000294   0x00000000   Code   RO         1081    .ARM.Collect$$rtentry$$00000000  c_w.l(__rtentry.o)
    0x08000294   0x08000294   0x00000000   Code   RO         1109    .ARM.Collect$$rtentry$$00000002  c_w.l(__rtentry2.o)
    0x08000294   0x08000294   0x00000006   Code   RO         1121    .ARM.Collect$$rtentry$$00000004  c_w.l(__rtentry4.o)
    0x0800029a   0x0800029a   0x00000000   Code   RO         1111    .ARM.Collect$$rtentry$$00000009  c_w.l(__rtentry2.o)
    0x0800029a   0x0800029a   0x00000004   Code   RO         1112    .ARM.Collect$$rtentry$$0000000A  c_w.l(__rtentry2.o)
    0x0800029e   0x0800029e   0x00000000   Code   RO         1114    .ARM.Collect$$rtentry$$0000000C  c_w.l(__rtentry2.o)
    0x0800029e   0x0800029e   0x00000008   Code   RO         1115    .ARM.Collect$$rtentry$$0000000D  c_w.l(__rtentry2.o)
    0x080002a6   0x080002a6   0x00000002   Code   RO         1238    .ARM.Collect$$rtexit$$00000000  c_w.l(rtexit.o)
    0x080002a8   0x080002a8   0x00000000   Code   RO         1271    .ARM.Collect$$rtexit$$00000002  c_w.l(rtexit2.o)
    0x080002a8   0x080002a8   0x00000004   Code   RO         1272    .ARM.Collect$$rtexit$$00000003  c_w.l(rtexit2.o)
    0x080002ac   0x080002ac   0x00000006   Code   RO         1273    .ARM.Collect$$rtexit$$00000004  c_w.l(rtexit2.o)
    0x080002b2   0x080002b2   0x00000002   PAD
    0x080002b4   0x080002b4   0x00002228   Code   RO            4    .text               main.o
    0x080024dc   0x080024dc   0x00000040   Code   RO          211    .text               startup_stm32f4xx.o
    0x0800251c   0x0800251c   0x0000002a   Code   RO          215    .text               delay.o
    0x08002546   0x08002546   0x00000002   PAD
    0x08002548   0x08002548   0x000051dc   Code   RO          230    .text               lcd.o
    0x08007724   0x08007724   0x00000114   Code   RO          271    .text               usart.o
    0x08007838   0x08007838   0x0000002a   Code   RO          302    .text               stm32f4xx_it.o
    0x08007862   0x08007862   0x00000002   PAD
    0x08007864   0x08007864   0x00000210   Code   RO          329    .text               system_stm32f4xx.o
    0x08007a74   0x08007a74   0x000000e8   Code   RO          359    .text               diskio.o
    0x08007b5c   0x08007b5c   0x00001d52   Code   RO          401    .text               ff.o
    0x080098ae   0x080098ae   0x00000002   PAD
    0x080098b0   0x080098b0   0x0000014c   Code   RO          418    .text               gpio.o
    0x080099fc   0x080099fc   0x000000d8   Code   RO          442    .text               rtc.o
    0x08009ad4   0x08009ad4   0x00000310   Code   RO          470    .text               sd_bmp.o
    0x08009de4   0x08009de4   0x00000244   Code   RO          498    .text               stm32f4_sdio_low_level_init.o
    0x0800a028   0x0800a028   0x0000179c   Code   RO          522    .text               stm32f4_sdio_sd.o
    0x0800b7c4   0x0800b7c4   0x00001b70   Code   RO          550    .text               tim.o
    0x0800d334   0x0800d334   0x00001c90   Code   RO          581    .text               sim808.o
    0x0800efc4   0x0800efc4   0x00000652   Code   RO          614    .text               stm32f4xx_mfrc522.o
    0x0800f616   0x0800f616   0x00000002   PAD
    0x0800f618   0x0800f618   0x00000710   Code   RO          638    .text               sdio.o
    0x0800fd28   0x0800fd28   0x000000e0   Code   RO          665    .text               misc.o
    0x0800fe08   0x0800fe08   0x0000025c   Code   RO          689    .text               stm32f4xx_gpio.o
    0x08010064   0x08010064   0x00000588   Code   RO          713    .text               stm32f4xx_rcc.o
    0x080105ec   0x080105ec   0x0000041a   Code   RO          739    .text               stm32f4xx_usart.o
    0x08010a06   0x08010a06   0x00000002   PAD
    0x08010a08   0x08010a08   0x00000608   Code   RO          763    .text               stm32f4xx_fsmc.o
    0x08011010   0x08011010   0x00000d68   Code   RO          814    .text               stm32f4xx_rtc.o
    0x08011d78   0x08011d78   0x000001dc   Code   RO          838    .text               stm32f4xx_sdio.o
    0x08011f54   0x08011f54   0x000003f8   Code   RO          862    .text               stm32f4xx_spi.o
    0x0801234c   0x0801234c   0x00000ca2   Code   RO          886    .text               stm32f4xx_tim.o
    0x08012fee   0x08012fee   0x00000002   PAD
    0x08012ff0   0x08012ff0   0x000000f8   Code   RO          910    .text               stm32f4xx_pwr.o
    0x080130e8   0x080130e8   0x000003a8   Code   RO          934    .text               stm32f4xx_dma.o
    0x08013490   0x08013490   0x00000002   Code   RO          957    .text               c_w.l(use_no_semi_2.o)
    0x08013492   0x08013492   0x00000002   PAD
    0x08013494   0x08013494   0x00000018   Code   RO          965    .text               c_w.l(noretval__2printf.o)
    0x080134ac   0x080134ac   0x00000028   Code   RO          967    .text               c_w.l(noretval__2sprintf.o)
    0x080134d4   0x080134d4   0x00000034   Code   RO          969    .text               c_w.l(noretval__2snprintf.o)
    0x08013508   0x08013508   0x0000004e   Code   RO          973    .text               c_w.l(_printf_pad.o)
    0x08013556   0x08013556   0x00000052   Code   RO          975    .text               c_w.l(_printf_str.o)
    0x080135a8   0x080135a8   0x00000078   Code   RO          977    .text               c_w.l(_printf_dec.o)
    0x08013620   0x08013620   0x00000058   Code   RO          982    .text               c_w.l(_printf_hex_int.o)
    0x08013678   0x08013678   0x00000138   Code   RO         1012    .text               c_w.l(__printf_flags_wp.o)
    0x080137b0   0x080137b0   0x00000024   Code   RO         1027    .text               c_w.l(strstr.o)
    0x080137d4   0x080137d4   0x00000048   Code   RO         1029    .text               c_w.l(strcpy.o)
    0x0801381c   0x0801381c   0x00000018   Code   RO         1031    .text               c_w.l(strcat.o)
    0x08013834   0x08013834   0x00000080   Code   RO         1033    .text               c_w.l(strcmpv7m.o)
    0x080138b4   0x080138b4   0x00000006   Code   RO         1035    .text               c_w.l(heapauxi.o)
    0x080138ba   0x080138ba   0x00000002   Code   RO         1079    .text               c_w.l(use_no_semi.o)
    0x080138bc   0x080138bc   0x000000b2   Code   RO         1082    .text               c_w.l(_printf_intcommon.o)
    0x0801396e   0x0801396e   0x0000041e   Code   RO         1084    .text               c_w.l(_printf_fp_dec.o)
    0x08013d8c   0x08013d8c   0x00000030   Code   RO         1086    .text               c_w.l(_printf_char_common.o)
    0x08013dbc   0x08013dbc   0x0000000a   Code   RO         1088    .text               c_w.l(_sputc.o)
    0x08013dc6   0x08013dc6   0x00000010   Code   RO         1090    .text               c_w.l(_snputc.o)
    0x08013dd6   0x08013dd6   0x0000002c   Code   RO         1092    .text               c_w.l(_printf_char.o)
    0x08013e02   0x08013e02   0x00000002   PAD
    0x08013e04   0x08013e04   0x00000024   Code   RO         1094    .text               c_w.l(_printf_char_file.o)
    0x08013e28   0x08013e28   0x000000a4   Code   RO         1097    .text               c_w.l(strtod.o)
    0x08013ecc   0x08013ecc   0x00000008   Code   RO         1126    .text               c_w.l(rt_locale_intlibspace.o)
    0x08013ed4   0x08013ed4   0x0000008a   Code   RO         1128    .text               c_w.l(lludiv10.o)
    0x08013f5e   0x08013f5e   0x00000012   Code   RO         1130    .text               c_w.l(isspace.o)
    0x08013f70   0x08013f70   0x00000080   Code   RO         1132    .text               c_w.l(_printf_fp_infnan.o)
    0x08013ff0   0x08013ff0   0x00000040   Code   RO         1136    .text               c_w.l(_sgetc.o)
    0x08014030   0x08014030   0x000000e4   Code   RO         1138    .text               c_w.l(bigflt0.o)
    0x08014114   0x08014114   0x00000008   Code   RO         1163    .text               c_w.l(ferror.o)
    0x0801411c   0x0801411c   0x00000008   Code   RO         1176    .text               c_w.l(libspace.o)
    0x08014124   0x08014124   0x0000004a   Code   RO         1179    .text               c_w.l(sys_stackheap_outer.o)
    0x0801416e   0x0801416e   0x00000002   PAD
    0x08014170   0x08014170   0x00000010   Code   RO         1181    .text               c_w.l(rt_ctype_table.o)
    0x08014180   0x08014180   0x000004f8   Code   RO         1183    .text               c_w.l(scanf_fp.o)
    0x08014678   0x08014678   0x00000012   Code   RO         1185    .text               c_w.l(exit.o)
    0x0801468a   0x0801468a   0x00000002   PAD
    0x0801468c   0x0801468c   0x00000008   Code   RO         1243    .text               c_w.l(rt_errno_addr_intlibspace.o)
    0x08014694   0x08014694   0x00000016   Code   RO         1277    .text               c_w.l(_rserrno.o)
    0x080146aa   0x080146aa   0x00000002   PAD
    0x080146ac   0x080146ac   0x00000320   Code   RO         1279    .text               c_w.l(scanf_hexfp.o)
    0x080149cc   0x080149cc   0x00000134   Code   RO         1281    .text               c_w.l(scanf_infnan.o)
    0x08014b00   0x08014b00   0x00000026   Code   RO         1299    .text               c_w.l(llshl.o)
    0x08014b26   0x08014b26   0x0000001c   Code   RO         1301    .text               c_w.l(_chval.o)
    0x08014b42   0x08014b42   0x0000003e   Code   RO         1141    CL$$btod_d2e        c_w.l(btod.o)
    0x08014b80   0x08014b80   0x00000046   Code   RO         1143    CL$$btod_d2e_denorm_low  c_w.l(btod.o)
    0x08014bc6   0x08014bc6   0x00000060   Code   RO         1142    CL$$btod_d2e_norm_op1  c_w.l(btod.o)
    0x08014c26   0x08014c26   0x00000338   Code   RO         1151    CL$$btod_div_common  c_w.l(btod.o)
    0x08014f5e   0x08014f5e   0x00000002   PAD
    0x08014f60   0x08014f60   0x00000084   Code   RO         1149    CL$$btod_e2d        c_w.l(btod.o)
    0x08014fe4   0x08014fe4   0x000000dc   Code   RO         1148    CL$$btod_e2e        c_w.l(btod.o)
    0x080150c0   0x080150c0   0x0000002a   Code   RO         1145    CL$$btod_ediv       c_w.l(btod.o)
    0x080150ea   0x080150ea   0x0000002a   Code   RO         1147    CL$$btod_edivd      c_w.l(btod.o)
    0x08015114   0x08015114   0x0000002a   Code   RO         1144    CL$$btod_emul       c_w.l(btod.o)
    0x0801513e   0x0801513e   0x0000002a   Code   RO         1146    CL$$btod_emuld      c_w.l(btod.o)
    0x08015168   0x08015168   0x00000244   Code   RO         1150    CL$$btod_mult_common  c_w.l(btod.o)
    0x080153ac   0x080153ac   0x00000030   Code   RO         1174    i.__ARM_fpclassify  m_wm.l(fpclassify.o)
    0x080153dc   0x080153dc   0x00000004   PAD
    0x080153e0   0x080153e0   0x000000f8   Code   RO         1262    i.__hardfp___mathlib_tofloat  m_wm.l(narrow.o)
    0x080154d8   0x080154d8   0x000000d0   Code   RO         1312    i.__hardfp_ldexp    m_wm.l(ldexp.o)
    0x080155a8   0x080155a8   0x00000028   Code   RO         1067    i.__hardfp_strtod   m_wm.l(strtod.o)
    0x080155d0   0x080155d0   0x00000028   Code   RO         1073    i.__hardfp_strtold  m_wm.l(strtold.o)
    0x080155f8   0x080155f8   0x00000020   Code   RO         1357    i.__mathlib_dbl_overflow  m_wm.l(dunder.o)
    0x08015618   0x08015618   0x00000020   Code   RO         1359    i.__mathlib_dbl_underflow  m_wm.l(dunder.o)
    0x08015638   0x08015638   0x00000012   Code   RO         1263    i.__mathlib_narrow  m_wm.l(narrow.o)
    0x0801564a   0x0801564a   0x00000014   Code   RO         1314    i.__support_ldexp   m_wm.l(ldexp.o)
    0x0801565e   0x0801565e   0x0000000e   Code   RO         1010    i._is_digit         c_w.l(__printf_wp.o)
    0x0801566c   0x0801566c   0x00000004   PAD
    0x08015670   0x08015670   0x0000008c   Code   RO         1291    i.frexp             m_wm.l(frexp.o)
    0x080156fc   0x080156fc   0x0000002c   Code   RO         1168    locale$$code        c_w.l(lc_numeric_c.o)
    0x08015728   0x08015728   0x0000002c   Code   RO         1246    locale$$code        c_w.l(lc_ctype_c.o)
    0x08015754   0x08015754   0x00000062   Code   RO         1287    x$fpl$d2f           fz_wm.l(d2f.o)
    0x080157b6   0x080157b6   0x00000002   PAD
    0x080157b8   0x080157b8   0x00000150   Code   RO         1039    x$fpl$dadd          fz_wm.l(daddsub_clz.o)
    0x08015908   0x08015908   0x00000010   Code   RO         1372    x$fpl$dcheck1       fz_wm.l(dcheck1.o)
    0x08015918   0x08015918   0x00000018   Code   RO         1099    x$fpl$dcmpinf       fz_wm.l(dcmpi.o)
    0x08015930   0x08015930   0x000002b0   Code   RO         1046    x$fpl$ddiv          fz_wm.l(ddiv.o)
    0x08015be0   0x08015be0   0x00000078   Code   RO         1049    x$fpl$deqf          fz_wm.l(deqf.o)
    0x08015c58   0x08015c58   0x0000005a   Code   RO         1051    x$fpl$dfixu         fz_wm.l(dfixu.o)
    0x08015cb2   0x08015cb2   0x0000002e   Code   RO         1056    x$fpl$dflt          fz_wm.l(dflt_clz.o)
    0x08015ce0   0x08015ce0   0x00000026   Code   RO         1055    x$fpl$dfltu         fz_wm.l(dflt_clz.o)
    0x08015d06   0x08015d06   0x00000002   PAD
    0x08015d08   0x08015d08   0x00000078   Code   RO         1101    x$fpl$dleqf         fz_wm.l(dleqf.o)
    0x08015d80   0x08015d80   0x00000154   Code   RO         1061    x$fpl$dmul          fz_wm.l(dmul.o)
    0x08015ed4   0x08015ed4   0x0000009c   Code   RO         1103    x$fpl$dnaninf       fz_wm.l(dnaninf.o)
    0x08015f70   0x08015f70   0x0000000c   Code   RO         1105    x$fpl$dretinf       fz_wm.l(dretinf.o)
    0x08015f7c   0x08015f7c   0x0000006c   Code   RO         1063    x$fpl$drleqf        fz_wm.l(drleqf.o)
    0x08015fe8   0x08015fe8   0x000001d4   Code   RO         1041    x$fpl$dsub          fz_wm.l(daddsub_clz.o)
    0x080161bc   0x080161bc   0x0000000a   Code   RO         1254    x$fpl$fpinit        fz_wm.l(fpinit.o)
    0x080161c6   0x080161c6   0x0000000a   Code   RO         1310    x$fpl$fretinf       fz_wm.l(fretinf.o)
    0x080161d0   0x080161d0   0x00000006   Code   RO         1170    x$fpl$ieeestatus    fz_wm.l(istatus.o)
    0x080161d6   0x080161d6   0x00000004   Code   RO         1065    x$fpl$printf1       fz_wm.l(printf1.o)
    0x080161da   0x080161da   0x00000064   Code   RO         1378    x$fpl$retnan        fz_wm.l(retnan.o)
    0x0801623e   0x0801623e   0x0000005c   Code   RO         1351    x$fpl$scalbn        fz_wm.l(scalbn.o)
    0x0801629a   0x0801629a   0x00000004   Code   RO         1172    x$fpl$scanf1        fz_wm.l(scanf1.o)
    0x0801629e   0x0801629e   0x00000008   Code   RO         1256    x$fpl$scanf2        fz_wm.l(scanf2.o)
    0x080162a6   0x080162a6   0x00000030   Code   RO         1396    x$fpl$trapveneer    fz_wm.l(trapv.o)
    0x080162d6   0x080162d6   0x00000000   Code   RO         1107    x$fpl$usenofp       fz_wm.l(usenofp.o)
    0x080162d6   0x080162d6   0x00000002   PAD
    0x080162d8   0x080162d8   0x00000339   Data   RO            6    .constdata          main.o
    0x08016611   0x08016611   0x00000003   PAD
    0x08016614   0x08016614   0x000058d0   Data   RO          232    .constdata          lcd.o
    0x0801bee4   0x0801bee4   0x0000004f   Data   RO          551    .constdata          tim.o
    0x0801bf33   0x0801bf33   0x00000073   Data   RO          583    .constdata          sim808.o
    0x0801bfa6   0x0801bfa6   0x00000028   Data   RO          983    .constdata          c_w.l(_printf_hex_int.o)
    0x0801bfce   0x0801bfce   0x00000011   Data   RO         1013    .constdata          c_w.l(__printf_flags_wp.o)
    0x0801bfdf   0x0801bfdf   0x00000001   PAD
    0x0801bfe0   0x0801bfe0   0x00000094   Data   RO         1139    .constdata          c_w.l(bigflt0.o)
    0x0801c074   0x0801c074   0x0000013e   Data   RO            7    .conststring        main.o
    0x0801c1b2   0x0801c1b2   0x00000002   PAD
    0x0801c1b4   0x0801c1b4   0x000001b5   Data   RO          584    .conststring        sim808.o
    0x0801c369   0x0801c369   0x00000003   PAD
    0x0801c36c   0x0801c36c   0x00000020   Data   RO         1398    Region$$Table       anon$$obj.o
    0x0801c38c   0x0801c38c   0x00000008   Data   RO         1250    c$$dinf             fz_wm.l(fpconst.o)
    0x0801c394   0x0801c394   0x00000008   Data   RO         1253    c$$dmax             fz_wm.l(fpconst.o)
    0x0801c39c   0x0801c39c   0x0000001c   Data   RO         1167    locale$$data        c_w.l(lc_numeric_c.o)
    0x0801c3b8   0x0801c3b8   0x00000110   Data   RO         1245    locale$$data        c_w.l(lc_ctype_c.o)


    Execution Region RW_IRAM1 (Exec base: 0x20000000, Load base: 0x0801c4c8, Size: 0x00003b08, Max: 0x00020000, ABSOLUTE, COMPRESSED[0x00000314])

    Exec Addr    Load Addr    Size         Type   Attr      Idx    E Section Name        Object

    0x20000000   COMPRESSED   0x00000b30   Data   RW            8    .data               main.o
    0x20000b30   COMPRESSED   0x0000002c   Data   RW          233    .data               lcd.o
    0x20000b5c   COMPRESSED   0x00000004   Data   RW          272    .data               usart.o
    0x20000b60   COMPRESSED   0x00000014   Data   RW          330    .data               system_stm32f4xx.o
    0x20000b74   COMPRESSED   0x00000006   Data   RW          402    .data               ff.o
    0x20000b7a   COMPRESSED   0x00000002   PAD
    0x20000b7c   COMPRESSED   0x0000000c   Data   RW          444    .data               rtc.o
    0x20000b88   COMPRESSED   0x00000008   Data   RW          471    .data               sd_bmp.o
    0x20000b90   COMPRESSED   0x00000018   Data   RW          524    .data               stm32f4_sdio_sd.o
    0x20000ba8   COMPRESSED   0x000009c4   Data   RW          552    .data               tim.o
    0x2000156c   COMPRESSED   0x00000004   PAD
    0x20001570   COMPRESSED   0x000000aa   Data   RW          585    .data               sim808.o
    0x2000161a   COMPRESSED   0x00000002   PAD
    0x2000161c   COMPRESSED   0x00000014   Data   RW          640    .data               sdio.o
    0x20001630   COMPRESSED   0x00000010   Data   RW          714    .data               stm32f4xx_rcc.o
    0x20001640        -       0x0000160f   Zero   RW            5    .bss                main.o
    0x20002c4f   COMPRESSED   0x00000001   PAD
    0x20002c50        -       0x0000000a   Zero   RW          231    .bss                lcd.o
    0x20002c5a   COMPRESSED   0x00000002   PAD
    0x20002c5c        -       0x0000000c   Zero   RW          443    .bss                rtc.o
    0x20002c68        -       0x000000c4   Zero   RW          523    .bss                stm32f4_sdio_sd.o
    0x20002d2c        -       0x0000037c   Zero   RW          582    .bss                sim808.o
    0x200030a8        -       0x00000400   Zero   RW          639    .bss                sdio.o
    0x200034a8        -       0x00000060   Zero   RW         1177    .bss                c_w.l(libspace.o)
    0x20003508        -       0x00000200   Zero   RW          209    HEAP                startup_stm32f4xx.o
    0x20003708        -       0x00000400   Zero   RW          208    STACK               startup_stm32f4xx.o


==============================================================================

Image component sizes


      Code (inc. data)   RO Data    RW Data    ZI Data      Debug   Object Name

        42          0          0          0          0        780   delay.o
       232          4          0          0          0       3494   diskio.o
      7506         40          0          6          0      21088   ff.o
       332         26          0          0          0        693   gpio.o
     20956        358      22736         44         10      34906   lcd.o
      8744        808       1143       2864       5647     343604   main.o
       224         20          0          0          0       1997   misc.o
       216         16          0         12         12       1583   rtc.o
       784         12          0          8          0       3716   sd_bmp.o
      1808        298          0         20       1024       4937   sdio.o
      7312       1476        552        170        892      12642   sim808.o
        64         26        392          0       1536        824   startup_stm32f4xx.o
       580         16          0          0          0       1956   stm32f4_sdio_low_level_init.o
      6044        210          0         24        196      17600   stm32f4_sdio_sd.o
       936         32          0          0          0       6573   stm32f4xx_dma.o
      1544         14          0          0          0      13575   stm32f4xx_fsmc.o
       604         36          0          0          0       4301   stm32f4xx_gpio.o
        42          0          0          0          0       1613   stm32f4xx_it.o
      1618         14          0          0          0       7354   stm32f4xx_mfrc522.o
       248         14          0          0          0       2732   stm32f4xx_pwr.o
      1416         48          0         16          0      11263   stm32f4xx_rcc.o
      3432         44          0          0          0      15616   stm32f4xx_rtc.o
       476         16          0          0          0       7596   stm32f4xx_sdio.o
      1016         22          0          0          0       7021   stm32f4xx_spi.o
      3234         60          0          0          0      23192   stm32f4xx_tim.o
      1050         26          0          0          0       8040   stm32f4xx_usart.o
       528         46          0         20          0       1843   system_stm32f4xx.o
      7024        762         79       2500          0       8890   tim.o
       276         10          0          4          0       3316   usart.o

    ----------------------------------------------------------------------
     78300       4454      24942       5696       9320     572745   Object Totals
         0          0         32          0          0          0   (incl. Generated)
        12          0          8          8          3          0   (incl. Padding)

    ----------------------------------------------------------------------

      Code (inc. data)   RO Data    RW Data    ZI Data      Debug   Library Member Name

       100          0          0          0          0          0   __dclz77c.o
         8          0          0          0          0         68   __main.o
       312          4         17          0          0         92   __printf_flags_wp.o
        14          0          0          0          0         68   __printf_wp.o
         0          0          0          0          0          0   __rtentry.o
        12          0          0          0          0          0   __rtentry2.o
         6          0          0          0          0          0   __rtentry4.o
        52          8          0          0          0          0   __scatter.o
        28          0          0          0          0          0   __scatter_zi.o
        28          0          0          0          0         68   _chval.o
        44          0          0          0          0        108   _printf_char.o
        48          6          0          0          0         96   _printf_char_common.o
        36          4          0          0          0         80   _printf_char_file.o
         6          0          0          0          0          0   _printf_d.o
       120         16          0          0          0         92   _printf_dec.o
         6          0          0          0          0          0   _printf_f.o
      1054          0          0          0          0        216   _printf_fp_dec.o
       128         16          0          0          0         84   _printf_fp_infnan.o
        88          4         40          0          0         88   _printf_hex_int.o
         6          0          0          0          0          0   _printf_i.o
       178          0          0          0          0         88   _printf_intcommon.o
        78          0          0          0          0        108   _printf_pad.o
         0          0          0          0          0          0   _printf_percent.o
         4          0          0          0          0          0   _printf_percent_end.o
         6          0          0          0          0          0   _printf_s.o
        82          0          0          0          0         80   _printf_str.o
         6          0          0          0          0          0   _printf_u.o
         6          0          0          0          0          0   _printf_x.o
        22          0          0          0          0        100   _rserrno.o
        64          0          0          0          0         84   _sgetc.o
        16          0          0          0          0         68   _snputc.o
        10          0          0          0          0         68   _sputc.o
       228          4        148          0          0         96   bigflt0.o
      2152        136          0          0          0        960   btod.o
        18          0          0          0          0         80   exit.o
         8          0          0          0          0         68   ferror.o
         6          0          0          0          0        152   heapauxi.o
        18          0          0          0          0         76   isspace.o
        44         10        272          0          0         76   lc_ctype_c.o
        44         10         28          0          0         76   lc_numeric_c.o
         2          0          0          0          0          0   libinit.o
        34          0          0          0          0          0   libinit2.o
         2          0          0          0          0          0   libshutdown.o
         2          0          0          0          0          0   libshutdown2.o
         8          4          0          0         96         68   libspace.o
        38          0          0          0          0         68   llshl.o
       138          0          0          0          0         80   lludiv10.o
        24          4          0          0          0         84   noretval__2printf.o
        52          4          0          0          0         84   noretval__2snprintf.o
        40          6          0          0          0         84   noretval__2sprintf.o
        16          4          0          0          0         76   rt_ctype_table.o
         8          4          0          0          0         68   rt_errno_addr_intlibspace.o
         8          4          0          0          0         68   rt_locale_intlibspace.o
         2          0          0          0          0          0   rtexit.o
        10          0          0          0          0          0   rtexit2.o
      1272         16          0          0          0        168   scanf_fp.o
       800         14          0          0          0        100   scanf_hexfp.o
       308         16          0          0          0        100   scanf_infnan.o
        24          0          0          0          0         68   strcat.o
       128          0          0          0          0         68   strcmpv7m.o
        72          0          0          0          0         80   strcpy.o
        36          0          0          0          0         80   strstr.o
       164         14          0          0          0        120   strtod.o
        74          0          0          0          0         80   sys_stackheap_outer.o
         2          0          0          0          0         68   use_no_semi.o
         2          0          0          0          0         68   use_no_semi_2.o
        98          4          0          0          0        140   d2f.o
       804         16          0          0          0        368   daddsub_clz.o
        16          4          0          0          0        116   dcheck1.o
        24          0          0          0          0        116   dcmpi.o
       688        140          0          0          0        256   ddiv.o
       120          4          0          0          0        140   deqf.o
        90          4          0          0          0        140   dfixu.o
        84          0          0          0          0        232   dflt_clz.o
       120          4          0          0          0        140   dleqf.o
       340         12          0          0          0        152   dmul.o
       156          4          0          0          0        140   dnaninf.o
        12          0          0          0          0        116   dretinf.o
       108          0          0          0          0        128   drleqf.o
         0          0         16          0          0          0   fpconst.o
        10          0          0          0          0        116   fpinit.o
        10          0          0          0          0        116   fretinf.o
         6          0          0          0          0        116   istatus.o
         4          0          0          0          0        116   printf1.o
       100          0          0          0          0        116   retnan.o
        92          0          0          0          0        116   scalbn.o
         4          0          0          0          0        116   scanf1.o
         8          0          0          0          0        132   scanf2.o
        48          0          0          0          0        116   trapv.o
         0          0          0          0          0          0   usenofp.o
        64         16          0          0          0        248   dunder.o
        48          0          0          0          0        124   fpclassify.o
       140         22          0          0          0        132   frexp.o
       228          8          0          0          0        308   ldexp.o
       266         16          0          0          0        308   narrow.o
        40         10          0          0          0        128   strtod.o
        40         10          0          0          0        128   strtold.o

    ----------------------------------------------------------------------
     12148        584        522          0         96       9540   Library Totals
        28          2          1          0          0          0   (incl. Padding)

    ----------------------------------------------------------------------

      Code (inc. data)   RO Data    RW Data    ZI Data      Debug   Library Name

      8352        308        505          0         96       4920   c_w.l
      2942        192         16          0          0       3244   fz_wm.l
       826         82          0          0          0       1376   m_wm.l

    ----------------------------------------------------------------------
     12148        584        522          0         96       9540   Library Totals

    ----------------------------------------------------------------------

==============================================================================


      Code (inc. data)   RO Data    RW Data    ZI Data      Debug   

     90448       5038      25464       5696       9416     568729   Grand Totals
     90448       5038      25464        788       9416     568729   ELF Image Totals (compressed)
     90448       5038      25464        788          0          0   ROM Totals

==============================================================================

    Total RO  Size (Code + RO Data)               115912 ( 113.20kB)
    Total RW  Size (RW Data + ZI Data)             15112 (  14.76kB)
    Total ROM Size (Code + RO Data + RW Data)     116700 ( 113.96kB)

==============================================================================

