Component: ARM Compiler 5.06 update 6 (build 750) Tool: armlink [4d35ed]

==============================================================================

Section Cross References

    main.o(.text) refers to _printf_percent.o(.ARM.Collect$$_printf_percent$$00000000) for _printf_percent
    main.o(.text) refers to _printf_u.o(.ARM.Collect$$_printf_percent$$0000000A) for _printf_u
    main.o(.text) refers to _printf_s.o(.ARM.Collect$$_printf_percent$$00000014) for _printf_s
    main.o(.text) refers to _printf_dec.o(.text) for _printf_int_dec
    main.o(.text) refers to _printf_str.o(.text) for _printf_str
    main.o(.text) refers to _printf_i.o(.ARM.Collect$$_printf_percent$$00000008) for _printf_i
    main.o(.text) refers to _printf_pad.o(.text) for _printf_pre_padding
    main.o(.text) refers to noretval__2sprintf.o(.text) for __2sprintf
    main.o(.text) refers to lcd.o(.text) for LCD_MyShowString
    main.o(.text) refers to sdio.o(.text) for SD_ReadSingleBlock
    main.o(.text) refers to strcpy.o(.text) for strcpy
    main.o(.text) refers to strtold.o(i.__hardfp_strtold) for __hardfp_strtold
    main.o(.text) refers to dfixu.o(x$fpl$dfixu) for __aeabi_d2uiz
    main.o(.text) refers to main.o(.constdata) for g_days_in_month
    main.o(.text) refers to main.o(.bss) for Buffer_1
    main.o(.text) refers to main.o(.data) for Device_ID
    main.o(.text) refers to sim808.o(.bss) for Phone_Num_2
    main.o(.text) refers to tim.o(.data) for Current_month
    main.o(.text) refers to delay.o(.text) for delay_ms
    main.o(.text) refers to gpio.o(.text) for GPIO_Initi
    main.o(.text) refers to ff.o(.text) for f_mount
    main.o(.text) refers to sd_bmp.o(.text) for Bmp_Show
    main.o(.text) refers to stm32f4xx_gpio.o(.text) for GPIO_SetBits
    main.o(.text) refers to stm32f4xx_mfrc522.o(.text) for MFRC522_1_Init
    main.o(.text) refers to tim.o(.text) for TIM8_Int_Init
    main.o(.text) refers to rtc.o(.text) for RTC_Start
    main.o(.text) refers to stm32f4xx_tim.o(.text) for TIM_GenerateEvent
    main.o(.text) refers to sim808.o(.text) for SMS_Read
    main.o(.text) refers to strcat.o(.text) for strcat
    main.o(.text) refers to sim808.o(.data) for SMS_received_flag
    startup_stm32f4xx.o(STACK) refers (Special) to heapauxi.o(.text) for __use_two_region_memory
    startup_stm32f4xx.o(HEAP) refers (Special) to heapauxi.o(.text) for __use_two_region_memory
    startup_stm32f4xx.o(RESET) refers (Special) to heapauxi.o(.text) for __use_two_region_memory
    startup_stm32f4xx.o(RESET) refers to startup_stm32f4xx.o(STACK) for __initial_sp
    startup_stm32f4xx.o(RESET) refers to startup_stm32f4xx.o(.text) for Reset_Handler
    startup_stm32f4xx.o(RESET) refers to stm32f4xx_it.o(.text) for NMI_Handler
    startup_stm32f4xx.o(RESET) refers to tim.o(.text) for TIM1_UP_TIM10_IRQHandler
    startup_stm32f4xx.o(RESET) refers to sim808.o(.text) for TIM4_IRQHandler
    startup_stm32f4xx.o(.text) refers (Special) to heapauxi.o(.text) for __use_two_region_memory
    startup_stm32f4xx.o(.text) refers to system_stm32f4xx.o(.text) for SystemInit
    startup_stm32f4xx.o(.text) refers to __main.o(!!!main) for __main
    startup_stm32f4xx.o(.text) refers to startup_stm32f4xx.o(HEAP) for Heap_Mem
    startup_stm32f4xx.o(.text) refers to startup_stm32f4xx.o(STACK) for Stack_Mem
    lcd.o(.text) refers to delay.o(.text) for delay_us
    lcd.o(.text) refers to lcd.o(.bss) for lcddev
    lcd.o(.text) refers to stm32f4xx_rcc.o(.text) for RCC_AHB3PeriphClockCmd
    lcd.o(.text) refers to stm32f4xx_gpio.o(.text) for GPIO_Init
    lcd.o(.text) refers to stm32f4xx_fsmc.o(.text) for FSMC_NORSRAMInit
    lcd.o(.text) refers to lcd.o(.data) for POINT_COLOR
    lcd.o(.text) refers to lcd.o(.constdata) for asc2_6432
    lcd.o(.text) refers to dflt_clz.o(x$fpl$dfltu) for __aeabi_ui2d
    lcd.o(.text) refers to dmul.o(x$fpl$dmul) for __aeabi_dmul
    lcd.o(.text) refers to dflt_clz.o(x$fpl$dflt) for __aeabi_i2d
    lcd.o(.text) refers to daddsub_clz.o(x$fpl$dsub) for __aeabi_dsub
    lcd.o(.text) refers to dfixu.o(x$fpl$dfixu) for __aeabi_d2uiz
    lcd.o(.text) refers to daddsub_clz.o(x$fpl$dadd) for __aeabi_dadd
    usart.o(.rev16_text) refers (Special) to use_no_semi_2.o(.text) for __use_no_semihosting
    usart.o(.revsh_text) refers (Special) to use_no_semi_2.o(.text) for __use_no_semihosting
    usart.o(.text) refers (Special) to use_no_semi_2.o(.text) for __use_no_semihosting
    usart.o(.text) refers to stm32f4xx_rcc.o(.text) for RCC_AHB1PeriphClockCmd
    usart.o(.text) refers to stm32f4xx_gpio.o(.text) for GPIO_PinAFConfig
    usart.o(.text) refers to stm32f4xx_usart.o(.text) for USART_Init
    usart.o(.data) refers (Special) to use_no_semi_2.o(.text) for __use_no_semihosting
    stm32f4xx_it.o(.text) refers to stm32f4_sdio_sd.o(.text) for SD_ProcessIRQSrc
    system_stm32f4xx.o(.text) refers to system_stm32f4xx.o(.data) for SystemCoreClock
[...]
    USART_OverSampling8Cmd                   0x0800ea51   Thumb Code    22  stm32f4xx_usart.o(.text)
    USART_OneBitMethodCmd                    0x0800ea67   Thumb Code    24  stm32f4xx_usart.o(.text)
    USART_SendData                           0x0800ea7f   Thumb Code     8  stm32f4xx_usart.o(.text)
    USART_ReceiveData                        0x0800ea87   Thumb Code    10  stm32f4xx_usart.o(.text)
    USART_SetAddress                         0x0800ea91   Thumb Code    18  stm32f4xx_usart.o(.text)
    USART_ReceiverWakeUpCmd                  0x0800eaa3   Thumb Code    24  stm32f4xx_usart.o(.text)
    USART_WakeUpConfig                       0x0800eabb   Thumb Code    18  stm32f4xx_usart.o(.text)
    USART_LINBreakDetectLengthConfig         0x0800eacd   Thumb Code    18  stm32f4xx_usart.o(.text)
    USART_LINCmd                             0x0800eadf   Thumb Code    24  stm32f4xx_usart.o(.text)
    USART_SendBreak                          0x0800eaf7   Thumb Code    10  stm32f4xx_usart.o(.text)
    USART_HalfDuplexCmd                      0x0800eb01   Thumb Code    24  stm32f4xx_usart.o(.text)
    USART_SetGuardTime                       0x0800eb19   Thumb Code    16  stm32f4xx_usart.o(.text)
    USART_SmartCardCmd                       0x0800eb29   Thumb Code    24  stm32f4xx_usart.o(.text)
    USART_SmartCardNACKCmd                   0x0800eb41   Thumb Code    24  stm32f4xx_usart.o(.text)
    USART_IrDAConfig                         0x0800eb59   Thumb Code    18  stm32f4xx_usart.o(.text)
    USART_IrDACmd                            0x0800eb6b   Thumb Code    24  stm32f4xx_usart.o(.text)
    USART_DMACmd                             0x0800eb83   Thumb Code    18  stm32f4xx_usart.o(.text)
    USART_ITConfig                           0x0800eb95   Thumb Code    74  stm32f4xx_usart.o(.text)
    USART_GetFlagStatus                      0x0800ebdf   Thumb Code    26  stm32f4xx_usart.o(.text)
    USART_ClearFlag                          0x0800ebf9   Thumb Code    18  stm32f4xx_usart.o(.text)
    USART_GetITStatus                        0x0800ec0b   Thumb Code   110  stm32f4xx_usart.o(.text)
    USART_ClearITPendingBit                  0x0800ec79   Thumb Code    30  stm32f4xx_usart.o(.text)
    FSMC_NORSRAMDeInit                       0x0800ec99   Thumb Code    54  stm32f4xx_fsmc.o(.text)
    FSMC_NORSRAMInit                         0x0800eccf   Thumb Code   230  stm32f4xx_fsmc.o(.text)
    FSMC_NORSRAMStructInit                   0x0800edb5   Thumb Code   114  stm32f4xx_fsmc.o(.text)
    FSMC_NORSRAMCmd                          0x0800ee27   Thumb Code    46  stm32f4xx_fsmc.o(.text)
    FSMC_NANDDeInit                          0x0800ee55   Thumb Code    62  stm32f4xx_fsmc.o(.text)
    FSMC_NANDInit                            0x0800ee93   Thumb Code   132  stm32f4xx_fsmc.o(.text)
    FSMC_NANDStructInit                      0x0800ef17   Thumb Code    54  stm32f4xx_fsmc.o(.text)
    FSMC_NANDCmd                             0x0800ef4d   Thumb Code    86  stm32f4xx_fsmc.o(.text)
    FSMC_NANDECCCmd                          0x0800efa3   Thumb Code    86  stm32f4xx_fsmc.o(.text)
    FSMC_GetECC                              0x0800eff9   Thumb Code    24  stm32f4xx_fsmc.o(.text)
    FSMC_PCCARDDeInit                        0x0800f011   Thumb Code    36  stm32f4xx_fsmc.o(.text)
    FSMC_PCCARDInit                          0x0800f035   Thumb Code   130  stm32f4xx_fsmc.o(.text)
    FSMC_PCCARDStructInit                    0x0800f0b7   Thumb Code    60  stm32f4xx_fsmc.o(.text)
    FSMC_PCCARDCmd                           0x0800f0f3   Thumb Code    44  stm32f4xx_fsmc.o(.text)
    FSMC_ITConfig                            0x0800f11f   Thumb Code   128  stm32f4xx_fsmc.o(.text)
    FSMC_GetFlagStatus                       0x0800f19f   Thumb Code    54  stm32f4xx_fsmc.o(.text)
    FSMC_ClearFlag                           0x0800f1d5   Thumb Code    62  stm32f4xx_fsmc.o(.text)
    FSMC_GetITStatus                         0x0800f213   Thumb Code    72  stm32f4xx_fsmc.o(.text)
    FSMC_ClearITPendingBit                   0x0800f25b   Thumb Code    66  stm32f4xx_fsmc.o(.text)
    RTC_WaitForSynchro                       0x0800f2a1   Thumb Code    92  stm32f4xx_rtc.o(.text)
    RTC_EnterInitMode                        0x0800f2fd   Thumb Code    84  stm32f4xx_rtc.o(.text)
    RTC_DeInit                               0x0800f351   Thumb Code   204  stm32f4xx_rtc.o(.text)
    RTC_ExitInitMode                         0x0800f41d   Thumb Code    18  stm32f4xx_rtc.o(.text)
    RTC_Init                                 0x0800f42f   Thumb Code    94  stm32f4xx_rtc.o(.text)
    RTC_StructInit                           0x0800f48d   Thumb Code    14  stm32f4xx_rtc.o(.text)
    RTC_WriteProtectionCmd                   0x0800f49b   Thumb Code    22  stm32f4xx_rtc.o(.text)
    RTC_RefClockCmd                          0x0800f4b1   Thumb Code    76  stm32f4xx_rtc.o(.text)
    RTC_BypassShadowCmd                      0x0800f4fd   Thumb Code    54  stm32f4xx_rtc.o(.text)
    RTC_SetTime                              0x0800f565   Thumb Code   200  stm32f4xx_rtc.o(.text)
    RTC_TimeStructInit                       0x0800f62d   Thumb Code    12  stm32f4xx_rtc.o(.text)
    RTC_GetTime                              0x0800f639   Thumb Code    74  stm32f4xx_rtc.o(.text)
    RTC_GetSubSecond                         0x0800f683   Thumb Code    30  stm32f4xx_rtc.o(.text)
    RTC_SetDate                              0x0800f6a1   Thumb Code   190  stm32f4xx_rtc.o(.text)
    RTC_DateStructInit                       0x0800f75f   Thumb Code    14  stm32f4xx_rtc.o(.text)
    RTC_GetDate                              0x0800f76d   Thumb Code    70  stm32f4xx_rtc.o(.text)
    RTC_SetAlarm                             0x0800f7b3   Thumb Code   230  stm32f4xx_rtc.o(.text)
    RTC_AlarmStructInit                      0x0800f899   Thumb Code    22  stm32f4xx_rtc.o(.text)
    RTC_GetAlarm                             0x0800f8af   Thumb Code   114  stm32f4xx_rtc.o(.text)
    RTC_AlarmCmd                             0x0800f921   Thumb Code   112  stm32f4xx_rtc.o(.text)
    RTC_AlarmSubSecondConfig                 0x0800f991   Thumb Code    46  stm32f4xx_rtc.o(.text)
    RTC_GetAlarmSubSecond                    0x0800f9bf   Thumb Code    34  stm32f4xx_rtc.o(.text)
    RTC_WakeUpClockConfig                    0x0800f9e1   Thumb Code    42  stm32f4xx_rtc.o(.text)
    RTC_SetWakeUpCounter                     0x0800fa0b   Thumb Code    22  stm32f4xx_rtc.o(.text)
    RTC_GetWakeUpCounter                     0x0800fa21   Thumb Code    10  stm32f4xx_rtc.o(.text)
    RTC_WakeUpCmd                            0x0800fa2b   Thumb Code   116  stm32f4xx_rtc.o(.text)
    RTC_DayLightSavingConfig                 0x0800fa9f   Thumb Code    50  stm32f4xx_rtc.o(.text)
    RTC_GetStoreOperation                    0x0800fad1   Thumb Code    12  stm32f4xx_rtc.o(.text)
    RTC_OutputConfig                         0x0800fadd   Thumb Code    60  stm32f4xx_rtc.o(.text)
    RTC_CoarseCalibConfig                    0x0800fb19   Thumb Code    52  stm32f4xx_rtc.o(.text)
    RTC_CoarseCalibCmd                       0x0800fb4d   Thumb Code    76  stm32f4xx_rtc.o(.text)
    RTC_CalibOutputCmd                       0x0800fb99   Thumb Code    54  stm32f4xx_rtc.o(.text)
    RTC_CalibOutputConfig                    0x0800fbcf   Thumb Code    42  stm32f4xx_rtc.o(.text)
    RTC_SmoothCalibConfig                    0x0800fbf9   Thumb Code    90  stm32f4xx_rtc.o(.text)
    RTC_TimeStampCmd                         0x0800fc53   Thumb Code    54  stm32f4xx_rtc.o(.text)
    RTC_GetTimeStamp                         0x0800fc89   Thumb Code   144  stm32f4xx_rtc.o(.text)
    RTC_GetTimeStampSubSecond                0x0800fd19   Thumb Code     8  stm32f4xx_rtc.o(.text)
    RTC_TamperTriggerConfig                  0x0800fd21   Thumb Code    38  stm32f4xx_rtc.o(.text)
    RTC_TamperCmd                            0x0800fd47   Thumb Code    34  stm32f4xx_rtc.o(.text)
    RTC_TamperFilterConfig                   0x0800fd69   Thumb Code    26  stm32f4xx_rtc.o(.text)
    RTC_TamperSamplingFreqConfig             0x0800fd83   Thumb Code    26  stm32f4xx_rtc.o(.text)
    RTC_TamperPinsPrechargeDuration          0x0800fd9d   Thumb Code    26  stm32f4xx_rtc.o(.text)
    RTC_TimeStampOnTamperDetectionCmd        0x0800fdb7   Thumb Code    38  stm32f4xx_rtc.o(.text)
    RTC_TamperPullUpCmd                      0x0800fddd   Thumb Code    38  stm32f4xx_rtc.o(.text)
    RTC_WriteBackupRegister                  0x0800fe03   Thumb Code    26  stm32f4xx_rtc.o(.text)
    RTC_ReadBackupRegister                   0x0800fe1d   Thumb Code    28  stm32f4xx_rtc.o(.text)
    RTC_TamperPinSelection                   0x0800fe39   Thumb Code    26  stm32f4xx_rtc.o(.text)
    RTC_TimeStampPinSelection                0x0800fe53   Thumb Code    26  stm32f4xx_rtc.o(.text)
    RTC_OutputTypeConfig                     0x0800fe6d   Thumb Code    26  stm32f4xx_rtc.o(.text)
    RTC_SynchroShiftConfig                   0x0800fe87   Thumb Code   130  stm32f4xx_rtc.o(.text)
    RTC_ITConfig                             0x0800ff09   Thumb Code    94  stm32f4xx_rtc.o(.text)
    RTC_GetFlagStatus                        0x0800ff67   Thumb Code    34  stm32f4xx_rtc.o(.text)
    RTC_ClearFlag                            0x0800ff89   Thumb Code    28  stm32f4xx_rtc.o(.text)
    RTC_GetITStatus                          0x0800ffa5   Thumb Code    60  stm32f4xx_rtc.o(.text)
    RTC_ClearITPendingBit                    0x0800ffe1   Thumb Code    32  stm32f4xx_rtc.o(.text)
    SDIO_DeInit                              0x08010009   Thumb Code    22  stm32f4xx_sdio.o(.text)
    SDIO_Init                                0x0801001f   Thumb Code    42  stm32f4xx_sdio.o(.text)
    SDIO_StructInit                          0x08010049   Thumb Code    16  stm32f4xx_sdio.o(.text)
    SDIO_ClockCmd                            0x08010059   Thumb Code     6  stm32f4xx_sdio.o(.text)
    SDIO_SetPowerState                       0x0801005f   Thumb Code     8  stm32f4xx_sdio.o(.text)
    SDIO_GetPowerState                       0x08010067   Thumb Code    12  stm32f4xx_sdio.o(.text)
    SDIO_SendCommand                         0x08010073   Thumb Code    42  stm32f4xx_sdio.o(.text)
    SDIO_CmdStructInit                       0x0801009d   Thumb Code    14  stm32f4xx_sdio.o(.text)
    SDIO_GetCommandResponse                  0x080100ab   Thumb Code    10  stm32f4xx_sdio.o(.text)
    SDIO_GetResponse                         0x080100b5   Thumb Code    22  stm32f4xx_sdio.o(.text)
    SDIO_DataConfig                          0x080100cb   Thumb Code    48  stm32f4xx_sdio.o(.text)
    SDIO_DataStructInit                      0x080100fb   Thumb Code    20  stm32f4xx_sdio.o(.text)
    SDIO_GetDataCounter                      0x0801010f   Thumb Code     8  stm32f4xx_sdio.o(.text)
    SDIO_ReadData                            0x08010117   Thumb Code     8  stm32f4xx_sdio.o(.text)
    SDIO_WriteData                           0x0801011f   Thumb Code     8  stm32f4xx_sdio.o(.text)
    SDIO_GetFIFOCount                        0x08010127   Thumb Code     8  stm32f4xx_sdio.o(.text)
    SDIO_StartSDIOReadWait                   0x0801012f   Thumb Code     6  stm32f4xx_sdio.o(.text)
    SDIO_StopSDIOReadWait                    0x08010135   Thumb Code     8  stm32f4xx_sdio.o(.text)
    SDIO_SetSDIOReadWaitMode                 0x0801013d   Thumb Code     8  stm32f4xx_sdio.o(.text)
    SDIO_SetSDIOOperation                    0x08010145   Thumb Code     8  stm32f4xx_sdio.o(.text)
    SDIO_SendSDIOSuspendCmd                  0x0801014d   Thumb Code     6  stm32f4xx_sdio.o(.text)
    SDIO_CommandCompletionCmd                0x08010153   Thumb Code     8  stm32f4xx_sdio.o(.text)
    SDIO_CEATAITCmd                          0x0801015b   Thumb Code    12  stm32f4xx_sdio.o(.text)
    SDIO_SendCEATACmd                        0x08010167   Thumb Code     8  stm32f4xx_sdio.o(.text)
    SDIO_DMACmd                              0x0801016f   Thumb Code     8  stm32f4xx_sdio.o(.text)
    SDIO_ITConfig                            0x08010177   Thumb Code    34  stm32f4xx_sdio.o(.text)
    SDIO_GetFlagStatus                       0x08010199   Thumb Code    22  stm32f4xx_sdio.o(.text)
    SDIO_ClearFlag                           0x080101af   Thumb Code     8  stm32f4xx_sdio.o(.text)
    SDIO_GetITStatus                         0x080101b7   Thumb Code    22  stm32f4xx_sdio.o(.text)
    SDIO_ClearITPendingBit                   0x080101cd   Thumb Code     8  stm32f4xx_sdio.o(.text)
    SPI_I2S_DeInit                           0x080101e5   Thumb Code    76  stm32f4xx_spi.o(.text)
    SPI_Init                                 0x08010231   Thumb Code    60  stm32f4xx_spi.o(.text)
    I2S_Init                                 0x0801026d   Thumb Code   350  stm32f4xx_spi.o(.text)
    SPI_StructInit                           0x080103cb   Thumb Code    24  stm32f4xx_spi.o(.text)
    I2S_StructInit                           0x080103e3   Thumb Code    20  stm32f4xx_spi.o(.text)
    SPI_Cmd                                  0x080103f7   Thumb Code    24  stm32f4xx_spi.o(.text)
    I2S_Cmd                                  0x0801040f   Thumb Code    24  stm32f4xx_spi.o(.text)
    SPI_DataSizeConfig                       0x08010427   Thumb Code    18  stm32f4xx_spi.o(.text)
    SPI_BiDirectionalLineConfig              0x08010439   Thumb Code    28  stm32f4xx_spi.o(.text)
    SPI_NSSInternalSoftwareConfig            0x08010455   Thumb Code    30  stm32f4xx_spi.o(.text)
    SPI_SSOutputCmd                          0x08010473   Thumb Code    24  stm32f4xx_spi.o(.text)
    SPI_TIModeCmd                            0x0801048b   Thumb Code    24  stm32f4xx_spi.o(.text)
    I2S_FullDuplexConfig                     0x080104a3   Thumb Code    80  stm32f4xx_spi.o(.text)
    SPI_I2S_ReceiveData                      0x080104f3   Thumb Code     6  stm32f4xx_spi.o(.text)
    SPI_I2S_SendData                         0x080104f9   Thumb Code     4  stm32f4xx_spi.o(.text)
    SPI_CalculateCRC                         0x080104fd   Thumb Code    24  stm32f4xx_spi.o(.text)
    SPI_TransmitCRC                          0x08010515   Thumb Code    10  stm32f4xx_spi.o(.text)
    SPI_GetCRC                               0x0801051f   Thumb Code    16  stm32f4xx_spi.o(.text)
    SPI_GetCRCPolynomial                     0x0801052f   Thumb Code     6  stm32f4xx_spi.o(.text)
    SPI_I2S_DMACmd                           0x08010535   Thumb Code    18  stm32f4xx_spi.o(.text)
    SPI_I2S_ITConfig                         0x08010547   Thumb Code    32  stm32f4xx_spi.o(.text)
    SPI_I2S_GetFlagStatus                    0x08010567   Thumb Code    18  stm32f4xx_spi.o(.text)
    SPI_I2S_ClearFlag                        0x08010579   Thumb Code     6  stm32f4xx_spi.o(.text)
    SPI_I2S_GetITStatus                      0x0801057f   Thumb Code    52  stm32f4xx_spi.o(.text)
    SPI_I2S_ClearITPendingBit                0x080105b3   Thumb Code    42  stm32f4xx_spi.o(.text)
    TIM_DeInit                               0x080105dd   Thumb Code   346  stm32f4xx_tim.o(.text)
    TIM_TimeBaseInit                         0x08010737   Thumb Code   104  stm32f4xx_tim.o(.text)
    TIM_TimeBaseStructInit                   0x0801079f   Thumb Code    18  stm32f4xx_tim.o(.text)
    TIM_PrescalerConfig                      0x080107b1   Thumb Code     6  stm32f4xx_tim.o(.text)
    TIM_CounterModeConfig                    0x080107b7   Thumb Code    18  stm32f4xx_tim.o(.text)
    TIM_SetCounter                           0x080107c9   Thumb Code     4  stm32f4xx_tim.o(.text)
    TIM_SetAutoreload                        0x080107cd   Thumb Code     4  stm32f4xx_tim.o(.text)
    TIM_GetCounter                           0x080107d1   Thumb Code     6  stm32f4xx_tim.o(.text)
    TIM_GetPrescaler                         0x080107d7   Thumb Code     6  stm32f4xx_tim.o(.text)
    TIM_UpdateDisableConfig                  0x080107dd   Thumb Code    24  stm32f4xx_tim.o(.text)
    TIM_UpdateRequestConfig                  0x080107f5   Thumb Code    24  stm32f4xx_tim.o(.text)
    TIM_ARRPreloadConfig                     0x0801080d   Thumb Code    24  stm32f4xx_tim.o(.text)
    TIM_SelectOnePulseMode                   0x08010825   Thumb Code    18  stm32f4xx_tim.o(.text)
    TIM_SetClockDivision                     0x08010837   Thumb Code    18  stm32f4xx_tim.o(.text)
    TIM_Cmd                                  0x08010849   Thumb Code    24  stm32f4xx_tim.o(.text)
    TIM_OC1Init                              0x08010861   Thumb Code   114  stm32f4xx_tim.o(.text)
    TIM_OC2Init                              0x080108d3   Thumb Code   154  stm32f4xx_tim.o(.text)
    TIM_OC3Init                              0x0801096d   Thumb Code   204  stm32f4xx_tim.o(.text)
    TIM_OC4Init                              0x08010a39   Thumb Code   112  stm32f4xx_tim.o(.text)
    TIM_OCStructInit                         0x08010aa9   Thumb Code    20  stm32f4xx_tim.o(.text)
    TIM_SelectOCxM                           0x08010abd   Thumb Code    86  stm32f4xx_tim.o(.text)
    TIM_SetCompare1                          0x08010b13   Thumb Code     4  stm32f4xx_tim.o(.text)
    TIM_SetCompare2                          0x08010b17   Thumb Code     4  stm32f4xx_tim.o(.text)
    TIM_SetCompare3                          0x08010b1b   Thumb Code     4  stm32f4xx_tim.o(.text)
    TIM_SetCompare4                          0x08010b1f   Thumb Code     4  stm32f4xx_tim.o(.text)
    TIM_ForcedOC1Config                      0x08010b23   Thumb Code    18  stm32f4xx_tim.o(.text)
    TIM_ForcedOC2Config                      0x08010b35   Thumb Code    26  stm32f4xx_tim.o(.text)
    TIM_ForcedOC3Config                      0x08010b4f   Thumb Code    18  stm32f4xx_tim.o(.text)
    TIM_ForcedOC4Config                      0x08010b61   Thumb Code    26  stm32f4xx_tim.o(.text)
    TIM_OC1PreloadConfig                     0x08010b7b   Thumb Code    18  stm32f4xx_tim.o(.text)
    TIM_OC2PreloadConfig                     0x08010b8d   Thumb Code    26  stm32f4xx_tim.o(.text)
    TIM_OC3PreloadConfig                     0x08010ba7   Thumb Code    18  stm32f4xx_tim.o(.text)
    TIM_OC4PreloadConfig                     0x08010bb9   Thumb Code    26  stm32f4xx_tim.o(.text)
    TIM_OC1FastConfig                        0x08010bd3   Thumb Code    18  stm32f4xx_tim.o(.text)
    TIM_OC2FastConfig                        0x08010be5   Thumb Code    26  stm32f4xx_tim.o(.text)
    TIM_OC3FastConfig                        0x08010bff   Thumb Code    18  stm32f4xx_tim.o(.text)
    TIM_OC4FastConfig                        0x08010c11   Thumb Code    26  stm32f4xx_tim.o(.text)
    TIM_ClearOC1Ref                          0x08010c2b   Thumb Code    18  stm32f4xx_tim.o(.text)
    TIM_ClearOC2Ref                          0x08010c3d   Thumb Code    24  stm32f4xx_tim.o(.text)
    TIM_ClearOC3Ref                          0x08010c55   Thumb Code    18  stm32f4xx_tim.o(.text)
    TIM_ClearOC4Ref                          0x08010c67   Thumb Code    24  stm32f4xx_tim.o(.text)
    TIM_OC1PolarityConfig                    0x08010c7f   Thumb Code    18  stm32f4xx_tim.o(.text)
    TIM_OC1NPolarityConfig                   0x08010c91   Thumb Code    18  stm32f4xx_tim.o(.text)
    TIM_OC2PolarityConfig                    0x08010ca3   Thumb Code    26  stm32f4xx_tim.o(.text)
    TIM_OC2NPolarityConfig                   0x08010cbd   Thumb Code    26  stm32f4xx_tim.o(.text)
    TIM_OC3PolarityConfig                    0x08010cd7   Thumb Code    26  stm32f4xx_tim.o(.text)
    TIM_OC3NPolarityConfig                   0x08010cf1   Thumb Code    26  stm32f4xx_tim.o(.text)
    TIM_OC4PolarityConfig                    0x08010d0b   Thumb Code    26  stm32f4xx_tim.o(.text)
    TIM_CCxCmd                               0x08010d25   Thumb Code    30  stm32f4xx_tim.o(.text)
    TIM_CCxNCmd                              0x08010d43   Thumb Code    30  stm32f4xx_tim.o(.text)
    TIM_SetIC4Prescaler                      0x08010d61   Thumb Code    26  stm32f4xx_tim.o(.text)
    TIM_SetIC3Prescaler                      0x08010dcb   Thumb Code    18  stm32f4xx_tim.o(.text)
    TIM_SetIC2Prescaler                      0x08010e25   Thumb Code    26  stm32f4xx_tim.o(.text)
    TIM_SetIC1Prescaler                      0x08010e99   Thumb Code    18  stm32f4xx_tim.o(.text)
    TIM_ICInit                               0x08010ee5   Thumb Code   110  stm32f4xx_tim.o(.text)
    TIM_ICStructInit                         0x08010f53   Thumb Code    18  stm32f4xx_tim.o(.text)
    TIM_PWMIConfig                           0x08010f65   Thumb Code   124  stm32f4xx_tim.o(.text)
    TIM_GetCapture1                          0x08010fe1   Thumb Code     6  stm32f4xx_tim.o(.text)
    TIM_GetCapture2                          0x08010fe7   Thumb Code     6  stm32f4xx_tim.o(.text)
    TIM_GetCapture3                          0x08010fed   Thumb Code     6  stm32f4xx_tim.o(.text)
    TIM_GetCapture4                          0x08010ff3   Thumb Code     6  stm32f4xx_tim.o(.text)
    TIM_BDTRConfig                           0x08010ff9   Thumb Code    32  stm32f4xx_tim.o(.text)
    TIM_BDTRStructInit                       0x08011019   Thumb Code    18  stm32f4xx_tim.o(.text)
    TIM_CtrlPWMOutputs                       0x0801102b   Thumb Code    30  stm32f4xx_tim.o(.text)
    TIM_SelectCOM                            0x08011049   Thumb Code    24  stm32f4xx_tim.o(.text)
    TIM_CCPreloadControl                     0x08011061   Thumb Code    24  stm32f4xx_tim.o(.text)
    TIM_ITConfig                             0x08011079   Thumb Code    18  stm32f4xx_tim.o(.text)
    TIM_GenerateEvent                        0x0801108b   Thumb Code     4  stm32f4xx_tim.o(.text)
    TIM_GetFlagStatus                        0x0801108f   Thumb Code    18  stm32f4xx_tim.o(.text)
    TIM_ClearFlag                            0x080110a1   Thumb Code     6  stm32f4xx_tim.o(.text)
    TIM_GetITStatus                          0x080110a7   Thumb Code    34  stm32f4xx_tim.o(.text)
    TIM_ClearITPendingBit                    0x080110c9   Thumb Code     6  stm32f4xx_tim.o(.text)
    TIM_DMAConfig                            0x080110cf   Thumb Code    10  stm32f4xx_tim.o(.text)
    TIM_DMACmd                               0x080110d9   Thumb Code    18  stm32f4xx_tim.o(.text)
    TIM_SelectCCDMA                          0x080110eb   Thumb Code    24  stm32f4xx_tim.o(.text)
    TIM_InternalClockConfig                  0x08011103   Thumb Code    12  stm32f4xx_tim.o(.text)
    TIM_SelectInputTrigger                   0x0801110f   Thumb Code    18  stm32f4xx_tim.o(.text)
    TIM_ITRxExternalClockConfig              0x08011121   Thumb Code    24  stm32f4xx_tim.o(.text)
    TIM_TIxExternalClockConfig               0x08011139   Thumb Code    62  stm32f4xx_tim.o(.text)
    TIM_ETRConfig                            0x08011177   Thumb Code    28  stm32f4xx_tim.o(.text)
    TIM_ETRClockMode1Config                  0x08011193   Thumb Code    54  stm32f4xx_tim.o(.text)
    TIM_ETRClockMode2Config                  0x080111c9   Thumb Code    32  stm32f4xx_tim.o(.text)
    TIM_SelectOutputTrigger                  0x080111e9   Thumb Code    18  stm32f4xx_tim.o(.text)
    TIM_SelectSlaveMode                      0x080111fb   Thumb Code    18  stm32f4xx_tim.o(.text)
    TIM_SelectMasterSlaveMode                0x0801120d   Thumb Code    18  stm32f4xx_tim.o(.text)
    TIM_EncoderInterfaceConfig               0x0801121f   Thumb Code    66  stm32f4xx_tim.o(.text)
    TIM_SelectHallSensor                     0x08011261   Thumb Code    24  stm32f4xx_tim.o(.text)
    TIM_RemapConfig                          0x08011279   Thumb Code     6  stm32f4xx_tim.o(.text)
    PWR_DeInit                               0x08011281   Thumb Code    22  stm32f4xx_pwr.o(.text)
    PWR_BackupAccessCmd                      0x08011297   Thumb Code     6  stm32f4xx_pwr.o(.text)
    PWR_PVDLevelConfig                       0x0801129d   Thumb Code    18  stm32f4xx_pwr.o(.text)
    PWR_PVDCmd                               0x080112af   Thumb Code     6  stm32f4xx_pwr.o(.text)
    PWR_WakeUpPinCmd                         0x080112b5   Thumb Code     8  stm32f4xx_pwr.o(.text)
    PWR_BackupRegulatorCmd                   0x080112bd   Thumb Code     8  stm32f4xx_pwr.o(.text)
    PWR_MainRegulatorModeConfig              0x080112c5   Thumb Code    30  stm32f4xx_pwr.o(.text)
    PWR_FlashPowerDownCmd                    0x080112e3   Thumb Code     6  stm32f4xx_pwr.o(.text)
    PWR_EnterSTOPMode                        0x080112e9   Thumb Code    54  stm32f4xx_pwr.o(.text)
    PWR_EnterSTANDBYMode                     0x0801131f   Thumb Code    42  stm32f4xx_pwr.o(.text)
    PWR_GetFlagStatus                        0x08011349   Thumb Code    20  stm32f4xx_pwr.o(.text)
    PWR_ClearFlag                            0x0801135d   Thumb Code    14  stm32f4xx_pwr.o(.text)
    DMA_DeInit                               0x08011379   Thumb Code   324  stm32f4xx_dma.o(.text)
    DMA_Init                                 0x080114bd   Thumb Code    82  stm32f4xx_dma.o(.text)
    DMA_StructInit                           0x0801150f   Thumb Code    34  stm32f4xx_dma.o(.text)
    DMA_Cmd                                  0x08011531   Thumb Code    22  stm32f4xx_dma.o(.text)
    DMA_PeriphIncOffsetSizeConfig            0x08011547   Thumb Code    22  stm32f4xx_dma.o(.text)
    DMA_FlowControllerConfig                 0x0801155d   Thumb Code    22  stm32f4xx_dma.o(.text)
    DMA_SetCurrDataCounter                   0x08011573   Thumb Code     4  stm32f4xx_dma.o(.text)
    DMA_GetCurrDataCounter                   0x08011577   Thumb Code     8  stm32f4xx_dma.o(.text)
    DMA_DoubleBufferModeConfig               0x0801157f   Thumb Code    24  stm32f4xx_dma.o(.text)
    DMA_DoubleBufferModeCmd                  0x08011597   Thumb Code    22  stm32f4xx_dma.o(.text)
    DMA_MemoryTargetConfig                   0x080115ad   Thumb Code    10  stm32f4xx_dma.o(.text)
    DMA_GetCurrentMemoryTarget               0x080115b7   Thumb Code    20  stm32f4xx_dma.o(.text)
    DMA_GetCmdStatus                         0x080115cb   Thumb Code    20  stm32f4xx_dma.o(.text)
    DMA_GetFIFOStatus                        0x080115df   Thumb Code    12  stm32f4xx_dma.o(.text)
    DMA_GetFlagStatus                        0x080115eb   Thumb Code    56  stm32f4xx_dma.o(.text)
    DMA_ClearFlag                            0x08011623   Thumb Code    40  stm32f4xx_dma.o(.text)
    DMA_ITConfig                             0x0801164b   Thumb Code    58  stm32f4xx_dma.o(.text)
    DMA_GetITStatus                          0x08011685   Thumb Code    84  stm32f4xx_dma.o(.text)
    DMA_ClearITPendingBit                    0x080116d9   Thumb Code    40  stm32f4xx_dma.o(.text)
    __use_no_semihosting                     0x08011721   Thumb Code     2  use_no_semi_2.o(.text)
    __2printf                                0x08011725   Thumb Code    20  noretval__2printf.o(.text)
    __2sprintf                               0x0801173d   Thumb Code    34  noretval__2sprintf.o(.text)
    __2snprintf                              0x08011765   Thumb Code    48  noretval__2snprintf.o(.text)
    _printf_pre_padding                      0x08011799   Thumb Code    44  _printf_pad.o(.text)
    _printf_post_padding                     0x080117c5   Thumb Code    34  _printf_pad.o(.text)
    _printf_str                              0x080117e7   Thumb Code    82  _printf_str.o(.text)
    _printf_int_dec                          0x08011839   Thumb Code   104  _printf_dec.o(.text)
    _printf_int_hex                          0x080118b1   Thumb Code    84  _printf_hex_int.o(.text)
    _printf_longlong_hex                     0x080118b1   Thumb Code     0  _printf_hex_int.o(.text)
    __printf                                 0x08011909   Thumb Code   308  __printf_flags_wp.o(.text)
    strstr                                   0x08011a41   Thumb Code    36  strstr.o(.text)
    strcpy                                   0x08011a65   Thumb Code    72  strcpy.o(.text)
    strcat                                   0x08011aad   Thumb Code    24  strcat.o(.text)
    strcmp                                   0x08011ac5   Thumb Code   128  strcmpv7m.o(.text)
    __use_two_region_memory                  0x08011b45   Thumb Code     2  heapauxi.o(.text)
    __rt_heap_escrow$2region                 0x08011b47   Thumb Code     2  heapauxi.o(.text)
    __rt_heap_expand$2region                 0x08011b49   Thumb Code     2  heapauxi.o(.text)
    __I$use$semihosting                      0x08011b4b   Thumb Code     0  use_no_semi.o(.text)
    __use_no_semihosting_swi                 0x08011b4b   Thumb Code     2  use_no_semi.o(.text)
    _printf_int_common                       0x08011b4d   Thumb Code   178  _printf_intcommon.o(.text)
    _printf_char_common                      0x08011c0b   Thumb Code    32  _printf_char_common.o(.text)
    _sputc                                   0x08011c31   Thumb Code    10  _sputc.o(.text)
    _snputc                                  0x08011c3b   Thumb Code    16  _snputc.o(.text)
    _printf_cs_common                        0x08011c4b   Thumb Code    20  _printf_char.o(.text)
    _printf_char                             0x08011c5f   Thumb Code    16  _printf_char.o(.text)
    _printf_string                           0x08011c6f   Thumb Code     8  _printf_char.o(.text)
    _printf_char_file                        0x08011c79   Thumb Code    32  _printf_char_file.o(.text)
    __strtod_int                             0x08011cd9   Thumb Code    90  strtod.o(.text)
    isspace                                  0x08011d41   Thumb Code    18  isspace.o(.text)
    _sgetc                                   0x08011d53   Thumb Code    30  _sgetc.o(.text)
    _sbackspace                              0x08011d71   Thumb Code    34  _sgetc.o(.text)
    ferror                                   0x08011d93   Thumb Code     8  ferror.o(.text)
    __user_setup_stackheap                   0x08011d9b   Thumb Code    74  sys_stackheap_outer.o(.text)
    __rt_ctype_table                         0x08011de5   Thumb Code    16  rt_ctype_table.o(.text)
    _scanf_really_real                       0x08012041   Thumb Code   684  scanf_fp.o(.text)
    exit                                     0x080122ed   Thumb Code    18  exit.o(.text)
    __user_libspace                          0x08012301   Thumb Code     8  libspace.o(.text)
    __user_perproc_libspace                  0x08012301   Thumb Code     0  libspace.o(.text)
    __user_perthread_libspace                0x08012301   Thumb Code     0  libspace.o(.text)
    __rt_locale                              0x08012309   Thumb Code     8  rt_locale_intlibspace.o(.text)
    __aeabi_errno_addr                       0x08012311   Thumb Code     8  rt_errno_addr_intlibspace.o(.text)
    __errno$intlibspace                      0x08012311   Thumb Code     0  rt_errno_addr_intlibspace.o(.text)
    __rt_errno_addr$intlibspace              0x08012311   Thumb Code     0  rt_errno_addr_intlibspace.o(.text)
    _btod_etento                             0x08012319   Thumb Code   224  bigflt0.o(.text)
    __read_errno                             0x080123fd   Thumb Code    10  _rserrno.o(.text)
    __set_errno                              0x08012407   Thumb Code    12  _rserrno.o(.text)
    _scanf_really_hex_real                   0x08012415   Thumb Code   786  scanf_hexfp.o(.text)
    _scanf_really_infnan                     0x08012735   Thumb Code   292  scanf_infnan.o(.text)
    __aeabi_llsl                             0x08012869   Thumb Code     0  llshl.o(.text)
    _ll_shift_l                              0x08012869   Thumb Code    38  llshl.o(.text)
    _chval                                   0x0801288f   Thumb Code    28  _chval.o(.text)
    __btod_div_common                        0x080128ab   Thumb Code   696  btod.o(CL$$btod_div_common)
    _e2d                                     0x08012be5   Thumb Code   122  btod.o(CL$$btod_e2d)
    _e2e                                     0x08012c69   Thumb Code   220  btod.o(CL$$btod_e2e)
    _btod_ediv                               0x08012d45   Thumb Code    42  btod.o(CL$$btod_ediv)
    _btod_edivd                              0x08012d6f   Thumb Code    42  btod.o(CL$$btod_edivd)
    _btod_emul                               0x08012d99   Thumb Code    42  btod.o(CL$$btod_emul)
    _btod_emuld                              0x08012dc3   Thumb Code    42  btod.o(CL$$btod_emuld)
    __btod_mult_common                       0x08012ded   Thumb Code   580  btod.o(CL$$btod_mult_common)
    __hardfp___mathlib_tofloat               0x08013031   Thumb Code   232  narrow.o(i.__hardfp___mathlib_tofloat)
    __hardfp_ldexp                           0x08013129   Thumb Code   200  ldexp.o(i.__hardfp_ldexp)
    __hardfp_strtod                          0x080131f9   Thumb Code    30  strtod.o(i.__hardfp_strtod)
    __hardfp_strtold                         0x08013221   Thumb Code    30  strtold.o(i.__hardfp_strtold)
    __mathlib_dbl_overflow                   0x08013249   Thumb Code    24  dunder.o(i.__mathlib_dbl_overflow)
    __mathlib_dbl_underflow                  0x08013269   Thumb Code    24  dunder.o(i.__mathlib_dbl_underflow)
    __mathlib_narrow                         0x08013289   Thumb Code    18  narrow.o(i.__mathlib_narrow)
    __support_ldexp                          0x0801329b   Thumb Code    20  ldexp.o(i.__support_ldexp)
    _is_digit                                0x080132af   Thumb Code    14  __printf_wp.o(i._is_digit)
    frexp                                    0x080132c1   Thumb Code   118  frexp.o(i.frexp)
    _get_lc_numeric                          0x0801334d   Thumb Code    44  lc_numeric_c.o(locale$$code)
    _get_lc_ctype                            0x08013379   Thumb Code    44  lc_ctype_c.o(locale$$code)
    __aeabi_d2f                              0x080133a5   Thumb Code     0  d2f.o(x$fpl$d2f)
    _d2f                                     0x080133a5   Thumb Code    98  d2f.o(x$fpl$d2f)
    __aeabi_dadd                             0x08013409   Thumb Code     0  daddsub_clz.o(x$fpl$dadd)
    _dadd                                    0x08013409   Thumb Code   332  daddsub_clz.o(x$fpl$dadd)
    __fpl_dcheck_NaN1                        0x08013559   Thumb Code    10  dcheck1.o(x$fpl$dcheck1)
    __fpl_dcmp_Inf                           0x08013569   Thumb Code    24  dcmpi.o(x$fpl$dcmpinf)
    __aeabi_cdcmpeq                          0x08013581   Thumb Code     0  deqf.o(x$fpl$deqf)
    _dcmpeq                                  0x08013581   Thumb Code   120  deqf.o(x$fpl$deqf)
    __aeabi_d2uiz                            0x080135f9   Thumb Code     0  dfixu.o(x$fpl$dfixu)
    _dfixu                                   0x080135f9   Thumb Code    90  dfixu.o(x$fpl$dfixu)
    __aeabi_i2d                              0x08013653   Thumb Code     0  dflt_clz.o(x$fpl$dflt)
    _dflt                                    0x08013653   Thumb Code    46  dflt_clz.o(x$fpl$dflt)
    __aeabi_ui2d                             0x08013681   Thumb Code     0  dflt_clz.o(x$fpl$dfltu)
    _dfltu                                   0x08013681   Thumb Code    38  dflt_clz.o(x$fpl$dfltu)
    __aeabi_cdcmple                          0x080136a9   Thumb Code     0  dleqf.o(x$fpl$dleqf)
    _dcmple                                  0x080136a9   Thumb Code   120  dleqf.o(x$fpl$dleqf)
    __fpl_dcmple_InfNaN                      0x0801370b   Thumb Code     0  dleqf.o(x$fpl$dleqf)
    __aeabi_dmul                             0x08013721   Thumb Code     0  dmul.o(x$fpl$dmul)
    _dmul                                    0x08013721   Thumb Code   332  dmul.o(x$fpl$dmul)
    __fpl_dnaninf                            0x08013875   Thumb Code   156  dnaninf.o(x$fpl$dnaninf)
    __fpl_dretinf                            0x08013911   Thumb Code    12  dretinf.o(x$fpl$dretinf)
    __aeabi_cdrcmple                         0x0801391d   Thumb Code     0  drleqf.o(x$fpl$drleqf)
    _drcmple                                 0x0801391d   Thumb Code   108  drleqf.o(x$fpl$drleqf)
    __aeabi_dsub                             0x08013989   Thumb Code     0  daddsub_clz.o(x$fpl$dsub)
    _dsub                                    0x08013989   Thumb Code   464  daddsub_clz.o(x$fpl$dsub)
    _fp_init                                 0x08013b5d   Thumb Code    10  fpinit.o(x$fpl$fpinit)
    __fplib_config_fpu_vfp                   0x08013b65   Thumb Code     0  fpinit.o(x$fpl$fpinit)
    __fplib_config_pureend_doubles           0x08013b65   Thumb Code     0  fpinit.o(x$fpl$fpinit)
    __fpl_fretinf                            0x08013b67   Thumb Code    10  fretinf.o(x$fpl$fretinf)
    __ieee_status                            0x08013b71   Thumb Code     6  istatus.o(x$fpl$ieeestatus)
    __fpl_return_NaN                         0x08013b77   Thumb Code   100  retnan.o(x$fpl$retnan)
    __ARM_scalbn                             0x08013bdb   Thumb Code    92  scalbn.o(x$fpl$scalbn)
    _scanf_real                              0x08013c37   Thumb Code     4  scanf1.o(x$fpl$scanf1)
    _scanf_hex_real                          0x08013c3b   Thumb Code     4  scanf2.o(x$fpl$scanf2)
    _scanf_infnan                            0x08013c3f   Thumb Code     4  scanf2.o(x$fpl$scanf2)
    __fpl_cmpreturn                          0x08013c43   Thumb Code    48  trapv.o(x$fpl$trapveneer)
    __I$use$fp                               0x08013c72   Number         0  usenofp.o(x$fpl$usenofp)
    DaysToMonth                              0x08013c74   Data          52  main.o(.constdata)
    g_days_in_month                          0x08013ca8   Data          48  main.o(.constdata)
    j_days_in_month                          0x08013cd8   Data          48  main.o(.constdata)
    pnDaysBeforeMonth                        0x08013d08   Data          56  main.o(.constdata)
    Sun                                      0x08013d40   Data          15  main.o(.constdata)
    Mon                                      0x08013d4f   Data          15  main.o(.constdata)
    Tue                                      0x08013d5e   Data          17  main.o(.constdata)
    Wed                                      0x08013d6f   Data          19  main.o(.constdata)
    Thu                                      0x08013d82   Data          19  main.o(.constdata)
    Fri                                      0x08013d95   Data          11  main.o(.constdata)
    Sat                                      0x08013da0   Data          11  main.o(.constdata)
    Daily_operation                          0x08013dab   Data          29  main.o(.constdata)
    Front_door                               0x08013dc8   Data          17  main.o(.constdata)
    Back_door                                0x08013dd9   Data          17  main.o(.constdata)
    No_new_massage                           0x08013dea   Data          53  main.o(.constdata)
    Buy                                      0x08013e1f   Data          11  main.o(.constdata)
    Buy_amount                               0x08013e2a   Data          21  main.o(.constdata)
    Card_pass                                0x08013e3f   Data          19  main.o(.constdata)
    Data_sending                             0x08013e52   Data          29  main.o(.constdata)
    Successful_transaction                   0x08013e6f   Data          25  main.o(.constdata)
    Password_error                           0x08013e88   Data          23  main.o(.constdata)
    Low_cash                                 0x08013e9f   Data          27  main.o(.constdata)
    asc2_1206                                0x08013f90   Data        1140  lcd.o(.constdata)
    asc2_1608                                0x08014404   Data        1520  lcd.o(.constdata)
    asc2_6432                                0x080149f4   Data        8064  lcd.o(.constdata)
    font12x16                                0x08016974   Data       11712  lcd.o(.constdata)
    FAmap                                    0x08019734   Data         300  lcd.o(.constdata)
    Successful_peyment                       0x08019860   Data          25  tim.o(.constdata)
    Low_money                                0x08019879   Data          27  tim.o(.constdata)
    Undefined_card                           0x08019894   Data          27  tim.o(.constdata)
    Successful_format                        0x080198af   Data          21  tim.o(.constdata)
    Formated_befor                           0x080198c4   Data          37  tim.o(.constdata)
    Region$$Table$$Base                      0x08019a18   Number         0  anon$$obj.o(Region$$Table)
    Region$$Table$$Limit                     0x08019a38   Number         0  anon$$obj.o(Region$$Table)
    __aeabi_HUGE_VAL                         0x08019a38   Data           0  fpconst.o(c$$dinf)
    __aeabi_HUGE_VALL                        0x08019a38   Data           0  fpconst.o(c$$dinf)
    __aeabi_INFINITY                         0x08019a38   Data           0  fpconst.o(c$$dinf)
    __dInf                                   0x08019a38   Data           0  fpconst.o(c$$dinf)
    __huge_val                               0x08019a38   Data           0  fpconst.o(c$$dinf)
    __dbl_max                                0x08019a40   Data           0  fpconst.o(c$$dmax)
    __ctype                                  0x08019a71   Data           0  lc_ctype_c.o(locale$$data)
    Status                                   0x20000000   Data           1  main.o(.data)
    ret                                      0x20000001   Data           1  main.o(.data)
    bw                                       0x20000004   Data           4  main.o(.data)
    br                                       0x20000008   Data           4  main.o(.data)
    Pic_Path_1                               0x2000000c   Data          13  main.o(.data)
    Key                                      0x20000019   Data          13  main.o(.data)
    Pass                                     0x20000026   Data           5  main.o(.data)
    D_sec                                    0x2000002c   Data           4  main.o(.data)
    Usart_sec                                0x20000030   Data           4  main.o(.data)
    Code                                     0x20000034   Data           4  main.o(.data)
    Show_phone                               0x20000038   Data           1  main.o(.data)
    Phone_flag                               0x20000039   Data           1  main.o(.data)
    Draw_arm_button                          0x2000003a   Data           1  main.o(.data)
    Show_sim808                              0x2000003b   Data           1  main.o(.data)
    Show_rc522                               0x2000003c   Data           1  main.o(.data)
    Show_daily_operation                     0x2000003d   Data           1  main.o(.data)
    Show_center_massage                      0x2000003e   Data           1  main.o(.data)
    Show_change_device_mode                  0x2000003f   Data           1  main.o(.data)
    Backgrond                                0x20000040   Data           1  main.o(.data)
    Light_off                                0x20000041   Data           1  main.o(.data)
    Sending_id                               0x20000042   Data           6  main.o(.data)
    Card_ID                                  0x20000048   Data           5  main.o(.data)
    Block_Addr                               0x2000004d   Data           1  main.o(.data)
    Card_detection                           0x2000004e   Data           1  main.o(.data)
    Sector_Key_1                             0x2000004f   Data           6  main.o(.data)
    Sector_Key_2                             0x20000055   Data           6  main.o(.data)
    Sector_Key_3                             0x2000005b   Data           6  main.o(.data)
    Sector_Key_4                             0x20000061   Data           6  main.o(.data)
    Sector_Key_5                             0x20000067   Data           6  main.o(.data)
    Value_1                                  0x20000070   Data           4  main.o(.data)
    Value_2                                  0x20000074   Data           4  main.o(.data)
    Trip_price                               0x20000078   Data           4  main.o(.data)
    Daily_operation_amount                   0x2000007c   Data           4  main.o(.data)
    Front_door_card                          0x20000080   Data           4  main.o(.data)
    Back_door_card                           0x20000084   Data           4  main.o(.data)
    Defined_card                             0x20000088   Data           1  main.o(.data)
    Temp                                     0x2000008c   Data           4  main.o(.data)
    Location_get_flag                        0x20000090   Data           1  main.o(.data)
    Location_data_time                       0x20000091   Data           1  main.o(.data)
    Data_send_flag                           0x20000092   Data           1  main.o(.data)
    Data_time                                0x20000093   Data           1  main.o(.data)
    Shop_data_send_flag                      0x20000094   Data           1  main.o(.data)
    Location_write_block                     0x20000098   Data           4  main.o(.data)
    Location_send_block                      0x2000009c   Data           4  main.o(.data)
    Format_write_block                       0x200000a0   Data           4  main.o(.data)
    Format_send_block                        0x200000a4   Data           4  main.o(.data)
    Location_write_block_end                 0x200000a8   Data           4  main.o(.data)
    Format_write_block_end                   0x200000ac   Data           4  main.o(.data)
    Location_data_counter                    0x200000b0   Data           4  main.o(.data)
    Format_data_counter                      0x200000b4   Data           4  main.o(.data)
    Location_Data_send_counter               0x200000b8   Data           1  main.o(.data)
    Format_Data_send_counter                 0x200000b9   Data           1  main.o(.data)
    Device_ID                                0x200000ba   Data           7  main.o(.data)
    Device_mode                              0x200000c1   Data           1  main.o(.data)
    Card_password                            0x200000c2   Data           5  main.o(.data)
    Peyment_status                           0x200000c7   Data           1  main.o(.data)
    Show_signal_quality_flag                 0x200000c8   Data           1  main.o(.data)
    Signal_quality                           0x200000c9   Data           1  main.o(.data)
    Key_char                                 0x200000ca   Data           2  main.o(.data)
    RTC_TimeStruct                           0x200000cc   Data           4  main.o(.data)
    M_RTC_DateStruct                         0x200000d0   Data           4  main.o(.data)
    Sh_RTC_DateStruct                        0x200000d4   Data           4  main.o(.data)
    Set_time_flag                            0x200000d8   Data           1  main.o(.data)
    Time                                     0x200000d9   Data           7  main.o(.data)
    New_secound                              0x200000e0   Data           4  main.o(.data)
    Last_change_secound_1                    0x200000e4   Data           4  main.o(.data)
    Last_change_secound_2                    0x200000e8   Data           4  main.o(.data)
    POINT_COLOR                              0x200000ec   Data           2  lcd.o(.data)
    BACK_COLOR                               0x200000ee   Data           2  lcd.o(.data)
    font_color                               0x200000f0   Data           4  lcd.o(.data)
    x_font                                   0x200000f4   Data           4  lcd.o(.data)
    y_font                                   0x200000f8   Data           4  lcd.o(.data)
    highlight                                0x200000fc   Data           1  lcd.o(.data)
    fa_num                                   0x200000fd   Data           1  lcd.o(.data)
    effect                                   0x20000100   Data           4  lcd.o(.data)
    italic                                   0x20000104   Data           4  lcd.o(.data)
    font_size                                0x20000108   Data           4  lcd.o(.data)
    highlight_color                          0x2000010c   Data           4  lcd.o(.data)
    x_text                                   0x20000110   Data           4  lcd.o(.data)
    y_text                                   0x20000114   Data           4  lcd.o(.data)
    __stdout                                 0x20000118   Data           4  usart.o(.data)
    SystemCoreClock                          0x2000011c   Data           4  system_stm32f4xx.o(.data)
    AHBPrescTable                            0x20000120   Data          16  system_stm32f4xx.o(.data)
    AsynchPrediv                             0x20000138   Data           4  rtc.o(.data)
    SynchPrediv                              0x2000013c   Data           4  rtc.o(.data)
    RTC_TimeStructure                        0x20000140   Data           4  rtc.o(.data)
    bmpWidth                                 0x20000144   Data           4  sd_bmp.o(.data)
    bmpHeight                                0x20000148   Data           4  sd_bmp.o(.data)
    StopCondition                            0x20000154   Data           4  stm32f4_sdio_sd.o(.data)
    TransferError                            0x20000158   Data           1  stm32f4_sdio_sd.o(.data)
    TransferEnd                              0x2000015c   Data           4  stm32f4_sdio_sd.o(.data)
    DMAEndOfTransfer                         0x20000160   Data           4  stm32f4_sdio_sd.o(.data)
    i                                        0x20000164   Data           1  tim.o(.data)
    Show_time                                0x20000165   Data           1  tim.o(.data)
    Show_setting                             0x20000166   Data           1  tim.o(.data)
    Set_num                                  0x20000167   Data           1  tim.o(.data)
    Show_signal_counter                      0x20000168   Data           1  tim.o(.data)
    Current_month                            0x20000169   Data           1  tim.o(.data)
    Current_day                              0x2000016a   Data           1  tim.o(.data)
    apn                                      0x20000170   Data          12  sim808.o(.data)
    user_name                                0x2000017c   Data           1  sim808.o(.data)
    password                                 0x2000017d   Data           1  sim808.o(.data)
    Data1                                    0x2000017e   Data           1  sim808.o(.data)
    Data2                                    0x2000017f   Data           1  sim808.o(.data)
    Data3                                    0x20000180   Data           1  sim808.o(.data)
    Data4                                    0x20000181   Data           1  sim808.o(.data)
    Data5                                    0x20000182   Data           1  sim808.o(.data)
    Data6                                    0x20000183   Data           1  sim808.o(.data)
    Data7                                    0x20000184   Data           1  sim808.o(.data)
    Data8                                    0x20000185   Data           1  sim808.o(.data)
    count                                    0x20000186   Data           1  sim808.o(.data)
    result                                   0x20000187   Data           1  sim808.o(.data)
    result2                                  0x20000188   Data           1  sim808.o(.data)
    result3                                  0x20000189   Data           1  sim808.o(.data)
    result4                                  0x2000018a   Data           1  sim808.o(.data)
    result5                                  0x2000018b   Data           1  sim808.o(.data)
    result6                                  0x2000018c   Data           1  sim808.o(.data)
    SMS_received_flag                        0x2000018d   Data           1  sim808.o(.data)
    SMS_num                                  0x2000018e   Data           1  sim808.o(.data)
    SMS_CountryCode                          0x2000018f   Data           4  sim808.o(.data)
    SMS_Password                             0x20000193   Data           7  sim808.o(.data)
    Trip_Price                               0x2000019a   Data           5  sim808.o(.data)
    Data_Time                                0x2000019f   Data           4  sim808.o(.data)
    Location_Data_Time                       0x200001a3   Data           4  sim808.o(.data)
    Lat_degree                               0x200001a7   Data           1  sim808.o(.data)
    Lat_minute                               0x200001a8   Data           1  sim808.o(.data)
    Lat_second                               0x200001ac   Data           4  sim808.o(.data)
    Lat_dir                                  0x200001b0   Data           1  sim808.o(.data)
    Long_degree                              0x200001b1   Data           1  sim808.o(.data)
    Long_minute                              0x200001b2   Data           1  sim808.o(.data)
    Long_second                              0x200001b4   Data           4  sim808.o(.data)
    Long_dir                                 0x200001b8   Data           1  sim808.o(.data)
    Speed                                    0x200001b9   Data           7  sim808.o(.data)
    ldbLatitude                              0x200001c0   Data           8  sim808.o(.data)
    ldbLongitude                             0x200001c8   Data           8  sim808.o(.data)
    dbSpeed                                  0x200001d0   Data           8  sim808.o(.data)
    dUTC_Time                                0x200001d8   Data           4  sim808.o(.data)
    UTC_Time                                 0x200001dc   Data           7  sim808.o(.data)
    Position_Fix                             0x200001e3   Data           1  sim808.o(.data)
    Satellites_Used                          0x200001e4   Data           1  sim808.o(.data)
    Phone_Num_1                              0x200001e5   Data          12  sim808.o(.data)
    Password                                 0x200001f1   Data           7  sim808.o(.data)
    Temp_Device_ID                           0x200001f8   Data           7  sim808.o(.data)
    phone_num                                0x200001ff   Data          11  sim808.o(.data)
    rx_index                                 0x2000020c   Data           4  sim808.o(.data)
    HTTP_sucsessful_upload                   0x20000210   Data           1  sim808.o(.data)
    filesystem                               0x20000238   Data         560  main.o(.bss)
    file                                     0x20000468   Data         548  main.o(.bss)
    dir                                      0x2000068c   Data          28  main.o(.bss)
    fno                                      0x200006a8   Data          24  main.o(.bss)
    Key_str                                  0x200006c0   Data          10  main.o(.bss)
    Buffer_1                                 0x200006ca   Data         512  main.o(.bss)
    Buffer_2                                 0x200008ca   Data         512  main.o(.bss)
    Buffer_tx                                0x20000aca   Data         250  main.o(.bss)
    Buffer_rx                                0x20000bc4   Data         250  main.o(.bss)
    Buffer_SMS                               0x20000cbe   Data         250  main.o(.bss)
    Block_Data_1                             0x20000db8   Data          16  main.o(.bss)
    Block_Data_2                             0x20000dc8   Data          16  main.o(.bss)
    Block_Data_3                             0x20000dd8   Data          16  main.o(.bss)
    Block_Data_4                             0x20000de8   Data          16  main.o(.bss)
    Purchase_price                           0x20000df8   Data           9  main.o(.bss)
    M_RTC_Date                               0x20000e04   Data          16  main.o(.bss)
    Sh_RTC_Date                              0x20000e14   Data          16  main.o(.bss)
    Date                                     0x20000e24   Data          11  main.o(.bss)
    lcddev                                   0x20000e30   Data          10  lcd.o(.bss)
    RTC_InitStructure                        0x20000e3c   Data          12  rtc.o(.bss)
    SDCardInfo                               0x20000e78   Data          80  stm32f4_sdio_sd.o(.bss)
    SDIO_InitStructure                       0x20000ec8   Data          24  stm32f4_sdio_sd.o(.bss)
    SDIO_CmdInitStructure                    0x20000ee0   Data          20  stm32f4_sdio_sd.o(.bss)
    SDIO_DataInitStructure                   0x20000ef4   Data          24  stm32f4_sdio_sd.o(.bss)
    data_str                                 0x20000f0c   Data         250  sim808.o(.bss)
    SMS_PhoneNumber                          0x20001006   Data          12  sim808.o(.bss)
    SMS_Sender                               0x20001012   Data          15  sim808.o(.bss)
    SMS_Date                                 0x20001021   Data           9  sim808.o(.bss)
    SMS_Time                                 0x2000102a   Data          12  sim808.o(.bss)
    SMS_Content                              0x20001036   Data         100  sim808.o(.bss)
    Latitude                                 0x2000109a   Data          14  sim808.o(.bss)
    Longitude                                0x200010a8   Data          15  sim808.o(.bss)
    Elevation                                0x200010b7   Data          13  sim808.o(.bss)
    UTC_Date                                 0x200010c4   Data          10  sim808.o(.bss)
    Phone_Num_2                              0x200010ce   Data          12  sim808.o(.bss)
    Temp_Phone_Num                           0x200010da   Data          12  sim808.o(.bss)
    __libspace_start                         0x200014e8   Data          96  libspace.o(.bss)
    __temporary_stack_top$libspace           0x20001548   Data           0  libspace.o(.bss)



==============================================================================

Memory Map of the image

  Image Entry point : 0x08000189

  Load Region LR_IROM1 (Base: 0x08000000, Size: 0x00019dac, Max: 0x00100000, ABSOLUTE, COMPRESSED[0x00019c1c])

    Execution Region ER_IROM1 (Exec base: 0x08000000, Load base: 0x08000000, Size: 0x00019b74, Max: 0x00100000, ABSOLUTE)

    Exec Addr    Load Addr    Size         Type   Attr      Idx    E Section Name        Object

    0x08000000   0x08000000   0x00000188   Data   RO          202    RESET               startup_stm32f4xx.o
    0x08000188   0x08000188   0x00000008   Code   RO         1179  * !!!main             c_w.l(__main.o)
    0x08000190   0x08000190   0x00000034   Code   RO         1534    !!!scatter          c_w.l(__scatter.o)
    0x080001c4   0x080001c4   0x0000005a   Code   RO         1532    !!dczerorl2         c_w.l(__dczerorl2.o)
    0x0800021e   0x0800021e   0x00000002   PAD
    0x08000220   0x08000220   0x0000001c   Code   RO         1536    !!handler_zi        c_w.l(__scatter_zi.o)
    0x0800023c   0x0800023c   0x00000000   Code   RO         1168    .ARM.Collect$$_printf_percent$$00000000  c_w.l(_printf_percent.o)
    0x0800023c   0x0800023c   0x00000006   Code   RO         1165    .ARM.Collect$$_printf_percent$$00000008  c_w.l(_printf_i.o)
    0x08000242   0x08000242   0x00000006   Code   RO         1166    .ARM.Collect$$_printf_percent$$00000009  c_w.l(_printf_d.o)
    0x08000248   0x08000248   0x00000006   Code   RO         1167    .ARM.Collect$$_printf_percent$$0000000A  c_w.l(_printf_u.o)
    0x0800024e   0x0800024e   0x00000006   Code   RO         1164    .ARM.Collect$$_printf_percent$$0000000C  c_w.l(_printf_x.o)
    0x08000254   0x08000254   0x00000006   Code   RO         1163    .ARM.Collect$$_printf_percent$$00000014  c_w.l(_printf_s.o)
    0x0800025a   0x0800025a   0x00000004   Code   RO         1228    .ARM.Collect$$_printf_percent$$00000017  c_w.l(_printf_percent_end.o)
    0x0800025e   0x0800025e   0x00000002   Code   RO         1281    .ARM.Collect$$libinit$$00000000  c_w.l(libinit.o)
    0x08000260   0x08000260   0x00000004   Code   RO         1282    .ARM.Collect$$libinit$$00000001  c_w.l(libinit2.o)
    0x08000264   0x08000264   0x00000000   Code   RO         1285    .ARM.Collect$$libinit$$00000004  c_w.l(libinit2.o)
    0x08000264   0x08000264   0x00000000   Code   RO         1288    .ARM.Collect$$libinit$$0000000A  c_w.l(libinit2.o)
    0x08000264   0x08000264   0x00000000   Code   RO         1290    .ARM.Collect$$libinit$$0000000C  c_w.l(libinit2.o)
    0x08000264   0x08000264   0x00000000   Code   RO         1292    .ARM.Collect$$libinit$$0000000E  c_w.l(libinit2.o)
    0x08000264   0x08000264   0x00000006   Code   RO         1293    .ARM.Collect$$libinit$$0000000F  c_w.l(libinit2.o)
    0x0800026a   0x0800026a   0x00000000   Code   RO         1295    .ARM.Collect$$libinit$$00000011  c_w.l(libinit2.o)
    0x0800026a   0x0800026a   0x0000000c   Code   RO         1296    .ARM.Collect$$libinit$$00000012  c_w.l(libinit2.o)
    0x08000276   0x08000276   0x00000000   Code   RO         1297    .ARM.Collect$$libinit$$00000013  c_w.l(libinit2.o)
    0x08000276   0x08000276   0x00000000   Code   RO         1299    .ARM.Collect$$libinit$$00000015  c_w.l(libinit2.o)
    0x08000276   0x08000276   0x0000000a   Code   RO         1300    .ARM.Collect$$libinit$$00000016  c_w.l(libinit2.o)
    0x08000280   0x08000280   0x00000000   Code   RO         1301    .ARM.Collect$$libinit$$00000017  c_w.l(libinit2.o)
    0x08000280   0x08000280   0x00000000   Code   RO         1303    .ARM.Collect$$libinit$$00000019  c_w.l(libinit2.o)
    0x08000280   0x08000280   0x00000000   Code   RO         1305    .ARM.Collect$$libinit$$0000001B  c_w.l(libinit2.o)
    0x08000280   0x08000280   0x00000000   Code   RO         1307    .ARM.Collect$$libinit$$0000001D  c_w.l(libinit2.o)
    0x08000280   0x08000280   0x00000000   Code   RO         1309    .ARM.Collect$$libinit$$0000001F  c_w.l(libinit2.o)
    0x08000280   0x08000280   0x00000000   Code   RO         1311    .ARM.Collect$$libinit$$00000021  c_w.l(libinit2.o)
    0x08000280   0x08000280   0x00000000   Code   RO         1313    .ARM.Collect$$libinit$$00000023  c_w.l(libinit2.o)
    0x08000280   0x08000280   0x00000000   Code   RO         1315    .ARM.Collect$$libinit$$00000025  c_w.l(libinit2.o)
    0x08000280   0x08000280   0x00000000   Code   RO         1319    .ARM.Collect$$libinit$$0000002C  c_w.l(libinit2.o)
    0x08000280   0x08000280   0x00000000   Code   RO         1321    .ARM.Collect$$libinit$$0000002E  c_w.l(libinit2.o)
    0x08000280   0x08000280   0x00000000   Code   RO         1323    .ARM.Collect$$libinit$$00000030  c_w.l(libinit2.o)
    0x08000280   0x08000280   0x00000000   Code   RO         1325    .ARM.Collect$$libinit$$00000032  c_w.l(libinit2.o)
    0x08000280   0x08000280   0x00000002   Code   RO         1326    .ARM.Collect$$libinit$$00000033  c_w.l(libinit2.o)
    0x08000282   0x08000282   0x00000002   Code   RO         1435    .ARM.Collect$$libshutdown$$00000000  c_w.l(libshutdown.o)
    0x08000284   0x08000284   0x00000000   Code   RO         1464    .ARM.Collect$$libshutdown$$00000002  c_w.l(libshutdown2.o)
    0x08000284   0x08000284   0x00000000   Code   RO         1466    .ARM.Collect$$libshutdown$$00000004  c_w.l(libshutdown2.o)
    0x08000284   0x08000284   0x00000000   Code   RO         1469    .ARM.Collect$$libshutdown$$00000007  c_w.l(libshutdown2.o)
    0x08000284   0x08000284   0x00000000   Code   RO         1472    .ARM.Collect$$libshutdown$$0000000A  c_w.l(libshutdown2.o)
    0x08000284   0x08000284   0x00000000   Code   RO         1474    .ARM.Collect$$libshutdown$$0000000C  c_w.l(libshutdown2.o)
    0x08000284   0x08000284   0x00000000   Code   RO         1477    .ARM.Collect$$libshutdown$$0000000F  c_w.l(libshutdown2.o)
    0x08000284   0x08000284   0x00000002   Code   RO         1478    .ARM.Collect$$libshutdown$$00000010  c_w.l(libshutdown2.o)
    0x08000286   0x08000286   0x00000000   Code   RO         1215    .ARM.Collect$$rtentry$$00000000  c_w.l(__rtentry.o)
    0x08000286   0x08000286   0x00000000   Code   RO         1239    .ARM.Collect$$rtentry$$00000002  c_w.l(__rtentry2.o)
    0x08000286   0x08000286   0x00000006   Code   RO         1251    .ARM.Collect$$rtentry$$00000004  c_w.l(__rtentry4.o)
    0x0800028c   0x0800028c   0x00000000   Code   RO         1241    .ARM.Collect$$rtentry$$00000009  c_w.l(__rtentry2.o)
    0x0800028c   0x0800028c   0x00000004   Code   RO         1242    .ARM.Collect$$rtentry$$0000000A  c_w.l(__rtentry2.o)
    0x08000290   0x08000290   0x00000000   Code   RO         1244    .ARM.Collect$$rtentry$$0000000C  c_w.l(__rtentry2.o)
    0x08000290   0x08000290   0x00000008   Code   RO         1245    .ARM.Collect$$rtentry$$0000000D  c_w.l(__rtentry2.o)
    0x08000298   0x08000298   0x00000002   Code   RO         1330    .ARM.Collect$$rtexit$$00000000  c_w.l(rtexit.o)
    0x0800029a   0x0800029a   0x00000000   Code   RO         1395    .ARM.Collect$$rtexit$$00000002  c_w.l(rtexit2.o)
    0x0800029a   0x0800029a   0x00000004   Code   RO         1396    .ARM.Collect$$rtexit$$00000003  c_w.l(rtexit2.o)
    0x0800029e   0x0800029e   0x00000006   Code   RO         1397    .ARM.Collect$$rtexit$$00000004  c_w.l(rtexit2.o)
    0x080002a4   0x080002a4   0x00001824   Code   RO            3    .text               main.o
    0x08001ac8   0x08001ac8   0x00000040   Code   RO          203    .text               startup_stm32f4xx.o
    0x08001b08   0x08001b08   0x0000002a   Code   RO          207    .text               delay.o
    0x08001b32   0x08001b32   0x00000002   PAD
    0x08001b34   0x08001b34   0x000051b0   Code   RO          224    .text               lcd.o
    0x08006ce4   0x08006ce4   0x00000114   Code   RO          400    .text               usart.o
    0x08006df8   0x08006df8   0x0000002a   Code   RO          522    .text               stm32f4xx_it.o
    0x08006e22   0x08006e22   0x00000002   PAD
    0x08006e24   0x08006e24   0x00000210   Code   RO          545    .text               system_stm32f4xx.o
    0x08007034   0x08007034   0x000000e8   Code   RO          571    .text               diskio.o
    0x0800711c   0x0800711c   0x00001d52   Code   RO          622    .text               ff.o
    0x08008e6e   0x08008e6e   0x00000002   PAD
    0x08008e70   0x08008e70   0x0000014c   Code   RO          641    .text               gpio.o
    0x08008fbc   0x08008fbc   0x000000d8   Code   RO          661    .text               rtc.o
    0x08009094   0x08009094   0x00000310   Code   RO          685    .text               sd_bmp.o
    0x080093a4   0x080093a4   0x00000244   Code   RO          709    .text               stm32f4_sdio_low_level_init.o
    0x080095e8   0x080095e8   0x0000179c   Code   RO          729    .text               stm32f4_sdio_sd.o
    0x0800ad84   0x0800ad84   0x00001264   Code   RO          753    .text               tim.o
    0x0800bfe8   0x0800bfe8   0x0000126c   Code   RO          784    .text               sim808.o
    0x0800d254   0x0800d254   0x00000652   Code   RO          812    .text               stm32f4xx_mfrc522.o
    0x0800d8a6   0x0800d8a6   0x00000002   PAD
    0x0800d8a8   0x0800d8a8   0x00000710   Code   RO          832    .text               sdio.o
    0x0800dfb8   0x0800dfb8   0x000000e0   Code   RO          855    .text               misc.o
    0x0800e098   0x0800e098   0x0000025c   Code   RO          875    .text               stm32f4xx_gpio.o
    0x0800e2f4   0x0800e2f4   0x00000588   Code   RO          895    .text               stm32f4xx_rcc.o
    0x0800e87c   0x0800e87c   0x0000041a   Code   RO          917    .text               stm32f4xx_usart.o
    0x0800ec96   0x0800ec96   0x00000002   PAD
    0x0800ec98   0x0800ec98   0x00000608   Code   RO          937    .text               stm32f4xx_fsmc.o
    0x0800f2a0   0x0800f2a0   0x00000d68   Code   RO          980    .text               stm32f4xx_rtc.o
    0x08010008   0x08010008   0x000001dc   Code   RO         1000    .text               stm32f4xx_sdio.o
    0x080101e4   0x080101e4   0x000003f8   Code   RO         1020    .text               stm32f4xx_spi.o
    0x080105dc   0x080105dc   0x00000ca2   Code   RO         1040    .text               stm32f4xx_tim.o
    0x0801127e   0x0801127e   0x00000002   PAD
    0x08011280   0x08011280   0x000000f8   Code   RO         1060    .text               stm32f4xx_pwr.o
    0x08011378   0x08011378   0x000003a8   Code   RO         1080    .text               stm32f4xx_dma.o
    0x08011720   0x08011720   0x00000002   Code   RO         1100    .text               c_w.l(use_no_semi_2.o)
    0x08011722   0x08011722   0x00000002   PAD
    0x08011724   0x08011724   0x00000018   Code   RO         1108    .text               c_w.l(noretval__2printf.o)
    0x0801173c   0x0801173c   0x00000028   Code   RO         1110    .text               c_w.l(noretval__2sprintf.o)
    0x08011764   0x08011764   0x00000034   Code   RO         1112    .text               c_w.l(noretval__2snprintf.o)
    0x08011798   0x08011798   0x0000004e   Code   RO         1116    .text               c_w.l(_printf_pad.o)
    0x080117e6   0x080117e6   0x00000052   Code   RO         1118    .text               c_w.l(_printf_str.o)
    0x08011838   0x08011838   0x00000078   Code   RO         1120    .text               c_w.l(_printf_dec.o)
    0x080118b0   0x080118b0   0x00000058   Code   RO         1125    .text               c_w.l(_printf_hex_int.o)
    0x08011908   0x08011908   0x00000138   Code   RO         1155    .text               c_w.l(__printf_flags_wp.o)
    0x08011a40   0x08011a40   0x00000024   Code   RO         1169    .text               c_w.l(strstr.o)
    0x08011a64   0x08011a64   0x00000048   Code   RO         1171    .text               c_w.l(strcpy.o)
    0x08011aac   0x08011aac   0x00000018   Code   RO         1173    .text               c_w.l(strcat.o)
    0x08011ac4   0x08011ac4   0x00000080   Code   RO         1175    .text               c_w.l(strcmpv7m.o)
    0x08011b44   0x08011b44   0x00000006   Code   RO         1177    .text               c_w.l(heapauxi.o)
    0x08011b4a   0x08011b4a   0x00000002   Code   RO         1213    .text               c_w.l(use_no_semi.o)
    0x08011b4c   0x08011b4c   0x000000b2   Code   RO         1216    .text               c_w.l(_printf_intcommon.o)
    0x08011bfe   0x08011bfe   0x00000002   PAD
    0x08011c00   0x08011c00   0x00000030   Code   RO         1218    .text               c_w.l(_printf_char_common.o)
    0x08011c30   0x08011c30   0x0000000a   Code   RO         1220    .text               c_w.l(_sputc.o)
    0x08011c3a   0x08011c3a   0x00000010   Code   RO         1222    .text               c_w.l(_snputc.o)
    0x08011c4a   0x08011c4a   0x0000002c   Code   RO         1224    .text               c_w.l(_printf_char.o)
    0x08011c76   0x08011c76   0x00000002   PAD
    0x08011c78   0x08011c78   0x00000024   Code   RO         1226    .text               c_w.l(_printf_char_file.o)
    0x08011c9c   0x08011c9c   0x000000a4   Code   RO         1229    .text               c_w.l(strtod.o)
    0x08011d40   0x08011d40   0x00000012   Code   RO         1253    .text               c_w.l(isspace.o)
    0x08011d52   0x08011d52   0x00000040   Code   RO         1257    .text               c_w.l(_sgetc.o)
    0x08011d92   0x08011d92   0x00000008   Code   RO         1259    .text               c_w.l(ferror.o)
    0x08011d9a   0x08011d9a   0x0000004a   Code   RO         1268    .text               c_w.l(sys_stackheap_outer.o)
    0x08011de4   0x08011de4   0x00000010   Code   RO         1270    .text               c_w.l(rt_ctype_table.o)
    0x08011df4   0x08011df4   0x000004f8   Code   RO         1272    .text               c_w.l(scanf_fp.o)
    0x080122ec   0x080122ec   0x00000012   Code   RO         1274    .text               c_w.l(exit.o)
    0x080122fe   0x080122fe   0x00000002   PAD
    0x08012300   0x08012300   0x00000008   Code   RO         1327    .text               c_w.l(libspace.o)
    0x08012308   0x08012308   0x00000008   Code   RO         1335    .text               c_w.l(rt_locale_intlibspace.o)
    0x08012310   0x08012310   0x00000008   Code   RO         1340    .text               c_w.l(rt_errno_addr_intlibspace.o)
    0x08012318   0x08012318   0x000000e4   Code   RO         1342    .text               c_w.l(bigflt0.o)
    0x080123fc   0x080123fc   0x00000016   Code   RO         1401    .text               c_w.l(_rserrno.o)
    0x08012412   0x08012412   0x00000002   PAD
    0x08012414   0x08012414   0x00000320   Code   RO         1403    .text               c_w.l(scanf_hexfp.o)
    0x08012734   0x08012734   0x00000134   Code   RO         1405    .text               c_w.l(scanf_infnan.o)
    0x08012868   0x08012868   0x00000026   Code   RO         1425    .text               c_w.l(llshl.o)
    0x0801288e   0x0801288e   0x0000001c   Code   RO         1427    .text               c_w.l(_chval.o)
    0x080128aa   0x080128aa   0x00000338   Code   RO         1355    CL$$btod_div_common  c_w.l(btod.o)
    0x08012be2   0x08012be2   0x00000002   PAD
    0x08012be4   0x08012be4   0x00000084   Code   RO         1353    CL$$btod_e2d        c_w.l(btod.o)
    0x08012c68   0x08012c68   0x000000dc   Code   RO         1352    CL$$btod_e2e        c_w.l(btod.o)
    0x08012d44   0x08012d44   0x0000002a   Code   RO         1349    CL$$btod_ediv       c_w.l(btod.o)
    0x08012d6e   0x08012d6e   0x0000002a   Code   RO         1351    CL$$btod_edivd      c_w.l(btod.o)
    0x08012d98   0x08012d98   0x0000002a   Code   RO         1348    CL$$btod_emul       c_w.l(btod.o)
    0x08012dc2   0x08012dc2   0x0000002a   Code   RO         1350    CL$$btod_emuld      c_w.l(btod.o)
    0x08012dec   0x08012dec   0x00000244   Code   RO         1354    CL$$btod_mult_common  c_w.l(btod.o)
    0x08013030   0x08013030   0x000000f8   Code   RO         1386    i.__hardfp___mathlib_tofloat  m_wm.l(narrow.o)
    0x08013128   0x08013128   0x000000d0   Code   RO         1440    i.__hardfp_ldexp    m_wm.l(ldexp.o)
    0x080131f8   0x080131f8   0x00000028   Code   RO         1201    i.__hardfp_strtod   m_wm.l(strtod.o)
    0x08013220   0x08013220   0x00000028   Code   RO         1207    i.__hardfp_strtold  m_wm.l(strtold.o)
    0x08013248   0x08013248   0x00000020   Code   RO         1485    i.__mathlib_dbl_overflow  m_wm.l(dunder.o)
    0x08013268   0x08013268   0x00000020   Code   RO         1487    i.__mathlib_dbl_underflow  m_wm.l(dunder.o)
    0x08013288   0x08013288   0x00000012   Code   RO         1387    i.__mathlib_narrow  m_wm.l(narrow.o)
    0x0801329a   0x0801329a   0x00000014   Code   RO         1442    i.__support_ldexp   m_wm.l(ldexp.o)
    0x080132ae   0x080132ae   0x0000000e   Code   RO         1153    i._is_digit         c_w.l(__printf_wp.o)
    0x080132bc   0x080132bc   0x00000004   PAD
    0x080132c0   0x080132c0   0x0000008c   Code   RO         1417    i.frexp             m_wm.l(frexp.o)
    0x0801334c   0x0801334c   0x0000002c   Code   RO         1264    locale$$code        c_w.l(lc_numeric_c.o)
    0x08013378   0x08013378   0x0000002c   Code   RO         1368    locale$$code        c_w.l(lc_ctype_c.o)
    0x080133a4   0x080133a4   0x00000062   Code   RO         1411    x$fpl$d2f           fz_wm.l(d2f.o)
    0x08013406   0x08013406   0x00000002   PAD
    0x08013408   0x08013408   0x00000150   Code   RO         1181    x$fpl$dadd          fz_wm.l(daddsub_clz.o)
    0x08013558   0x08013558   0x00000010   Code   RO         1500    x$fpl$dcheck1       fz_wm.l(dcheck1.o)
    0x08013568   0x08013568   0x00000018   Code   RO         1231    x$fpl$dcmpinf       fz_wm.l(dcmpi.o)
    0x08013580   0x08013580   0x00000078   Code   RO         1187    x$fpl$deqf          fz_wm.l(deqf.o)
    0x080135f8   0x080135f8   0x0000005a   Code   RO         1189    x$fpl$dfixu         fz_wm.l(dfixu.o)
    0x08013652   0x08013652   0x0000002e   Code   RO         1194    x$fpl$dflt          fz_wm.l(dflt_clz.o)
    0x08013680   0x08013680   0x00000026   Code   RO         1193    x$fpl$dfltu         fz_wm.l(dflt_clz.o)
    0x080136a6   0x080136a6   0x00000002   PAD
    0x080136a8   0x080136a8   0x00000078   Code   RO         1436    x$fpl$dleqf         fz_wm.l(dleqf.o)
    0x08013720   0x08013720   0x00000154   Code   RO         1199    x$fpl$dmul          fz_wm.l(dmul.o)
    0x08013874   0x08013874   0x0000009c   Code   RO         1233    x$fpl$dnaninf       fz_wm.l(dnaninf.o)
    0x08013910   0x08013910   0x0000000c   Code   RO         1235    x$fpl$dretinf       fz_wm.l(dretinf.o)
    0x0801391c   0x0801391c   0x0000006c   Code   RO         1413    x$fpl$drleqf        fz_wm.l(drleqf.o)
    0x08013988   0x08013988   0x000001d4   Code   RO         1183    x$fpl$dsub          fz_wm.l(daddsub_clz.o)
    0x08013b5c   0x08013b5c   0x0000000a   Code   RO         1376    x$fpl$fpinit        fz_wm.l(fpinit.o)
    0x08013b66   0x08013b66   0x0000000a   Code   RO         1438    x$fpl$fretinf       fz_wm.l(fretinf.o)
    0x08013b70   0x08013b70   0x00000006   Code   RO         1378    x$fpl$ieeestatus    fz_wm.l(istatus.o)
    0x08013b76   0x08013b76   0x00000064   Code   RO         1510    x$fpl$retnan        fz_wm.l(retnan.o)
    0x08013bda   0x08013bda   0x0000005c   Code   RO         1479    x$fpl$scalbn        fz_wm.l(scalbn.o)
    0x08013c36   0x08013c36   0x00000004   Code   RO         1266    x$fpl$scanf1        fz_wm.l(scanf1.o)
    0x08013c3a   0x08013c3a   0x00000008   Code   RO         1380    x$fpl$scanf2        fz_wm.l(scanf2.o)
    0x08013c42   0x08013c42   0x00000030   Code   RO         1528    x$fpl$trapveneer    fz_wm.l(trapv.o)
    0x08013c72   0x08013c72   0x00000000   Code   RO         1237    x$fpl$usenofp       fz_wm.l(usenofp.o)
    0x08013c72   0x08013c72   0x00000002   PAD
    0x08013c74   0x08013c74   0x00000319   Data   RO            5    .constdata          main.o
    0x08013f8d   0x08013f8d   0x00000003   PAD
    0x08013f90   0x08013f90   0x000058d0   Data   RO          226    .constdata          lcd.o
    0x08019860   0x08019860   0x00000089   Data   RO          754    .constdata          tim.o
    0x080198e9   0x080198e9   0x00000028   Data   RO         1126    .constdata          c_w.l(_printf_hex_int.o)
    0x08019911   0x08019911   0x00000011   Data   RO         1156    .constdata          c_w.l(__printf_flags_wp.o)
    0x08019922   0x08019922   0x00000002   PAD
    0x08019924   0x08019924   0x00000094   Data   RO         1343    .constdata          c_w.l(bigflt0.o)
    0x080199b8   0x080199b8   0x00000060   Data   RO          786    .conststring        sim808.o
    0x08019a18   0x08019a18   0x00000020   Data   RO         1530    Region$$Table       anon$$obj.o
    0x08019a38   0x08019a38   0x00000008   Data   RO         1372    c$$dinf             fz_wm.l(fpconst.o)
    0x08019a40   0x08019a40   0x00000008   Data   RO         1375    c$$dmax             fz_wm.l(fpconst.o)
    0x08019a48   0x08019a48   0x0000001c   Data   RO         1263    locale$$data        c_w.l(lc_numeric_c.o)
    0x08019a64   0x08019a64   0x00000110   Data   RO         1367    locale$$data        c_w.l(lc_ctype_c.o)


    Execution Region RW_IRAM1 (Exec base: 0x20000000, Load base: 0x08019b74, Size: 0x00001b48, Max: 0x00020000, ABSOLUTE, COMPRESSED[0x000000a8])

    Exec Addr    Load Addr    Size         Type   Attr      Idx    E Section Name        Object

    0x20000000   COMPRESSED   0x000000ec   Data   RW            6    .data               main.o
    0x200000ec   COMPRESSED   0x0000002c   Data   RW          227    .data               lcd.o
    0x20000118   COMPRESSED   0x00000004   Data   RW          401    .data               usart.o
    0x2000011c   COMPRESSED   0x00000014   Data   RW          546    .data               system_stm32f4xx.o
    0x20000130   COMPRESSED   0x00000006   Data   RW          623    .data               ff.o
    0x20000136   COMPRESSED   0x00000002   PAD
    0x20000138   COMPRESSED   0x0000000c   Data   RW          663    .data               rtc.o
    0x20000144   COMPRESSED   0x00000008   Data   RW          686    .data               sd_bmp.o
    0x2000014c   COMPRESSED   0x00000018   Data   RW          731    .data               stm32f4_sdio_sd.o
    0x20000164   COMPRESSED   0x0000000c   Data   RW          755    .data               tim.o
    0x20000170   COMPRESSED   0x000000a2   Data   RW          787    .data               sim808.o
    0x20000212   COMPRESSED   0x00000002   PAD
    0x20000214   COMPRESSED   0x00000014   Data   RW          834    .data               sdio.o
    0x20000228   COMPRESSED   0x00000010   Data   RW          896    .data               stm32f4xx_rcc.o
    0x20000238        -       0x00000bf7   Zero   RW            4    .bss                main.o
    0x20000e2f   COMPRESSED   0x00000001   PAD
    0x20000e30        -       0x0000000a   Zero   RW          225    .bss                lcd.o
    0x20000e3a   COMPRESSED   0x00000002   PAD
    0x20000e3c        -       0x0000000c   Zero   RW          662    .bss                rtc.o
    0x20000e48        -       0x000000c4   Zero   RW          730    .bss                stm32f4_sdio_sd.o
    0x20000f0c        -       0x000001da   Zero   RW          785    .bss                sim808.o
    0x200010e6        -       0x00000400   Zero   RW          833    .bss                sdio.o
    0x200014e6   COMPRESSED   0x00000002   PAD
    0x200014e8        -       0x00000060   Zero   RW         1328    .bss                c_w.l(libspace.o)
    0x20001548        -       0x00000200   Zero   RW          201    HEAP                startup_stm32f4xx.o
    0x20001748        -       0x00000400   Zero   RW          200    STACK               startup_stm32f4xx.o


==============================================================================

Image component sizes


      Code (inc. data)   RO Data    RW Data    ZI Data      Debug   Object Name

        42          0          0          0          0        768   delay.o
       232          4          0          0          0       9702   diskio.o
      7506         40          0          6          0      23612   ff.o
       332         26          0          0          0        701   gpio.o
     20912        356      22736         44         10     313362   lcd.o
      6180        456        793        236       3063     280182   main.o
       224         20          0          0          0       1973   misc.o
       216         16          0         12         12       1619   rtc.o
       784         12          0          8          0       3748   sd_bmp.o
      1808        298          0         20       1024       4961   sdio.o
      4716       1164         96        162        474      10341   sim808.o
        64         26        392          0       1536        808   startup_stm32f4xx.o
       580         16          0          0          0       1932   stm32f4_sdio_low_level_init.o
      6044        210          0         24        196      17564   stm32f4_sdio_sd.o
       936         32          0          0          0       6549   stm32f4xx_dma.o
      1544         14          0          0          0      13531   stm32f4xx_fsmc.o
       604         36          0          0          0       4277   stm32f4xx_gpio.o
        42          0          0          0          0       1601   stm32f4xx_it.o
      1618         14          0          0          0       7370   stm32f4xx_mfrc522.o
       248         14          0          0          0       2716   stm32f4xx_pwr.o
      1416         48          0         16          0      11223   stm32f4xx_rcc.o
      3432         44          0          0          0      15592   stm32f4xx_rtc.o
       476         16          0          0          0       7572   stm32f4xx_sdio.o
      1016         22          0          0          0       6993   stm32f4xx_spi.o
      3234         60          0          0          0      23164   stm32f4xx_tim.o
      1050         26          0          0          0       8012   stm32f4xx_usart.o
       528         46          0         20          0       1807   system_stm32f4xx.o
      4708        556        137         12          0       8148   tim.o
       276         10          0          4          0     302168   usart.o

    ----------------------------------------------------------------------
     70780       3582      24189        568       6320    1091996   Object Totals
         0          0         32          0          0          0   (incl. Generated)
        12          0          3          4          5          0   (incl. Padding)

    ----------------------------------------------------------------------

      Code (inc. data)   RO Data    RW Data    ZI Data      Debug   Library Member Name

        90          0          0          0          0          0   __dczerorl2.o
         8          0          0          0          0         68   __main.o
       312          4         17          0          0         92   __printf_flags_wp.o
        14          0          0          0          0         68   __printf_wp.o
         0          0          0          0          0          0   __rtentry.o
        12          0          0          0          0          0   __rtentry2.o
         6          0          0          0          0          0   __rtentry4.o
        52          8          0          0          0          0   __scatter.o
        28          0          0          0          0          0   __scatter_zi.o
        28          0          0          0          0         68   _chval.o
        44          0          0          0          0        108   _printf_char.o
        48          6          0          0          0         96   _printf_char_common.o
        36          4          0          0          0         80   _printf_char_file.o
         6          0          0          0          0          0   _printf_d.o
       120         16          0          0          0         92   _printf_dec.o
        88          4         40          0          0         88   _printf_hex_int.o
         6          0          0          0          0          0   _printf_i.o
       178          0          0          0          0         88   _printf_intcommon.o
        78          0          0          0          0        108   _printf_pad.o
         0          0          0          0          0          0   _printf_percent.o
         4          0          0          0          0          0   _printf_percent_end.o
         6          0          0          0          0          0   _printf_s.o
        82          0          0          0          0         80   _printf_str.o
         6          0          0          0          0          0   _printf_u.o
         6          0          0          0          0          0   _printf_x.o
        22          0          0          0          0        100   _rserrno.o
        64          0          0          0          0         84   _sgetc.o
        16          0          0          0          0         68   _snputc.o
        10          0          0          0          0         68   _sputc.o
       228          4        148          0          0         96   bigflt0.o
      1924        136          0          0          0        756   btod.o
        18          0          0          0          0         80   exit.o
         8          0          0          0          0         68   ferror.o
         6          0          0          0          0        152   heapauxi.o
        18          0          0          0          0         76   isspace.o
        44         10        272          0          0         76   lc_ctype_c.o
        44         10         28          0          0         76   lc_numeric_c.o
         2          0          0          0          0          0   libinit.o
        34          0          0          0          0          0   libinit2.o
         2          0          0          0          0          0   libshutdown.o
         2          0          0          0          0          0   libshutdown2.o
         8          4          0          0         96         68   libspace.o
        38          0          0          0          0         68   llshl.o
        24          4          0          0          0         84   noretval__2printf.o
        52          4          0          0          0         84   noretval__2snprintf.o
        40          6          0          0          0         84   noretval__2sprintf.o
        16          4          0          0          0         76   rt_ctype_table.o
         8          4          0          0          0         68   rt_errno_addr_intlibspace.o
         8          4          0          0          0         68   rt_locale_intlibspace.o
         2          0          0          0          0          0   rtexit.o
        10          0          0          0          0          0   rtexit2.o
      1272         16          0          0          0        168   scanf_fp.o
       800         14          0          0          0        100   scanf_hexfp.o
       308         16          0          0          0        100   scanf_infnan.o
        24          0          0          0          0         68   strcat.o
       128          0          0          0          0         68   strcmpv7m.o
        72          0          0          0          0         80   strcpy.o
        36          0          0          0          0         80   strstr.o
       164         14          0          0          0        120   strtod.o
        74          0          0          0          0         80   sys_stackheap_outer.o
         2          0          0          0          0         68   use_no_semi.o
         2          0          0          0          0         68   use_no_semi_2.o
        98          4          0          0          0        140   d2f.o
       804         16          0          0          0        368   daddsub_clz.o
        16          4          0          0          0        116   dcheck1.o
        24          0          0          0          0        116   dcmpi.o
       120          4          0          0          0        140   deqf.o
        90          4          0          0          0        140   dfixu.o
        84          0          0          0          0        232   dflt_clz.o
       120          4          0          0          0        140   dleqf.o
       340         12          0          0          0        152   dmul.o
       156          4          0          0          0        140   dnaninf.o
        12          0          0          0          0        116   dretinf.o
       108          0          0          0          0        128   drleqf.o
         0          0         16          0          0          0   fpconst.o
        10          0          0          0          0        116   fpinit.o
        10          0          0          0          0        116   fretinf.o
         6          0          0          0          0        116   istatus.o
       100          0          0          0          0        116   retnan.o
        92          0          0          0          0        116   scalbn.o
         4          0          0          0          0        116   scanf1.o
         8          0          0          0          0        132   scanf2.o
        48          0          0          0          0        116   trapv.o
         0          0          0          0          0          0   usenofp.o
        64         16          0          0          0        248   dunder.o
       140         22          0          0          0        132   frexp.o
       228          8          0          0          0        308   ldexp.o
       266         16          0          0          0        308   narrow.o
        40         10          0          0          0        128   strtod.o
        40         10          0          0          0        128   strtold.o

    ----------------------------------------------------------------------
      9840        428        523          0         96       8460   Library Totals
        24          2          2          0          0          0   (incl. Padding)

    ----------------------------------------------------------------------

      Code (inc. data)   RO Data    RW Data    ZI Data      Debug   Library Name

      6788        292        505          0         96       4336   c_w.l
      2250         52         16          0          0       2872   fz_wm.l
       778         82          0          0          0       1252   m_wm.l

    ----------------------------------------------------------------------
      9840        428        523          0         96       8460   Library Totals

    ----------------------------------------------------------------------

==============================================================================


      Code (inc. data)   RO Data    RW Data    ZI Data      Debug   

     80620       4010      24712        568       6416    1087564   Grand Totals
     80620       4010      24712        168       6416    1087564   ELF Image Totals (compressed)
     80620       4010      24712        168          0          0   ROM Totals

==============================================================================

    Total RO  Size (Code + RO Data)               105332 ( 102.86kB)
    Total RW  Size (RW Data + ZI Data)              6984 (   6.82kB)
    Total ROM Size (Code + RO Data + RW Data)     105500 ( 103.03kB)

==============================================================================

