<html>
<body>
<pre>
<h1>µVision Build Log</h1>
<h2>Project:</h2>
I:\Wireless Detectors\Security Alarm System\1\MDK_ARM\STM32F4.uvproj
Project File Date:  07/21/2017

<h2>Output:</h2>
Build target 'Target 1'
compiling main.c...
..\inc\Date_Convert.h(53): warning:  #550-D: variable "j_np" was set but never used
..\src\main.c(75): warning:  #167-D: argument of type "unsigned char *" is incompatible with parameter of type "char *restrict"
..\src\main.c(83): warning:  #177-D: variable "i" was declared but never referenced
..\src\main.c(84): warning:  #177-D: variable "txt" was declared but never referenced
..\src\main.c(85): warning:  #177-D: variable "txt2" was declared but never referenced
..\src\main.c(87): warning:  #177-D: variable "Dac_out" was declared but never referenced
..\src\main.c(88): warning:  #177-D: variable "ColorTable" was declared but never referenced
..\src\main.c(343): warning:  #167-D: argument of type "unsigned char *" is incompatible with parameter of type "char *restrict"
..\src\main.c(346): warning:  #167-D: argument of type "unsigned char *" is incompatible with parameter of type "char *restrict"
compiling delay.c...
compiling lcd.c...
..\inc\font.h(544): warning:  #1-D: last line of file ends without a newline
..\src\lcd.c(1477): warning:  #550-D: variable "font_pixel" was set but never used
compiling usart.c...
compiling stm32f4xx_it.c...
..\src\stm32f4xx_it.c(160): warning:  #223-D: function "SD_ProcessIRQSrc" declared implicitly
..\src\stm32f4xx_it.c(172): warning:  #223-D: function "SD_ProcessDMAIRQ" declared implicitly
compiling system_stm32f4xx.c...
compiling adc.c...
compiling dac.c...
compiling dialler.c...
..\src\dialler.c(175): warning:  #167-D: argument of type "unsigned char *" is incompatible with parameter of type "char *restrict"
..\src\dialler.c(316): warning:  #177-D: variable "TimerPeriod" was declared but never referenced
..\src\dialler.c(405): warning:  #177-D: variable "TimerPeriod" was declared but never referenced
..\src\dialler.c(479): warning:  #167-D: argument of type "unsigned char *" is incompatible with parameter of type "char *restrict"
..\src\dialler.c(502): warning:  #167-D: argument of type "unsigned char *" is incompatible with parameter of type "char *restrict"
compiling diskio.c...
compiling exti.c...
compiling ff.c...
compiling gpio.c...
compiling hs1527.c...
compiling rtc.c...
compiling sd_bmp.c...
..\src\sd_bmp.c(235): warning:  #940-D: missing return statement at end of non-void function "Bmp_Show"
..\src\sd_bmp.c(126): warning:  #177-D: variable "Code" was declared but never referenced
compiling sim800.c...
..\src\sim800.c(154): warning:  #177-D: variable "Buffer" was declared but never referenced
..\src\sim800.c(395): warning:  #167-D: argument of type "unsigned char *" is incompatible with parameter of type "char *restrict"
..\src\sim800.c(396): warning:  #167-D: argument of type "unsigned char *" is incompatible with parameter of type "char *restrict"
..\src\sim800.c(396): warning:  #167-D: argument of type "unsigned char *" is incompatible with parameter of type "const char *restrict"
..\src\sim800.c(397): warning:  #167-D: argument of type "unsigned char *" is incompatible with parameter of type "char *restrict"
..\src\sim800.c(414): warning:  #167-D: argument of type "unsigned char *" is incompatible with parameter of type "char *restrict"
..\src\sim800.c(431): warning:  #167-D: argument of type "unsigned char *" is incompatible with parameter of type "char *restrict"
..\src\sim800.c(432): warning:  #167-D: argument of type "unsigned char *" is incompatible with parameter of type "char *restrict"
..\src\sim800.c(433): warning:  #167-D: argument of type "unsigned char *" is incompatible with parameter of type "char *restrict"
..\src\sim800.c(502): warning:  #192-D: unrecognized character escape sequence
..\src\sim800.c(551): warning:  #167-D: argument of type "unsigned char *" is incompatible with parameter of type "const char *"
..\src\sim800.c(551): warning:  #167-D: argument of type "unsigned char *" is incompatible with parameter of type "const char *"
..\src\sim800.c(562): warning:  #167-D: argument of type "unsigned char *" is incompatible with parameter of type "const char *"
..\src\sim800.c(562): warning:  #167-D: argument of type "unsigned char *" is incompatible with parameter of type "const char *"
..\src\sim800.c(574): warning:  #167-D: argument of type "unsigned char *" is incompatible with parameter of type "const char *"
..\src\sim800.c(574): warning:  #167-D: argument of type "unsigned char *" is incompatible with parameter of type "const char *"
..\src\sim800.c(663): warning:  #167-D: argument of type "unsigned char *" is incompatible with parameter of type "const char *"
..\src\sim800.c(672): warning:  #167-D: argument of type "unsigned char *" is incompatible with parameter of type "const char *"
..\src\sim800.c(684): warning:  #167-D: argument of type "unsigned char *" is incompatible with parameter of type "const char *"
compiling stm32f4_sdio_low_level_init.c...
compiling stm32f4_sdio_sd.c...
compiling tim.c...
..\src\tim.c(225): warning:  #167-D: argument of type "unsigned char *" is incompatible with parameter of type "char *restrict"
..\src\tim.c(228): warning:  #167-D: argument of type "unsigned char *" is incompatible with parameter of type "char *restrict"
..\src\tim.c(231): warning:  #167-D: argument of type "unsigned char *" is incompatible with parameter of type "char *restrict"
..\src\tim.c(234): warning:  #167-D: argument of type "unsigned char *" is incompatible with parameter of type "char *restrict"
..\src\tim.c(240): warning:  #167-D: argument of type "unsigned char *" is incompatible with parameter of type "char *restrict"
..\src\tim.c(243): warning:  #167-D: argument of type "unsigned char *" is incompatible with parameter of type "char *restrict"
..\src\tim.c(246): warning:  #167-D: argument of type "unsigned char *" is incompatible with parameter of type "char *restrict"
..\src\tim.c(249): warning:  #167-D: argument of type "unsigned char *" is incompatible with parameter of type "char *restrict"
..\src\tim.c(252): warning:  #167-D: argument of type "unsigned char *" is incompatible with parameter of type "char *restrict"
..\src\tim.c(255): warning:  #167-D: argument of type "unsigned char *" is incompatible with parameter of type "char *restrict"
..\src\tim.c(258): warning:  #167-D: argument of type "unsigned char *" is incompatible with parameter of type "char *restrict"
..\src\tim.c(325): warning:  #223-D: function "M2Sh" declared implicitly
..\src\tim.c(157): warning:  #177-D: variable "i" was declared but never referenced
..\src\tim.c(364): warning:  #177-D: variable "i" was declared but never referenced
..\src\tim.c(728): warning:  #177-D: variable "TimerPeriod" was declared but never referenced
..\src\tim.c(733): warning:  #177-D: variable "NVIC_InitStructure" was declared but never referenced
..\src\tim.c(860): warning:  #223-D: function "SDMMC_Write" declared implicitly
..\src\tim.c(915): warning:  #167-D: argument of type "char *" is incompatible with parameter of type "u8 *"
..\src\tim.c(927): warning:  #167-D: argument of type "char *" is incompatible with parameter of type "u8 *"
..\src\tim.c(931): warning:  #167-D: argument of type "char *" is incompatible with parameter of type "u8 *"
..\src\tim.c(971): warning:  #1-D: last line of file ends without a newline
compiling misc.c...
compiling stm32f4xx_gpio.c...
compiling stm32f4xx_rcc.c...
compiling stm32f4xx_usart.c...
compiling stm32f4xx_fsmc.c...
compiling stm32f4xx_adc.c...
compiling stm32f4xx_exti.c...
compiling stm32f4xx_rtc.c...
compiling stm32f4xx_sdio.c...
compiling stm32f4xx_spi.c...
compiling stm32f4xx_tim.c...
compiling stm32f4xx_dac.c...
compiling stm32f4xx_pwr.c...
compiling stm32f4xx_dma.c...
linking...
Program Size: Code=58152 RO-data=11592 RW-data=1076 ZI-data=4580  
FromELF: creating hex file...
".\OBJ\Security_Alarm_System.axf" - 0 Error(s), 60 Warning(s).
Build target 'Target 1'
compiling tim.c...
..\src\tim.c(167): warning:  #167-D: argument of type "unsigned char *" is incompatible with parameter of type "char *restrict"
..\src\tim.c(170): warning:  #167-D: argument of type "unsigned char *" is incompatible with parameter of type "char *restrict"
..\src\tim.c(231): warning:  #167-D: argument of type "unsigned char *" is incompatible with parameter of type "char *restrict"
..\src\tim.c(234): warning:  #167-D: argument of type "unsigned char *" is incompatible with parameter of type "char *restrict"
..\src\tim.c(240): warning:  #167-D: argument of type "unsigned char *" is incompatible with parameter of type "char *restrict"
..\src\tim.c(243): warning:  #167-D: argument of type "unsigned char *" is incompatible with parameter of type "char *restrict"
..\src\tim.c(246): warning:  #167-D: argument of type "unsigned char *" is incompatible with parameter of type "char *restrict"
..\src\tim.c(249): warning:  #167-D: argument of type "unsigned char *" is incompatible with parameter of type "char *restrict"
..\src\tim.c(252): warning:  #167-D: argument of type "unsigned char *" is incompatible with parameter of type "char *restrict"
..\src\tim.c(255): warning:  #167-D: argument of type "unsigned char *" is incompatible with parameter of type "char *restrict"
..\src\tim.c(258): warning:  #167-D: argument of type "unsigned char *" is incompatible with parameter of type "char *restrict"
..\src\tim.c(325): warning:  #223-D: function "M2Sh" declared implicitly
..\src\tim.c(157): warning:  #177-D: variable "i" was declared but never referenced
..\src\tim.c(364): warning:  #177-D: variable "i" was declared but never referenced
..\src\tim.c(728): warning:  #177-D: variable "TimerPeriod" was declared but never referenced
..\src\tim.c(733): warning:  #177-D: variable "NVIC_InitStructure" was declared but never referenced
..\src\tim.c(860): warning:  #223-D: function "SDMMC_Write" declared implicitly
..\src\tim.c(915): warning:  #167-D: argument of type "char *" is incompatible with parameter of type "u8 *"
..\src\tim.c(927): warning:  #167-D: argument of type "char *" is incompatible with parameter of type "u8 *"
..\src\tim.c(931): warning:  #167-D: argument of type "char *" is incompatible with parameter of type "u8 *"
..\src\tim.c(971): warning:  #1-D: last line of file ends without a newline
linking...
Program Size: Code=58140 RO-data=11592 RW-data=1076 ZI-data=4580  
FromELF: creating hex file...
".\OBJ\Security_Alarm_System.axf" - 0 Error(s), 21 Warning(s).
Load "I:\\Wireless Detectors\\Security Alarm System\\1\\MDK_ARM\\OBJ\\Security_Alarm_System.AXF" 
* JLink Info: Device "STM32F407ZG" selected (1024 KB flash, 128 KB RAM).
Set JLink Project File to "I:\Wireless Detectors\Security Alarm System\1\MDK_ARM\JLinkSettings.ini"
 
JLink info:
------------
DLL: V4.40c, compiled Jan 24 2012 09:30:33
Firmware: J-Link ARM V8 compiled Nov 14 2012 22:34:52
Hardware: V8.00
S/N : 270676280 
Feature(s) : RDI,FlashDL,FlashBP,JFlash,GDBFULL 
 
* JLink Info: Found SWD-DP with ID 0x2BA01477
* JLink Info: TPIU fitted.
* JLink Info: ETM fitted.
* JLink Info:   FPUnit: 6 code (BP) slots and 2 literal slots
* JLink Info: Found Cortex-M4 r0p1, Little endian.
ROMTableAddr = 0xE00FF003
* JLink Info: Found SWD-DP with ID 0x2BA01477
* JLink Info: TPIU fitted.
* JLink Info: ETM fitted.
* JLink Info:   FPUnit: 6 code (BP) slots and 2 literal slots
* JLink Info: Found Cortex-M4 r0p1, Little endian.
 
Target info:
------------
Device: STM32F407ZG
VTarget = 3.325V
State of Pins: 
TCK: 0, TDI: 1, TDO: 0, TMS: 1, TRES: 1, TRST: 0
Hardware-Breakpoints: 6
Software-Breakpoints: 8192
Watchpoints:          4
JTAG speed: 2000 kHz
 
Erase Done.
Programming Done.
Verify OK.
* JLink Info: Found SWD-DP with ID 0x2BA01477
* JLink Info: TPIU fitted.
* JLink Info: ETM fitted.
* JLink Info:   FPUnit: 6 code (BP) slots and 2 literal slots
* JLink Info: Found Cortex-M4 r0p1, Little endian.
Application running ...
Build target 'Target 1'
compiling tim.c...
..\src\tim.c(167): warning:  #167-D: argument of type "unsigned char *" is incompatible with parameter of type "char *restrict"
..\src\tim.c(170): warning:  #167-D: argument of type "unsigned char *" is incompatible with parameter of type "char *restrict"
..\src\tim.c(173): warning:  #167-D: argument of type "unsigned char *" is incompatible with parameter of type "char *restrict"
..\src\tim.c(237): warning:  #167-D: argument of type "unsigned char *" is incompatible with parameter of type "char *restrict"
..\src\tim.c(240): warning:  #167-D: argument of type "unsigned char *" is incompatible with parameter of type "char *restrict"
..\src\tim.c(246): warning:  #167-D: argument of type "unsigned char *" is incompatible with parameter of type "char *restrict"
..\src\tim.c(249): warning:  #167-D: argument of type "unsigned char *" is incompatible with parameter of type "char *restrict"
..\src\tim.c(252): warning:  #167-D: argument of type "unsigned char *" is incompatible with parameter of type "char *restrict"
..\src\tim.c(255): warning:  #167-D: argument of type "unsigned char *" is incompatible with parameter of type "char *restrict"
..\src\tim.c(258): warning:  #167-D: argument of type "unsigned char *" is incompatible with parameter of type "char *restrict"
..\src\tim.c(261): warning:  #167-D: argument of type "unsigned char *" is incompatible with parameter of type "char *restrict"
..\src\tim.c(264): warning:  #167-D: argument of type "unsigned char *" is incompatible with parameter of type "char *restrict"
..\src\tim.c(331): warning:  #223-D: function "M2Sh" declared implicitly
..\src\tim.c(157): warning:  #177-D: variable "i" was declared but never referenced
..\src\tim.c(370): warning:  #177-D: variable "i" was declared but never referenced
..\src\tim.c(734): warning:  #177-D: variable "TimerPeriod" was declared but never referenced
..\src\tim.c(739): warning:  #177-D: variable "NVIC_InitStructure" was declared but never referenced
..\src\tim.c(866): warning:  #223-D: function "SDMMC_Write" declared implicitly
..\src\tim.c(921): warning:  #167-D: argument of type "char *" is incompatible with parameter of type "u8 *"
..\src\tim.c(933): warning:  #167-D: argument of type "char *" is incompatible with parameter of type "u8 *"
..\src\tim.c(937): warning:  #167-D: argument of type "char *" is incompatible with parameter of type "u8 *"
..\src\tim.c(977): warning:  #1-D: last line of file ends without a newline
linking...
Program Size: Code=58200 RO-data=11592 RW-data=1076 ZI-data=4580  
FromELF: creating hex file...
".\OBJ\Security_Alarm_System.axf" - 0 Error(s), 22 Warning(s).
Load "I:\\Wireless Detectors\\Security Alarm System\\1\\MDK_ARM\\OBJ\\Security_Alarm_System.AXF" 
* JLink Info: Device "STM32F407ZG" selected (1024 KB flash, 128 KB RAM).
Set JLink Project File to "I:\Wireless Detectors\Security Alarm System\1\MDK_ARM\JLinkSettings.ini"
 
JLink info:
------------
DLL: V4.40c, compiled Jan 24 2012 09:30:33
Firmware: J-Link ARM V8 compiled Nov 14 2012 22:34:52
Hardware: V8.00
S/N : 270676280 
Feature(s) : RDI,FlashDL,FlashBP,JFlash,GDBFULL 
 
* JLink Info: Found SWD-DP with ID 0x2BA01477
* JLink Info: TPIU fitted.
* JLink Info: ETM fitted.
* JLink Info:   FPUnit: 6 code (BP) slots and 2 literal slots
* JLink Info: Found Cortex-M4 r0p1, Little endian.
ROMTableAddr = 0xE00FF003
* JLink Info: Found SWD-DP with ID 0x2BA01477
* JLink Info: TPIU fitted.
* JLink Info: ETM fitted.
* JLink Info:   FPUnit: 6 code (BP) slots and 2 literal slots
* JLink Info: Found Cortex-M4 r0p1, Little endian.
 
Target info:
------------
Device: STM32F407ZG
VTarget = 3.325V
State of Pins: 
TCK: 0, TDI: 1, TDO: 0, TMS: 1, TRES: 1, TRST: 0
Hardware-Breakpoints: 6
Software-Breakpoints: 8192
Watchpoints:          4
JTAG speed: 2000 kHz
 
Erase Done.
Programming Done.
Verify OK.
* JLink Info: Found SWD-DP with ID 0x2BA01477
* JLink Info: TPIU fitted.
* JLink Info: ETM fitted.
* JLink Info:   FPUnit: 6 code (BP) slots and 2 literal slots
* JLink Info: Found Cortex-M4 r0p1, Little endian.
Application running ...
Build target 'Target 1'
compiling tim.c...
..\src\tim.c(167): warning:  #167-D: argument of type "unsigned char *" is incompatible with parameter of type "char *restrict"
..\src\tim.c(170): warning:  #167-D: argument of type "unsigned char *" is incompatible with parameter of type "char *restrict"
..\src\tim.c(173): warning:  #167-D: argument of type "unsigned char *" is incompatible with parameter of type "char *restrict"
..\src\tim.c(237): warning:  #167-D: argument of type "unsigned char *" is incompatible with parameter of type "char *restrict"
..\src\tim.c(240): warning:  #167-D: argument of type "unsigned char *" is incompatible with parameter of type "char *restrict"
..\src\tim.c(246): warning:  #167-D: argument of type "unsigned char *" is incompatible with parameter of type "char *restrict"
..\src\tim.c(249): warning:  #167-D: argument of type "unsigned char *" is incompatible with parameter of type "char *restrict"
..\src\tim.c(252): warning:  #167-D: argument of type "unsigned char *" is incompatible with parameter of type "char *restrict"
..\src\tim.c(255): warning:  #167-D: argument of type "unsigned char *" is incompatible with parameter of type "char *restrict"
..\src\tim.c(258): warning:  #167-D: argument of type "unsigned char *" is incompatible with parameter of type "char *restrict"
..\src\tim.c(261): warning:  #167-D: argument of type "unsigned char *" is incompatible with parameter of type "char *restrict"
..\src\tim.c(264): warning:  #167-D: argument of type "unsigned char *" is incompatible with parameter of type "char *restrict"
..\src\tim.c(331): warning:  #223-D: function "M2Sh" declared implicitly
..\src\tim.c(157): warning:  #177-D: variable "i" was declared but never referenced
..\src\tim.c(370): warning:  #177-D: variable "i" was declared but never referenced
..\src\tim.c(734): warning:  #177-D: variable "TimerPeriod" was declared but never referenced
..\src\tim.c(739): warning:  #177-D: variable "NVIC_InitStructure" was declared but never referenced
..\src\tim.c(866): warning:  #223-D: function "SDMMC_Write" declared implicitly
..\src\tim.c(921): warning:  #167-D: argument of type "char *" is incompatible with parameter of type "u8 *"
..\src\tim.c(933): warning:  #167-D: argument of type "char *" is incompatible with parameter of type "u8 *"
..\src\tim.c(937): warning:  #167-D: argument of type "char *" is incompatible with parameter of type "u8 *"
..\src\tim.c(977): warning:  #1-D: last line of file ends without a newline
linking...
Program Size: Code=58200 RO-data=11592 RW-data=1076 ZI-data=4580  
FromELF: creating hex file...
".\OBJ\Security_Alarm_System.axf" - 0 Error(s), 22 Warning(s).
Load "I:\\Wireless Detectors\\Security Alarm System\\1\\MDK_ARM\\OBJ\\Security_Alarm_System.AXF" 
* JLink Info: Device "STM32F407ZG" selected (1024 KB flash, 128 KB RAM).
Set JLink Project File to "I:\Wireless Detectors\Security Alarm System\1\MDK_ARM\JLinkSettings.ini"
 
JLink info:
------------
DLL: V4.40c, compiled Jan 24 2012 09:30:33
Firmware: J-Link ARM V8 compiled Nov 14 2012 22:34:52
Hardware: V8.00
S/N : 270676280 
Feature(s) : RDI,FlashDL,FlashBP,JFlash,GDBFULL 
 
* JLink Info: Found SWD-DP with ID 0x2BA01477
* JLink Info: TPIU fitted.
* JLink Info: ETM fitted.
* JLink Info:   FPUnit: 6 code (BP) slots and 2 literal slots
* JLink Info: Found Cortex-M4 r0p1, Little endian.
ROMTableAddr = 0xE00FF003
* JLink Info: Found SWD-DP with ID 0x2BA01477
* JLink Info: TPIU fitted.
* JLink Info: ETM fitted.
* JLink Info:   FPUnit: 6 code (BP) slots and 2 literal slots
* JLink Info: Found Cortex-M4 r0p1, Little endian.
 
Target info:
------------
Device: STM32F407ZG
VTarget = 3.325V
State of Pins: 
TCK: 0, TDI: 1, TDO: 0, TMS: 1, TRES: 1, TRST: 0
Hardware-Breakpoints: 6
Software-Breakpoints: 8192
Watchpoints:          4
JTAG speed: 2000 kHz
 
Erase Done.
Programming Done.
Verify OK.
* JLink Info: Found SWD-DP with ID 0x2BA01477
* JLink Info: TPIU fitted.
* JLink Info: ETM fitted.
* JLink Info:   FPUnit: 6 code (BP) slots and 2 literal slots
* JLink Info: Found Cortex-M4 r0p1, Little endian.
Application running ...
Build target 'Target 1'
compiling tim.c...
..\src\tim.c(167): warning:  #167-D: argument of type "unsigned char *" is incompatible with parameter of type "char *restrict"
..\src\tim.c(170): warning:  #167-D: argument of type "unsigned char *" is incompatible with parameter of type "char *restrict"
..\src\tim.c(173): warning:  #167-D: argument of type "unsigned char *" is incompatible with parameter of type "char *restrict"
..\src\tim.c(237): warning:  #167-D: argument of type "unsigned char *" is incompatible with parameter of type "char *restrict"
..\src\tim.c(240): warning:  #167-D: argument of type "unsigned char *" is incompatible with parameter of type "char *restrict"
..\src\tim.c(246): warning:  #167-D: argument of type "unsigned char *" is incompatible with parameter of type "char *restrict"
..\src\tim.c(249): warning:  #167-D: argument of type "unsigned char *" is incompatible with parameter of type "char *restrict"
..\src\tim.c(252): warning:  #167-D: argument of type "unsigned char *" is incompatible with parameter of type "char *restrict"
..\src\tim.c(255): warning:  #167-D: argument of type "unsigned char *" is incompatible with parameter of type "char *restrict"
..\src\tim.c(258): warning:  #167-D: argument of type "unsigned char *" is incompatible with parameter of type "char *restrict"
..\src\tim.c(261): warning:  #167-D: argument of type "unsigned char *" is incompatible with parameter of type "char *restrict"
..\src\tim.c(264): warning:  #167-D: argument of type "unsigned char *" is incompatible with parameter of type "char *restrict"
..\src\tim.c(331): warning:  #223-D: function "M2Sh" declared implicitly
..\src\tim.c(157): warning:  #177-D: variable "i" was declared but never referenced
..\src\tim.c(370): warning:  #177-D: variable "i" was declared but never referenced
..\src\tim.c(734): warning:  #177-D: variable "TimerPeriod" was declared but never referenced
..\src\tim.c(739): warning:  #177-D: variable "NVIC_InitStructure" was declared but never referenced
..\src\tim.c(866): warning:  #223-D: function "SDMMC_Write" declared implicitly
..\src\tim.c(921): warning:  #167-D: argument of type "char *" is incompatible with parameter of type "u8 *"
..\src\tim.c(933): warning:  #167-D: argument of type "char *" is incompatible with parameter of type "u8 *"
..\src\tim.c(937): warning:  #167-D: argument of type "char *" is incompatible with parameter of type "u8 *"
..\src\tim.c(977): warning:  #1-D: last line of file ends without a newline
linking...
Program Size: Code=58192 RO-data=11592 RW-data=1076 ZI-data=4580  
FromELF: creating hex file...
".\OBJ\Security_Alarm_System.axf" - 0 Error(s), 22 Warning(s).
Load "I:\\Wireless Detectors\\Security Alarm System\\1\\MDK_ARM\\OBJ\\Security_Alarm_System.AXF" 
* JLink Info: Device "STM32F407ZG" selected (1024 KB flash, 128 KB RAM).
Set JLink Project File to "I:\Wireless Detectors\Security Alarm System\1\MDK_ARM\JLinkSettings.ini"
 
JLink info:
------------
DLL: V4.40c, compiled Jan 24 2012 09:30:33
Firmware: J-Link ARM V8 compiled Nov 14 2012 22:34:52
Hardware: V8.00
S/N : 270676280 
Feature(s) : RDI,FlashDL,FlashBP,JFlash,GDBFULL 
 
* JLink Info: Found SWD-DP with ID 0x2BA01477
* JLink Info: TPIU fitted.
* JLink Info: ETM fitted.
* JLink Info:   FPUnit: 6 code (BP) slots and 2 literal slots
* JLink Info: Found Cortex-M4 r0p1, Little endian.
ROMTableAddr = 0xE00FF003
* JLink Info: Found SWD-DP with ID 0x2BA01477
* JLink Info: TPIU fitted.
* JLink Info: ETM fitted.
* JLink Info:   FPUnit: 6 code (BP) slots and 2 literal slots
* JLink Info: Found Cortex-M4 r0p1, Little endian.
 
Target info:
------------
Device: STM32F407ZG
VTarget = 3.325V
State of Pins: 
TCK: 0, TDI: 1, TDO: 0, TMS: 1, TRES: 1, TRST: 0
Hardware-Breakpoints: 6
Software-Breakpoints: 8192
Watchpoints:          4
JTAG speed: 2000 kHz
 
Erase Done.
Programming Done.
Verify OK.
* JLink Info: Found SWD-DP with ID 0x2BA01477
* JLink Info: TPIU fitted.
* JLink Info: ETM fitted.
* JLink Info:   FPUnit: 6 code (BP) slots and 2 literal slots
* JLink Info: Found Cortex-M4 r0p1, Little endian.
Application running ...
Build target 'Target 1'
compiling main.c...
..\inc\Date_Convert.h(53): warning:  #550-D: variable "j_np" was set but never used
..\src\main.c(75): warning:  #167-D: argument of type "unsigned char *" is incompatible with parameter of type "char *restrict"
..\src\main.c(83): warning:  #177-D: variable "i" was declared but never referenced
..\src\main.c(84): warning:  #177-D: variable "txt" was declared but never referenced
..\src\main.c(85): warning:  #177-D: variable "txt2" was declared but never referenced
..\src\main.c(87): warning:  #177-D: variable "Dac_out" was declared but never referenced
..\src\main.c(88): warning:  #177-D: variable "ColorTable" was declared but never referenced
..\src\main.c(343): warning:  #167-D: argument of type "unsigned char *" is incompatible with parameter of type "char *restrict"
..\src\main.c(346): warning:  #167-D: argument of type "unsigned char *" is incompatible with parameter of type "char *restrict"
compiling tim.c...
..\src\tim.c(167): warning:  #167-D: argument of type "unsigned char *" is incompatible with parameter of type "char *restrict"
..\src\tim.c(170): warning:  #167-D: argument of type "unsigned char *" is incompatible with parameter of type "char *restrict"
..\src\tim.c(173): warning:  #167-D: argument of type "unsigned char *" is incompatible with parameter of type "char *restrict"
..\src\tim.c(237): warning:  #167-D: argument of type "unsigned char *" is incompatible with parameter of type "char *restrict"
..\src\tim.c(240): warning:  #167-D: argument of type "unsigned char *" is incompatible with parameter of type "char *restrict"
..\src\tim.c(246): warning:  #167-D: argument of type "unsigned char *" is incompatible with parameter of type "char *restrict"
..\src\tim.c(249): warning:  #167-D: argument of type "unsigned char *" is incompatible with parameter of type "char *restrict"
..\src\tim.c(252): warning:  #167-D: argument of type "unsigned char *" is incompatible with parameter of type "char *restrict"
..\src\tim.c(255): warning:  #167-D: argument of type "unsigned char *" is incompatible with parameter of type "char *restrict"
..\src\tim.c(258): warning:  #167-D: argument of type "unsigned char *" is incompatible with parameter of type "char *restrict"
..\src\tim.c(261): warning:  #167-D: argument of type "unsigned char *" is incompatible with parameter of type "char *restrict"
..\src\tim.c(264): warning:  #167-D: argument of type "unsigned char *" is incompatible with parameter of type "char *restrict"
..\src\tim.c(331): warning:  #223-D: function "M2Sh" declared implicitly
..\src\tim.c(157): warning:  #177-D: variable "i" was declared but never referenced
..\src\tim.c(370): warning:  #177-D: variable "i" was declared but never referenced
..\src\tim.c(734): warning:  #177-D: variable "TimerPeriod" was declared but never referenced
..\src\tim.c(739): warning:  #177-D: variable "NVIC_InitStructure" was declared but never referenced
..\src\tim.c(866): warning:  #223-D: function "SDMMC_Write" declared implicitly
..\src\tim.c(921): warning:  #167-D: argument of type "char *" is incompatible with parameter of type "u8 *"
..\src\tim.c(933): warning:  #167-D: argument of type "char *" is incompatible with parameter of type "u8 *"
..\src\tim.c(937): warning:  #167-D: argument of type "char *" is incompatible with parameter of type "u8 *"
..\src\tim.c(977): warning:  #1-D: last line of file ends without a newline
linking...
Program Size: Code=58192 RO-data=11592 RW-data=1076 ZI-data=4580  
FromELF: creating hex file...
".\OBJ\Security_Alarm_System.axf" - 0 Error(s), 31 Warning(s).
Build target 'Target 1'
compiling tim.c...
..\src\tim.c(167): warning:  #167-D: argument of type "unsigned char *" is incompatible with parameter of type "char *restrict"
..\src\tim.c(170): warning:  #167-D: argument of type "unsigned char *" is incompatible with parameter of type "char *restrict"
..\src\tim.c(173): warning:  #167-D: argument of type "unsigned char *" is incompatible with parameter of type "char *restrict"
..\src\tim.c(237): warning:  #167-D: argument of type "unsigned char *" is incompatible with parameter of type "char *restrict"
..\src\tim.c(240): warning:  #167-D: argument of type "unsigned char *" is incompatible with parameter of type "char *restrict"
..\src\tim.c(246): warning:  #167-D: argument of type "unsigned char *" is incompatible with parameter of type "char *restrict"
..\src\tim.c(249): warning:  #167-D: argument of type "unsigned char *" is incompatible with parameter of type "char *restrict"
..\src\tim.c(252): warning:  #167-D: argument of type "unsigned char *" is incompatible with parameter of type "char *restrict"
..\src\tim.c(255): warning:  #167-D: argument of type "unsigned char *" is incompatible with parameter of type "char *restrict"
..\src\tim.c(258): warning:  #167-D: argument of type "unsigned char *" is incompatible with parameter of type "char *restrict"
..\src\tim.c(261): warning:  #167-D: argument of type "unsigned char *" is incompatible with parameter of type "char *restrict"
..\src\tim.c(264): warning:  #167-D: argument of type "unsigned char *" is incompatible with parameter of type "char *restrict"
..\src\tim.c(331): warning:  #223-D: function "M2Sh" declared implicitly
..\src\tim.c(157): warning:  #177-D: variable "i" was declared but never referenced
..\src\tim.c(370): warning:  #177-D: variable "i" was declared but never referenced
..\src\tim.c(734): warning:  #177-D: variable "TimerPeriod" was declared but never referenced
..\src\tim.c(739): warning:  #177-D: variable "NVIC_InitStructure" was declared but never referenced
..\src\tim.c(866): warning:  #223-D: function "SDMMC_Write" declared implicitly
..\src\tim.c(921): warning:  #167-D: argument of type "char *" is incompatible with parameter of type "u8 *"
..\src\tim.c(933): warning:  #167-D: argument of type "char *" is incompatible with parameter of type "u8 *"
..\src\tim.c(937): warning:  #167-D: argument of type "char *" is incompatible with parameter of type "u8 *"
..\src\tim.c(977): warning:  #1-D: last line of file ends without a newline
linking...
Program Size: Code=58192 RO-data=11592 RW-data=1076 ZI-data=4580  
FromELF: creating hex file...
".\OBJ\Security_Alarm_System.axf" - 0 Error(s), 22 Warning(s).
Load "I:\\Wireless Detectors\\Security Alarm System\\1\\MDK_ARM\\OBJ\\Security_Alarm_System.AXF" 
* JLink Info: Device "STM32F407ZG" selected (1024 KB flash, 128 KB RAM).
Set JLink Project File to "I:\Wireless Detectors\Security Alarm System\1\MDK_ARM\JLinkSettings.ini"
 
JLink info:
------------
DLL: V4.40c, compiled Jan 24 2012 09:30:33
Firmware: J-Link ARM V8 compiled Nov 14 2012 22:34:52
Hardware: V8.00
S/N : 270676280 
Feature(s) : RDI,FlashDL,FlashBP,JFlash,GDBFULL 
 
* JLink Info: Found SWD-DP with ID 0x2BA01477
* JLink Info: TPIU fitted.
* JLink Info: ETM fitted.
* JLink Info:   FPUnit: 6 code (BP) slots and 2 literal slots
* JLink Info: Found Cortex-M4 r0p1, Little endian.
ROMTableAddr = 0xE00FF003
* JLink Info: Found SWD-DP with ID 0x2BA01477
* JLink Info: TPIU fitted.
* JLink Info: ETM fitted.
* JLink Info:   FPUnit: 6 code (BP) slots and 2 literal slots
* JLink Info: Found Cortex-M4 r0p1, Little endian.
 
Target info:
------------
Device: STM32F407ZG
VTarget = 3.325V
State of Pins: 
TCK: 0, TDI: 1, TDO: 0, TMS: 1, TRES: 1, TRST: 0
Hardware-Breakpoints: 6
Software-Breakpoints: 8192
Watchpoints:          4
JTAG speed: 2000 kHz
 
Erase Done.
Programming Done.
Verify OK.
* JLink Info: Found SWD-DP with ID 0x2BA01477
* JLink Info: TPIU fitted.
* JLink Info: ETM fitted.
* JLink Info:   FPUnit: 6 code (BP) slots and 2 literal slots
* JLink Info: Found Cortex-M4 r0p1, Little endian.
Application running ...
Build target 'Target 1'
compiling tim.c...
..\src\tim.c(167): warning:  #167-D: argument of type "unsigned char *" is incompatible with parameter of type "char *restrict"
..\src\tim.c(170): warning:  #167-D: argument of type "unsigned char *" is incompatible with parameter of type "char *restrict"
..\src\tim.c(173): warning:  #167-D: argument of type "unsigned char *" is incompatible with parameter of type "char *restrict"
..\src\tim.c(237): warning:  #167-D: argument of type "unsigned char *" is incompatible with parameter of type "char *restrict"
..\src\tim.c(240): warning:  #167-D: argument of type "unsigned char *" is incompatible with parameter of type "char *restrict"
..\src\tim.c(246): warning:  #167-D: argument of type "unsigned char *" is incompatible with parameter of type "char *restrict"
..\src\tim.c(249): warning:  #167-D: argument of type "unsigned char *" is incompatible with parameter of type "char *restrict"
..\src\tim.c(252): warning:  #167-D: argument of type "unsigned char *" is incompatible with parameter of type "char *restrict"
..\src\tim.c(255): warning:  #167-D: argument of type "unsigned char *" is incompatible with parameter of type "char *restrict"
..\src\tim.c(258): warning:  #167-D: argument of type "unsigned char *" is incompatible with parameter of type "char *restrict"
..\src\tim.c(261): warning:  #167-D: argument of type "unsigned char *" is incompatible with parameter of type "char *restrict"
..\src\tim.c(264): warning:  #167-D: argument of type "unsigned char *" is incompatible with parameter of type "char *restrict"
..\src\tim.c(331): warning:  #223-D: function "M2Sh" declared implicitly
..\src\tim.c(157): warning:  #177-D: variable "i" was declared but never referenced
..\src\tim.c(370): warning:  #177-D: variable "i" was declared but never referenced
..\src\tim.c(734): warning:  #177-D: variable "TimerPeriod" was declared but never referenced
..\src\tim.c(739): warning:  #177-D: variable "NVIC_InitStructure" was declared but never referenced
..\src\tim.c(866): warning:  #223-D: function "SDMMC_Write" declared implicitly
..\src\tim.c(921): warning:  #167-D: argument of type "char *" is incompatible with parameter of type "u8 *"
..\src\tim.c(933): warning:  #167-D: argument of type "char *" is incompatible with parameter of type "u8 *"
..\src\tim.c(937): warning:  #167-D: argument of type "char *" is incompatible with parameter of type "u8 *"
..\src\tim.c(977): warning:  #1-D: last line of file ends without a newline
linking...
Program Size: Code=58192 RO-data=11592 RW-data=1076 ZI-data=4580  
FromELF: creating hex file...
".\OBJ\Security_Alarm_System.axf" - 0 Error(s), 22 Warning(s).
Load "I:\\Wireless Detectors\\Security Alarm System\\1\\MDK_ARM\\OBJ\\Security_Alarm_System.AXF" 
* JLink Info: Device "STM32F407ZG" selected (1024 KB flash, 128 KB RAM).
Set JLink Project File to "I:\Wireless Detectors\Security Alarm System\1\MDK_ARM\JLinkSettings.ini"
 
JLink info:
------------
DLL: V4.40c, compiled Jan 24 2012 09:30:33
Firmware: J-Link ARM V8 compiled Nov 14 2012 22:34:52
Hardware: V8.00
S/N : 270676280 
Feature(s) : RDI,FlashDL,FlashBP,JFlash,GDBFULL 
 
* JLink Info: Found SWD-DP with ID 0x2BA01477
* JLink Info: TPIU fitted.
* JLink Info: ETM fitted.
* JLink Info:   FPUnit: 6 code (BP) slots and 2 literal slots
* JLink Info: Found Cortex-M4 r0p1, Little endian.
ROMTableAddr = 0xE00FF003
* JLink Info: Found SWD-DP with ID 0x2BA01477
* JLink Info: TPIU fitted.
* JLink Info: ETM fitted.
* JLink Info:   FPUnit: 6 code (BP) slots and 2 literal slots
* JLink Info: Found Cortex-M4 r0p1, Little endian.
 
Target info:
------------
Device: STM32F407ZG
VTarget = 3.325V
State of Pins: 
TCK: 0, TDI: 1, TDO: 0, TMS: 1, TRES: 1, TRST: 0
Hardware-Breakpoints: 6
Software-Breakpoints: 8192
Watchpoints:          4
JTAG speed: 2000 kHz
 
Erase Done.
Programming Done.
Verify OK.
* JLink Info: Found SWD-DP with ID 0x2BA01477
* JLink Info: TPIU fitted.
* JLink Info: ETM fitted.
* JLink Info:   FPUnit: 6 code (BP) slots and 2 literal slots
* JLink Info: Found Cortex-M4 r0p1, Little endian.
Application running ...
Build target 'Target 1'
compiling tim.c...
..\src\tim.c(167): warning:  #167-D: argument of type "unsigned char *" is incompatible with parameter of type "char *restrict"
..\src\tim.c(170): warning:  #167-D: argument of type "unsigned char *" is incompatible with parameter of type "char *restrict"
..\src\tim.c(173): warning:  #167-D: argument of type "unsigned char *" is incompatible with parameter of type "char *restrict"
..\src\tim.c(237): warning:  #167-D: argument of type "unsigned char *" is incompatible with parameter of type "char *restrict"
..\src\tim.c(240): warning:  #167-D: argument of type "unsigned char *" is incompatible with parameter of type "char *restrict"
..\src\tim.c(246): warning:  #167-D: argument of type "unsigned char *" is incompatible with parameter of type "char *restrict"
..\src\tim.c(249): warning:  #167-D: argument of type "unsigned char *" is incompatible with parameter of type "char *restrict"
..\src\tim.c(252): warning:  #167-D: argument of type "unsigned char *" is incompatible with parameter of type "char *restrict"
..\src\tim.c(255): warning:  #167-D: argument of type "unsigned char *" is incompatible with parameter of type "char *restrict"
..\src\tim.c(258): warning:  #167-D: argument of type "unsigned char *" is incompatible with parameter of type "char *restrict"
..\src\tim.c(261): warning:  #167-D: argument of type "unsigned char *" is incompatible with parameter of type "char *restrict"
..\src\tim.c(264): warning:  #167-D: argument of type "unsigned char *" is incompatible with parameter of type "char *restrict"
..\src\tim.c(331): warning:  #223-D: function "M2Sh" declared implicitly
..\src\tim.c(157): warning:  #177-D: variable "i" was declared but never referenced
..\src\tim.c(370): warning:  #177-D: variable "i" was declared but never referenced
..\src\tim.c(734): warning:  #177-D: variable "TimerPeriod" was declared but never referenced
..\src\tim.c(739): warning:  #177-D: variable "NVIC_InitStructure" was declared but never referenced
..\src\tim.c(866): warning:  #223-D: function "SDMMC_Write" declared implicitly
..\src\tim.c(921): warning:  #167-D: argument of type "char *" is incompatible with parameter of type "u8 *"
..\src\tim.c(933): warning:  #167-D: argument of type "char *" is incompatible with parameter of type "u8 *"
..\src\tim.c(937): warning:  #167-D: argument of type "char *" is incompatible with parameter of type "u8 *"
..\src\tim.c(977): warning:  #1-D: last line of file ends without a newline
linking...
Program Size: Code=58192 RO-data=11592 RW-data=1076 ZI-data=4580  
FromELF: creating hex file...
".\OBJ\Security_Alarm_System.axf" - 0 Error(s), 22 Warning(s).
Load "I:\\Wireless Detectors\\Security Alarm System\\1\\MDK_ARM\\OBJ\\Security_Alarm_System.AXF" 
* JLink Info: Device "STM32F407ZG" selected (1024 KB flash, 128 KB RAM).
Set JLink Project File to "I:\Wireless Detectors\Security Alarm System\1\MDK_ARM\JLinkSettings.ini"
 
JLink info:
------------
DLL: V4.40c, compiled Jan 24 2012 09:30:33
Firmware: J-Link ARM V8 compiled Nov 14 2012 22:34:52
Hardware: V8.00
S/N : 270676280 
Feature(s) : RDI,FlashDL,FlashBP,JFlash,GDBFULL 
 
* JLink Info: Found SWD-DP with ID 0x2BA01477
* JLink Info: TPIU fitted.
* JLink Info: ETM fitted.
* JLink Info:   FPUnit: 6 code (BP) slots and 2 literal slots
* JLink Info: Found Cortex-M4 r0p1, Little endian.
ROMTableAddr = 0xE00FF003
* JLink Info: Found SWD-DP with ID 0x2BA01477
* JLink Info: TPIU fitted.
* JLink Info: ETM fitted.
* JLink Info:   FPUnit: 6 code (BP) slots and 2 literal slots
* JLink Info: Found Cortex-M4 r0p1, Little endian.
 
Target info:
------------
Device: STM32F407ZG
VTarget = 3.325V
State of Pins: 
TCK: 0, TDI: 1, TDO: 0, TMS: 1, TRES: 1, TRST: 0
Hardware-Breakpoints: 6
Software-Breakpoints: 8192
Watchpoints:          4
JTAG speed: 2000 kHz
 
Erase Done.
Programming Done.
Verify OK.
* JLink Info: Found SWD-DP with ID 0x2BA01477
* JLink Info: TPIU fitted.
* JLink Info: ETM fitted.
* JLink Info:   FPUnit: 6 code (BP) slots and 2 literal slots
* JLink Info: Found Cortex-M4 r0p1, Little endian.
Application running ...
Build target 'Target 1'
compiling tim.c...
..\src\tim.c(167): warning:  #167-D: argument of type "unsigned char *" is incompatible with parameter of type "char *restrict"
..\src\tim.c(170): warning:  #167-D: argument of type "unsigned char *" is incompatible with parameter of type "char *restrict"
..\src\tim.c(173): warning:  #167-D: argument of type "unsigned char *" is incompatible with parameter of type "char *restrict"
..\src\tim.c(237): warning:  #167-D: argument of type "unsigned char *" is incompatible with parameter of type "char *restrict"
..\src\tim.c(240): warning:  #167-D: argument of type "unsigned char *" is incompatible with parameter of type "char *restrict"
..\src\tim.c(246): warning:  #167-D: argument of type "unsigned char *" is incompatible with parameter of type "char *restrict"
..\src\tim.c(249): warning:  #167-D: argument of type "unsigned char *" is incompatible with parameter of type "char *restrict"
..\src\tim.c(252): warning:  #167-D: argument of type "unsigned char *" is incompatible with parameter of type "char *restrict"
..\src\tim.c(255): warning:  #167-D: argument of type "unsigned char *" is incompatible with parameter of type "char *restrict"
..\src\tim.c(258): warning:  #167-D: argument of type "unsigned char *" is incompatible with parameter of type "char *restrict"
..\src\tim.c(261): warning:  #167-D: argument of type "unsigned char *" is incompatible with parameter of type "char *restrict"
..\src\tim.c(264): warning:  #167-D: argument of type "unsigned char *" is incompatible with parameter of type "char *restrict"
..\src\tim.c(331): warning:  #223-D: function "M2Sh" declared implicitly
..\src\tim.c(157): warning:  #177-D: variable "i" was declared but never referenced
..\src\tim.c(370): warning:  #177-D: variable "i" was declared but never referenced
..\src\tim.c(734): warning:  #177-D: variable "TimerPeriod" was declared but never referenced
..\src\tim.c(739): warning:  #177-D: variable "NVIC_InitStructure" was declared but never referenced
..\src\tim.c(866): warning:  #223-D: function "SDMMC_Write" declared implicitly
..\src\tim.c(921): warning:  #167-D: argument of type "char *" is incompatible with parameter of type "u8 *"
..\src\tim.c(933): warning:  #167-D: argument of type "char *" is incompatible with parameter of type "u8 *"
..\src\tim.c(937): warning:  #167-D: argument of type "char *" is incompatible with parameter of type "u8 *"
..\src\tim.c(977): warning:  #1-D: last line of file ends without a newline
linking...
Program Size: Code=58192 RO-data=11592 RW-data=1076 ZI-data=4580  
FromELF: creating hex file...
".\OBJ\Security_Alarm_System.axf" - 0 Error(s), 22 Warning(s).
Build target 'Target 1'
compiling main.c...
..\inc\Date_Convert.h(53): warning:  #550-D: variable "j_np" was set but never used
..\src\main.c(75): warning:  #167-D: argument of type "unsigned char *" is incompatible with parameter of type "char *restrict"
..\src\main.c(83): warning:  #177-D: variable "i" was declared but never referenced
..\src\main.c(84): warning:  #177-D: variable "txt" was declared but never referenced
..\src\main.c(85): warning:  #177-D: variable "txt2" was declared but never referenced
..\src\main.c(87): warning:  #177-D: variable "Dac_out" was declared but never referenced
..\src\main.c(88): warning:  #177-D: variable "ColorTable" was declared but never referenced
..\src\main.c(344): warning:  #167-D: argument of type "unsigned char *" is incompatible with parameter of type "char *restrict"
..\src\main.c(347): warning:  #167-D: argument of type "unsigned char *" is incompatible with parameter of type "char *restrict"
compiling lcd.c...
..\inc\font.h(544): warning:  #1-D: last line of file ends without a newline
..\src\lcd.c(1477): warning:  #550-D: variable "font_pixel" was set but never used
compiling adc.c...
compiling dac.c...
compiling dialler.c...
..\src\dialler.c(184): warning:  #167-D: argument of type "unsigned char *" is incompatible with parameter of type "char *restrict"
..\src\dialler.c(325): warning:  #177-D: variable "TimerPeriod" was declared but never referenced
..\src\dialler.c(414): warning:  #177-D: variable "TimerPeriod" was declared but never referenced
..\src\dialler.c(488): warning:  #167-D: argument of type "unsigned char *" is incompatible with parameter of type "char *restrict"
..\src\dialler.c(511): warning:  #167-D: argument of type "unsigned char *" is incompatible with parameter of type "char *restrict"
compiling exti.c...
compiling gpio.c...
compiling hs1527.c...
compiling rtc.c...
compiling sd_bmp.c...
..\src\sd_bmp.c(235): warning:  #940-D: missing return statement at end of non-void function "Bmp_Show"
..\src\sd_bmp.c(126): warning:  #177-D: variable "Code" was declared but never referenced
compiling sim800.c...
..\src\sim800.c(154): warning:  #177-D: variable "Buffer" was declared but never referenced
..\src\sim800.c(395): warning:  #167-D: argument of type "unsigned char *" is incompatible with parameter of type "char *restrict"
..\src\sim800.c(396): warning:  #167-D: argument of type "unsigned char *" is incompatible with parameter of type "char *restrict"
..\src\sim800.c(396): warning:  #167-D: argument of type "unsigned char *" is incompatible with parameter of type "const char *restrict"
..\src\sim800.c(397): warning:  #167-D: argument of type "unsigned char *" is incompatible with parameter of type "char *restrict"
..\src\sim800.c(414): warning:  #167-D: argument of type "unsigned char *" is incompatible with parameter of type "char *restrict"
..\src\sim800.c(431): warning:  #167-D: argument of type "unsigned char *" is incompatible with parameter of type "char *restrict"
..\src\sim800.c(432): warning:  #167-D: argument of type "unsigned char *" is incompatible with parameter of type "char *restrict"
..\src\sim800.c(433): warning:  #167-D: argument of type "unsigned char *" is incompatible with parameter of type "char *restrict"
..\src\sim800.c(502): warning:  #192-D: unrecognized character escape sequence
..\src\sim800.c(551): warning:  #167-D: argument of type "unsigned char *" is incompatible with parameter of type "const char *"
..\src\sim800.c(551): warning:  #167-D: argument of type "unsigned char *" is incompatible with parameter of type "const char *"
..\src\sim800.c(562): warning:  #167-D: argument of type "unsigned char *" is incompatible with parameter of type "const char *"
..\src\sim800.c(562): warning:  #167-D: argument of type "unsigned char *" is incompatible with parameter of type "const char *"
..\src\sim800.c(574): warning:  #167-D: argument of type "unsigned char *" is incompatible with parameter of type "const char *"
..\src\sim800.c(574): warning:  #167-D: argument of type "unsigned char *" is incompatible with parameter of type "const char *"
..\src\sim800.c(663): warning:  #167-D: argument of type "unsigned char *" is incompatible with parameter of type "const char *"
..\src\sim800.c(672): warning:  #167-D: argument of type "unsigned char *" is incompatible with parameter of type "const char *"
..\src\sim800.c(684): warning:  #167-D: argument of type "unsigned char *" is incompatible with parameter of type "const char *"
compiling tim.c...
..\src\tim.c(167): warning:  #167-D: argument of type "unsigned char *" is incompatible with parameter of type "char *restrict"
..\src\tim.c(170): warning:  #167-D: argument of type "unsigned char *" is incompatible with parameter of type "char *restrict"
..\src\tim.c(173): warning:  #167-D: argument of type "unsigned char *" is incompatible with parameter of type "char *restrict"
..\src\tim.c(237): warning:  #167-D: argument of type "unsigned char *" is incompatible with parameter of type "char *restrict"
..\src\tim.c(240): warning:  #167-D: argument of type "unsigned char *" is incompatible with parameter of type "char *restrict"
..\src\tim.c(246): warning:  #167-D: argument of type "unsigned char *" is incompatible with parameter of type "char *restrict"
..\src\tim.c(249): warning:  #167-D: argument of type "unsigned char *" is incompatible with parameter of type "char *restrict"
..\src\tim.c(252): warning:  #167-D: argument of type "unsigned char *" is incompatible with parameter of type "char *restrict"
..\src\tim.c(255): warning:  #167-D: argument of type "unsigned char *" is incompatible with parameter of type "char *restrict"
..\src\tim.c(258): warning:  #167-D: argument of type "unsigned char *" is incompatible with parameter of type "char *restrict"
..\src\tim.c(261): warning:  #167-D: argument of type "unsigned char *" is incompatible with parameter of type "char *restrict"
..\src\tim.c(264): warning:  #167-D: argument of type "unsigned char *" is incompatible with parameter of type "char *restrict"
..\src\tim.c(331): warning:  #223-D: function "M2Sh" declared implicitly
..\src\tim.c(157): warning:  #177-D: variable "i" was declared but never referenced
..\src\tim.c(370): warning:  #177-D: variable "i" was declared but never referenced
..\src\tim.c(734): warning:  #177-D: variable "TimerPeriod" was declared but never referenced
..\src\tim.c(739): warning:  #177-D: variable "NVIC_InitStructure" was declared but never referenced
..\src\tim.c(866): warning:  #223-D: function "SDMMC_Write" declared implicitly
..\src\tim.c(921): warning:  #167-D: argument of type "char *" is incompatible with parameter of type "u8 *"
..\src\tim.c(933): warning:  #167-D: argument of type "char *" is incompatible with parameter of type "u8 *"
..\src\tim.c(937): warning:  #167-D: argument of type "char *" is incompatible with parameter of type "u8 *"
..\src\tim.c(977): warning:  #1-D: last line of file ends without a newline
linking...
Program Size: Code=58224 RO-data=11592 RW-data=1076 ZI-data=4580  
FromELF: creating hex file...
".\OBJ\Security_Alarm_System.axf" - 0 Error(s), 59 Warning(s).
Build target 'Target 1'
compiling dialler.c...
..\src\dialler.c(181): warning:  #167-D: argument of type "unsigned char *" is incompatible with parameter of type "char *restrict"
..\src\dialler.c(321): warning:  #177-D: variable "TimerPeriod" was declared but never referenced
..\src\dialler.c(410): warning:  #177-D: variable "TimerPeriod" was declared but never referenced
..\src\dialler.c(484): warning:  #167-D: argument of type "unsigned char *" is incompatible with parameter of type "char *restrict"
..\src\dialler.c(507): warning:  #167-D: argument of type "unsigned char *" is incompatible with parameter of type "char *restrict"
compiling tim.c...
..\src\tim.c(168): warning:  #167-D: argument of type "unsigned char *" is incompatible with parameter of type "char *restrict"
..\src\tim.c(171): warning:  #167-D: argument of type "unsigned char *" is incompatible with parameter of type "char *restrict"
..\src\tim.c(174): warning:  #167-D: argument of type "unsigned char *" is incompatible with parameter of type "char *restrict"
..\src\tim.c(238): warning:  #167-D: argument of type "unsigned char *" is incompatible with parameter of type "char *restrict"
..\src\tim.c(241): warning:  #167-D: argument of type "unsigned char *" is incompatible with parameter of type "char *restrict"
..\src\tim.c(247): warning:  #167-D: argument of type "unsigned char *" is incompatible with parameter of type "char *restrict"
..\src\tim.c(250): warning:  #167-D: argument of type "unsigned char *" is incompatible with parameter of type "char *restrict"
..\src\tim.c(253): warning:  #167-D: argument of type "unsigned char *" is incompatible with parameter of type "char *restrict"
..\src\tim.c(256): warning:  #167-D: argument of type "unsigned char *" is incompatible with parameter of type "char *restrict"
..\src\tim.c(259): warning:  #167-D: argument of type "unsigned char *" is incompatible with parameter of type "char *restrict"
..\src\tim.c(262): warning:  #167-D: argument of type "unsigned char *" is incompatible with parameter of type "char *restrict"
..\src\tim.c(265): warning:  #167-D: argument of type "unsigned char *" is incompatible with parameter of type "char *restrict"
..\src\tim.c(332): warning:  #223-D: function "M2Sh" declared implicitly
..\src\tim.c(158): warning:  #177-D: variable "i" was declared but never referenced
..\src\tim.c(398): warning:  #177-D: variable "i" was declared but never referenced
..\src\tim.c(762): warning:  #177-D: variable "TimerPeriod" was declared but never referenced
..\src\tim.c(767): warning:  #177-D: variable "NVIC_InitStructure" was declared but never referenced
..\src\tim.c(894): warning:  #223-D: function "SDMMC_Write" declared implicitly
..\src\tim.c(949): warning:  #167-D: argument of type "char *" is incompatible with parameter of type "u8 *"
..\src\tim.c(961): warning:  #167-D: argument of type "char *" is incompatible with parameter of type "u8 *"
..\src\tim.c(965): warning:  #167-D: argument of type "char *" is incompatible with parameter of type "u8 *"
..\src\tim.c(1005): warning:  #1-D: last line of file ends without a newline
linking...
Program Size: Code=58324 RO-data=11592 RW-data=1088 ZI-data=4576  
FromELF: creating hex file...
".\OBJ\Security_Alarm_System.axf" - 0 Error(s), 27 Warning(s).
Build target 'Target 1'
compiling main.c...
..\inc\Date_Convert.h(53): warning:  #550-D: variable "j_np" was set but never used
..\src\main.c(75): warning:  #167-D: argument of type "unsigned char *" is incompatible with parameter of type "char *restrict"
..\src\main.c(83): warning:  #177-D: variable "i" was declared but never referenced
..\src\main.c(84): warning:  #177-D: variable "txt" was declared but never referenced
..\src\main.c(85): warning:  #177-D: variable "txt2" was declared but never referenced
..\src\main.c(87): warning:  #177-D: variable "Dac_out" was declared but never referenced
..\src\main.c(88): warning:  #177-D: variable "ColorTable" was declared but never referenced
..\src\main.c(344): warning:  #167-D: argument of type "unsigned char *" is incompatible with parameter of type "char *restrict"
..\src\main.c(347): warning:  #167-D: argument of type "unsigned char *" is incompatible with parameter of type "char *restrict"
linking...
Program Size: Code=58312 RO-data=11592 RW-data=1088 ZI-data=4576  
FromELF: creating hex file...
".\OBJ\Security_Alarm_System.axf" - 0 Error(s), 9 Warning(s).
Build target 'Target 1'
linking...
Program Size: Code=58312 RO-data=11592 RW-data=1088 ZI-data=4576  
FromELF: creating hex file...
".\OBJ\Security_Alarm_System.axf" - 0 Error(s), 0 Warning(s).
Load "I:\\Wireless Detectors\\Security Alarm System\\1\\MDK_ARM\\OBJ\\Security_Alarm_System.AXF" 
* JLink Info: Device "STM32F407ZG" selected (1024 KB flash, 128 KB RAM).
Set JLink Project File to "I:\Wireless Detectors\Security Alarm System\1\MDK_ARM\JLinkSettings.ini"
 
JLink info:
------------
DLL: V4.40c, compiled Jan 24 2012 09:30:33
Firmware: J-Link ARM V8 compiled Nov 14 2012 22:34:52
Hardware: V8.00
S/N : 270676280 
Feature(s) : RDI,FlashDL,FlashBP,JFlash,GDBFULL 
 
* JLink Info: Found SWD-DP with ID 0x2BA01477
* JLink Info: TPIU fitted.
* JLink Info: ETM fitted.
* JLink Info:   FPUnit: 6 code (BP) slots and 2 literal slots
* JLink Info: Found Cortex-M4 r0p1, Little endian.
ROMTableAddr = 0xE00FF003
* JLink Info: Found SWD-DP with ID 0x2BA01477
* JLink Info: TPIU fitted.
* JLink Info: ETM fitted.
* JLink Info:   FPUnit: 6 code (BP) slots and 2 literal slots
* JLink Info: Found Cortex-M4 r0p1, Little endian.
 
Target info:
------------
Device: STM32F407ZG
VTarget = 3.325V
State of Pins: 
TCK: 0, TDI: 1, TDO: 0, TMS: 1, TRES: 1, TRST: 0
Hardware-Breakpoints: 6
Software-Breakpoints: 8192
Watchpoints:          4
JTAG speed: 2000 kHz
 
Erase Done.
Programming Done.
Verify OK.
* JLink Info: Found SWD-DP with ID 0x2BA01477
* JLink Info: TPIU fitted.
* JLink Info: ETM fitted.
* JLink Info:   FPUnit: 6 code (BP) slots and 2 literal slots
* JLink Info: Found Cortex-M4 r0p1, Little endian.
Application running ...
Build target 'Target 1'
compiling main.c...
..\inc\Date_Convert.h(53): warning:  #550-D: variable "j_np" was set but never used
..\src\main.c(75): warning:  #167-D: argument of type "unsigned char *" is incompatible with parameter of type "char *restrict"
..\src\main.c(83): warning:  #177-D: variable "i" was declared but never referenced
..\src\main.c(84): warning:  #177-D: variable "txt" was declared but never referenced
..\src\main.c(85): warning:  #177-D: variable "txt2" was declared but never referenced
..\src\main.c(87): warning:  #177-D: variable "Dac_out" was declared but never referenced
..\src\main.c(88): warning:  #177-D: variable "ColorTable" was declared but never referenced
..\src\main.c(344): warning:  #167-D: argument of type "unsigned char *" is incompatible with parameter of type "char *restrict"
..\src\main.c(347): warning:  #167-D: argument of type "unsigned char *" is incompatible with parameter of type "char *restrict"
linking...
Program Size: Code=58308 RO-data=11592 RW-data=1088 ZI-data=4576  
FromELF: creating hex file...
".\OBJ\Security_Alarm_System.axf" - 0 Error(s), 9 Warning(s).
Load "I:\\Wireless Detectors\\Security Alarm System\\1\\MDK_ARM\\OBJ\\Security_Alarm_System.AXF" 
* JLink Info: Device "STM32F407ZG" selected (1024 KB flash, 128 KB RAM).
Set JLink Project File to "I:\Wireless Detectors\Security Alarm System\1\MDK_ARM\JLinkSettings.ini"
 
JLink info:
------------
DLL: V4.40c, compiled Jan 24 2012 09:30:33
Firmware: J-Link ARM V8 compiled Nov 14 2012 22:34:52
Hardware: V8.00
S/N : 270676280 
Feature(s) : RDI,FlashDL,FlashBP,JFlash,GDBFULL 
 
* JLink Info: Found SWD-DP with ID 0x2BA01477
* JLink Info: TPIU fitted.
* JLink Info: ETM fitted.
* JLink Info:   FPUnit: 6 code (BP) slots and 2 literal slots
* JLink Info: Found Cortex-M4 r0p1, Little endian.
ROMTableAddr = 0xE00FF003
* JLink Info: Found SWD-DP with ID 0x2BA01477
* JLink Info: TPIU fitted.
* JLink Info: ETM fitted.
* JLink Info:   FPUnit: 6 code (BP) slots and 2 literal slots
* JLink Info: Found Cortex-M4 r0p1, Little endian.
 
Target info:
------------
Device: STM32F407ZG
VTarget = 3.325V
State of Pins: 
TCK: 0, TDI: 1, TDO: 0, TMS: 1, TRES: 1, TRST: 0
Hardware-Breakpoints: 6
Software-Breakpoints: 8192
Watchpoints:          4
JTAG speed: 2000 kHz
 
Erase Done.
Programming Done.
Verify OK.
* JLink Info: Found SWD-DP with ID 0x2BA01477
* JLink Info: TPIU fitted.
* JLink Info: ETM fitted.
* JLink Info:   FPUnit: 6 code (BP) slots and 2 literal slots
* JLink Info: Found Cortex-M4 r0p1, Little endian.
Application running ...
Build target 'Target 1'
compiling main.c...
..\inc\Date_Convert.h(53): warning:  #550-D: variable "j_np" was set but never used
..\src\main.c(75): warning:  #167-D: argument of type "unsigned char *" is incompatible with parameter of type "char *restrict"
..\src\main.c(83): warning:  #177-D: variable "i" was declared but never referenced
..\src\main.c(84): warning:  #177-D: variable "txt" was declared but never referenced
..\src\main.c(85): warning:  #177-D: variable "txt2" was declared but never referenced
..\src\main.c(87): warning:  #177-D: variable "Dac_out" was declared but never referenced
..\src\main.c(88): warning:  #177-D: variable "ColorTable" was declared but never referenced
..\src\main.c(345): warning:  #167-D: argument of type "unsigned char *" is incompatible with parameter of type "char *restrict"
..\src\main.c(348): warning:  #167-D: argument of type "unsigned char *" is incompatible with parameter of type "char *restrict"
compiling dialler.c...
..\src\dialler.c(181): warning:  #167-D: argument of type "unsigned char *" is incompatible with parameter of type "char *restrict"
..\src\dialler.c(321): warning:  #177-D: variable "TimerPeriod" was declared but never referenced
..\src\dialler.c(410): warning:  #177-D: variable "TimerPeriod" was declared but never referenced
..\src\dialler.c(484): warning:  #167-D: argument of type "unsigned char *" is incompatible with parameter of type "char *restrict"
..\src\dialler.c(507): warning:  #167-D: argument of type "unsigned char *" is incompatible with parameter of type "char *restrict"
compiling tim.c...
..\src\tim.c(168): warning:  #167-D: argument of type "unsigned char *" is incompatible with parameter of type "char *restrict"
..\src\tim.c(171): warning:  #167-D: argument of type "unsigned char *" is incompatible with parameter of type "char *restrict"
..\src\tim.c(174): warning:  #167-D: argument of type "unsigned char *" is incompatible with parameter of type "char *restrict"
..\src\tim.c(238): warning:  #167-D: argument of type "unsigned char *" is incompatible with parameter of type "char *restrict"
..\src\tim.c(241): warning:  #167-D: argument of type "unsigned char *" is incompatible with parameter of type "char *restrict"
..\src\tim.c(247): warning:  #167-D: argument of type "unsigned char *" is incompatible with parameter of type "char *restrict"
..\src\tim.c(250): warning:  #167-D: argument of type "unsigned char *" is incompatible with parameter of type "char *restrict"
..\src\tim.c(253): warning:  #167-D: argument of type "unsigned char *" is incompatible with parameter of type "char *restrict"
..\src\tim.c(256): warning:  #167-D: argument of type "unsigned char *" is incompatible with parameter of type "char *restrict"
..\src\tim.c(259): warning:  #167-D: argument of type "unsigned char *" is incompatible with parameter of type "char *restrict"
..\src\tim.c(262): warning:  #167-D: argument of type "unsigned char *" is incompatible with parameter of type "char *restrict"
..\src\tim.c(265): warning:  #167-D: argument of type "unsigned char *" is incompatible with parameter of type "char *restrict"
..\src\tim.c(332): warning:  #223-D: function "M2Sh" declared implicitly
..\src\tim.c(158): warning:  #177-D: variable "i" was declared but never referenced
..\src\tim.c(400): warning:  #177-D: variable "i" was declared but never referenced
..\src\tim.c(764): warning:  #177-D: variable "TimerPeriod" was declared but never referenced
..\src\tim.c(769): warning:  #177-D: variable "NVIC_InitStructure" was declared but never referenced
..\src\tim.c(896): warning:  #223-D: function "SDMMC_Write" declared implicitly
..\src\tim.c(951): warning:  #167-D: argument of type "char *" is incompatible with parameter of type "u8 *"
..\src\tim.c(963): warning:  #167-D: argument of type "char *" is incompatible with parameter of type "u8 *"
..\src\tim.c(967): warning:  #167-D: argument of type "char *" is incompatible with parameter of type "u8 *"
..\src\tim.c(1007): warning:  #1-D: last line of file ends without a newline
linking...
Program Size: Code=58324 RO-data=11592 RW-data=1088 ZI-data=4576  
FromELF: creating hex file...
".\OBJ\Security_Alarm_System.axf" - 0 Error(s), 36 Warning(s).
Load "I:\\Wireless Detectors\\Security Alarm System\\1\\MDK_ARM\\OBJ\\Security_Alarm_System.AXF" 
* JLink Info: Device "STM32F407ZG" selected (1024 KB flash, 128 KB RAM).
Set JLink Project File to "I:\Wireless Detectors\Security Alarm System\1\MDK_ARM\JLinkSettings.ini"
 
JLink info:
------------
DLL: V4.40c, compiled Jan 24 2012 09:30:33
Firmware: J-Link ARM V8 compiled Nov 14 2012 22:34:52
Hardware: V8.00
S/N : 270676280 
Feature(s) : RDI,FlashDL,FlashBP,JFlash,GDBFULL 
 
* JLink Info: Found SWD-DP with ID 0x2BA01477
* JLink Info: TPIU fitted.
* JLink Info: ETM fitted.
* JLink Info:   FPUnit: 6 code (BP) slots and 2 literal slots
* JLink Info: Found Cortex-M4 r0p1, Little endian.
ROMTableAddr = 0xE00FF003
* JLink Info: Found SWD-DP with ID 0x2BA01477
* JLink Info: TPIU fitted.
* JLink Info: ETM fitted.
* JLink Info:   FPUnit: 6 code (BP) slots and 2 literal slots
* JLink Info: Found Cortex-M4 r0p1, Little endian.
 
Target info:
------------
Device: STM32F407ZG
VTarget = 3.325V
State of Pins: 
TCK: 0, TDI: 1, TDO: 0, TMS: 1, TRES: 1, TRST: 0
Hardware-Breakpoints: 6
Software-Breakpoints: 8192
Watchpoints:          4
JTAG speed: 2000 kHz
 
Erase Done.
Programming Done.
Verify OK.
* JLink Info: Found SWD-DP with ID 0x2BA01477
* JLink Info: TPIU fitted.
* JLink Info: ETM fitted.
* JLink Info:   FPUnit: 6 code (BP) slots and 2 literal slots
* JLink Info: Found Cortex-M4 r0p1, Little endian.
Application running ...
Build target 'Target 1'
compiling dialler.c...
..\src\dialler.c(181): warning:  #167-D: argument of type "unsigned char *" is incompatible with parameter of type "char *restrict"
..\src\dialler.c(321): warning:  #177-D: variable "TimerPeriod" was declared but never referenced
..\src\dialler.c(410): warning:  #177-D: variable "TimerPeriod" was declared but never referenced
..\src\dialler.c(484): warning:  #167-D: argument of type "unsigned char *" is incompatible with parameter of type "char *restrict"
..\src\dialler.c(507): warning:  #167-D: argument of type "unsigned char *" is incompatible with parameter of type "char *restrict"
linking...
Program Size: Code=58340 RO-data=11592 RW-data=1088 ZI-data=4576  
FromELF: creating hex file...
".\OBJ\Security_Alarm_System.axf" - 0 Error(s), 5 Warning(s).
Load "I:\\Wireless Detectors\\Security Alarm System\\1\\MDK_ARM\\OBJ\\Security_Alarm_System.AXF" 
* JLink Info: Device "STM32F407ZG" selected (1024 KB flash, 128 KB RAM).
Set JLink Project File to "I:\Wireless Detectors\Security Alarm System\1\MDK_ARM\JLinkSettings.ini"
 
JLink info:
------------
DLL: V4.40c, compiled Jan 24 2012 09:30:33
Firmware: J-Link ARM V8 compiled Nov 14 2012 22:34:52
Hardware: V8.00
S/N : 270676280 
Feature(s) : RDI,FlashDL,FlashBP,JFlash,GDBFULL 
 
* JLink Info: Found SWD-DP with ID 0x2BA01477
* JLink Info: TPIU fitted.
* JLink Info: ETM fitted.
* JLink Info:   FPUnit: 6 code (BP) slots and 2 literal slots
* JLink Info: Found Cortex-M4 r0p1, Little endian.
ROMTableAddr = 0xE00FF003
* JLink Info: Found SWD-DP with ID 0x2BA01477
* JLink Info: TPIU fitted.
* JLink Info: ETM fitted.
* JLink Info:   FPUnit: 6 code (BP) slots and 2 literal slots
* JLink Info: Found Cortex-M4 r0p1, Little endian.
 
Target info:
------------
Device: STM32F407ZG
VTarget = 3.325V
State of Pins: 
TCK: 0, TDI: 1, TDO: 0, TMS: 1, TRES: 1, TRST: 0
Hardware-Breakpoints: 6
Software-Breakpoints: 8192
Watchpoints:          4
JTAG speed: 2000 kHz
 
Erase Done.
Programming Done.
Verify OK.
* JLink Info: Found SWD-DP with ID 0x2BA01477
* JLink Info: TPIU fitted.
* JLink Info: ETM fitted.
* JLink Info:   FPUnit: 6 code (BP) slots and 2 literal slots
* JLink Info: Found Cortex-M4 r0p1, Little endian.
Application running ...
